Component: ARM Compiler 5.06 update 6 (build 750) Tool: armlink [4d35ed]

==============================================================================

Section Cross References

    startup_stm32f103xe.o(STACK) refers (Special) to heapauxi.o(.text) for __use_two_region_memory
    startup_stm32f103xe.o(HEAP) refers (Special) to heapauxi.o(.text) for __use_two_region_memory
    startup_stm32f103xe.o(RESET) refers (Special) to heapauxi.o(.text) for __use_two_region_memory
    startup_stm32f103xe.o(RESET) refers to startup_stm32f103xe.o(STACK) for __initial_sp
    startup_stm32f103xe.o(RESET) refers to startup_stm32f103xe.o(.text) for Reset_Handler
    startup_stm32f103xe.o(RESET) refers to stm32f1xx_it.o(i.NMI_Handler) for NMI_Handler
    startup_stm32f103xe.o(RESET) refers to context_rvds.o(.text) for HardFault_Handler
    startup_stm32f103xe.o(RESET) refers to stm32f1xx_it.o(i.MemManage_Handler) for MemManage_Handler
    startup_stm32f103xe.o(RESET) refers to stm32f1xx_it.o(i.BusFault_Handler) for BusFault_Handler
    startup_stm32f103xe.o(RESET) refers to stm32f1xx_it.o(i.UsageFault_Handler) for UsageFault_Handler
    startup_stm32f103xe.o(RESET) refers to stm32f1xx_it.o(i.DebugMon_Handler) for DebugMon_Handler
    startup_stm32f103xe.o(RESET) refers to board.o(i.SysTick_Handler) for SysTick_Handler
    startup_stm32f103xe.o(.text) refers (Special) to heapauxi.o(.text) for __use_two_region_memory
    startup_stm32f103xe.o(.text) refers to system_stm32f1xx.o(i.SystemInit) for SystemInit
    startup_stm32f103xe.o(.text) refers to __main.o(!!!main) for __main
    startup_stm32f103xe.o(.text) refers to startup_stm32f103xe.o(HEAP) for Heap_Mem
    startup_stm32f103xe.o(.text) refers to startup_stm32f103xe.o(STACK) for Stack_Mem
    button.o(i.Add_Button) refers to button.o(.data) for Head_Button
    button.o(i.Button_Create) refers to rt_memclr_w.o(.text) for __aeabi_memclr4
    button.o(i.Button_Create) refers to button.o(i.StrnCopy) for StrnCopy
    button.o(i.Button_Create) refers to button.o(i.Add_Button) for Add_Button
    button.o(i.Button_Delete) refers to button.o(.data) for Head_Button
    button.o(i.Button_Process) refers to button.o(i.Button_Cycle_Process) for Button_Cycle_Process
    button.o(i.Button_Process) refers to button.o(.data) for Head_Button
    button.o(i.Button_init) refers to thread.o(i.rt_thread_init) for rt_thread_init
    button.o(i.Button_init) refers to thread.o(i.rt_thread_startup) for rt_thread_startup
    button.o(i.Button_init) refers to button.o(.bss) for button_stack
    button.o(i.Button_init) refers to button.o(i.button_entry) for button_entry
    button.o(i.Search_Button) refers to button.o(.data) for Head_Button
    button.o(i.button_entry) refers to button.o(i.Button_Create) for Button_Create
    button.o(i.button_entry) refers to button.o(i.Button_Attach) for Button_Attach
    button.o(i.button_entry) refers to button.o(i.Button_Process) for Button_Process
    button.o(i.button_entry) refers to thread.o(i.rt_thread_mdelay) for rt_thread_mdelay
    button.o(i.button_entry) refers to button.o(i.key_up_read_level) for key_up_read_level
    button.o(i.button_entry) refers to button.o(.bss) for key_up
    button.o(i.button_entry) refers to button.o(i.key_up_down_callback) for key_up_down_callback
    button.o(i.button_entry) refers to button.o(i.key_down_read_level) for key_down_read_level
    button.o(i.button_entry) refers to button.o(i.key_down_down_callback) for key_down_down_callback
    button.o(i.button_entry) refers to button.o(i.key_ok_read_level) for key_ok_read_level
    button.o(i.button_entry) refers to button.o(i.key_ok_down_callback) for key_ok_down_callback
    button.o(i.button_entry) refers to button.o(i.key_back_level) for key_back_level
    button.o(i.button_entry) refers to button.o(i.key_back_down_callback) for key_back_down_callback
    button.o(i.button_entry) refers to button.o(i.key_manual_read_level) for key_manual_read_level
    button.o(i.button_entry) refers to button.o(i.key_manual_down_callback) for key_manual_down_callback
    button.o(i.key_back_down_callback) refers to beep.o(i.beep_send) for beep_send
    button.o(i.key_back_down_callback) refers to screen.o(i.screen_main_page_switch) for screen_main_page_switch
    button.o(i.key_back_down_callback) refers to screen.o(.data) for screen_data
    button.o(i.key_back_level) refers to stm32f1xx_hal_gpio.o(i.HAL_GPIO_ReadPin) for HAL_GPIO_ReadPin
    button.o(i.key_down_down_callback) refers to beep.o(i.beep_send) for beep_send
    button.o(i.key_down_read_level) refers to stm32f1xx_hal_gpio.o(i.HAL_GPIO_ReadPin) for HAL_GPIO_ReadPin
    button.o(i.key_manual_down_callback) refers to beep.o(i.beep_send) for beep_send
    button.o(i.key_manual_read_level) refers to stm32f1xx_hal_gpio.o(i.HAL_GPIO_ReadPin) for HAL_GPIO_ReadPin
    button.o(i.key_ok_down_callback) refers to beep.o(i.beep_send) for beep_send
[...]
    i.NMI_Handler                            0x080012c4   Section        0  stm32f1xx_it.o(i.NMI_Handler)
    i.RCC_Delay                              0x080012c8   Section        0  stm32f1xx_hal_rcc.o(i.RCC_Delay)
    RCC_Delay                                0x080012c9   Thumb Code    36  stm32f1xx_hal_rcc.o(i.RCC_Delay)
    i.StrnCopy                               0x080012f0   Section        0  button.o(i.StrnCopy)
    StrnCopy                                 0x080012f1   Thumb Code    52  button.o(i.StrnCopy)
    i.SysTick_Handler                        0x08001324   Section        0  board.o(i.SysTick_Handler)
    i.SystemClock_Config                     0x08001334   Section        0  main.o(i.SystemClock_Config)
    i.SystemCoreClockUpdate                  0x0800138c   Section        0  system_stm32f1xx.o(i.SystemCoreClockUpdate)
    i.SystemInit                             0x08001430   Section        0  system_stm32f1xx.o(i.SystemInit)
    i.UsageFault_Handler                     0x08001432   Section        0  stm32f1xx_it.o(i.UsageFault_Handler)
    i.__NVIC_GetPriorityGrouping             0x08001438   Section        0  stm32f1xx_hal_cortex.o(i.__NVIC_GetPriorityGrouping)
    __NVIC_GetPriorityGrouping               0x08001439   Thumb Code    10  stm32f1xx_hal_cortex.o(i.__NVIC_GetPriorityGrouping)
    i.__NVIC_SetPriority                     0x08001448   Section        0  stm32f1xx_hal_cortex.o(i.__NVIC_SetPriority)
    __NVIC_SetPriority                       0x08001449   Thumb Code    32  stm32f1xx_hal_cortex.o(i.__NVIC_SetPriority)
    i.__rt_ffs                               0x08001470   Section        0  kservice.o(i.__rt_ffs)
    i._ipc_list_resume                       0x080014bc   Section        0  ipc.o(i._ipc_list_resume)
    _ipc_list_resume                         0x080014bd   Thumb Code    20  ipc.o(i._ipc_list_resume)
    i._ipc_list_suspend                      0x080014d0   Section        0  ipc.o(i._ipc_list_suspend)
    _ipc_list_suspend                        0x080014d1   Thumb Code   110  ipc.o(i._ipc_list_suspend)
    i._ipc_object_init                       0x0800153e   Section        0  ipc.o(i._ipc_object_init)
    _ipc_object_init                         0x0800153f   Thumb Code    16  ipc.o(i._ipc_object_init)
    i._scheduler_get_highest_priority_thread 0x08001550   Section        0  scheduler.o(i._scheduler_get_highest_priority_thread)
    _scheduler_get_highest_priority_thread   0x08001551   Thumb Code    30  scheduler.o(i._scheduler_get_highest_priority_thread)
    i._thread_exit                           0x08001578   Section        0  thread.o(i._thread_exit)
    _thread_exit                             0x08001579   Thumb Code    52  thread.o(i._thread_exit)
    i._thread_init                           0x080015ac   Section        0  thread.o(i._thread_init)
    _thread_init                             0x080015ad   Thumb Code   120  thread.o(i._thread_init)
    i._thread_timeout                        0x0800162c   Section        0  thread.o(i._thread_timeout)
    _thread_timeout                          0x0800162d   Thumb Code    44  thread.o(i._thread_timeout)
    i._timer_init                            0x08001658   Section        0  timer.o(i._timer_init)
    _timer_init                              0x08001659   Thumb Code    66  timer.o(i._timer_init)
    i._timer_list_next_timeout               0x0800169a   Section        0  timer.o(i._timer_list_next_timeout)
    _timer_list_next_timeout                 0x0800169b   Thumb Code    56  timer.o(i._timer_list_next_timeout)
    i._timer_remove                          0x080016d2   Section        0  timer.o(i._timer_remove)
    _timer_remove                            0x080016d3   Thumb Code    28  timer.o(i._timer_remove)
    i._timer_thread_entry                    0x080016f0   Section        0  timer.o(i._timer_thread_entry)
    _timer_thread_entry                      0x080016f1   Thumb Code    68  timer.o(i._timer_thread_entry)
    i.beep_ctrl                              0x08001738   Section        0  beep.o(i.beep_ctrl)
    i.beep_entry                             0x0800175c   Section        0  beep.o(i.beep_entry)
    i.beep_init                              0x08001780   Section        0  beep.o(i.beep_init)
    i.beep_msg_handler                       0x08001808   Section        0  beep.o(i.beep_msg_handler)
    i.beep_send                              0x08001824   Section        0  beep.o(i.beep_send)
    i.beep_timer_callback                    0x08001838   Section        0  beep.o(i.beep_timer_callback)
    i.button_entry                           0x08001844   Section        0  button.o(i.button_entry)
    i.ht1621_clear                           0x0800192c   Section        0  screen.o(i.ht1621_clear)
    i.ht1621_display_number                  0x08001940   Section        0  screen.o(i.ht1621_display_number)
    i.ht1621_display_p                       0x080019c0   Section        0  screen.o(i.ht1621_display_p)
    i.ht1621_display_symbol                  0x080019f8   Section        0  screen.o(i.ht1621_display_symbol)
    i.ht1621_set_pixel                       0x08001a4c   Section        0  screen.o(i.ht1621_set_pixel)
    i.ht1621_updata                          0x08001a7c   Section        0  screen.o(i.ht1621_updata)
    i.ht1621_write_bit                       0x08001a98   Section        0  screen.o(i.ht1621_write_bit)
    ht1621_write_bit                         0x08001a99   Thumb Code    62  screen.o(i.ht1621_write_bit)
    i.ht1621_write_bit_h                     0x08001adc   Section        0  screen.o(i.ht1621_write_bit_h)
    i.ht1621_write_bit_l                     0x08001b38   Section        0  screen.o(i.ht1621_write_bit_l)
    i.ht1621_write_cmd                       0x08001b94   Section        0  screen.o(i.ht1621_write_cmd)
    i.ht1621b_init                           0x08001bf4   Section        0  screen.o(i.ht1621b_init)
    i.ht1621b_write_data                     0x08001c40   Section        0  screen.o(i.ht1621b_write_data)
    i.key_back_down_callback                 0x08001ca8   Section        0  button.o(i.key_back_down_callback)
    i.key_back_level                         0x08001cd4   Section        0  button.o(i.key_back_level)
    i.key_down_down_callback                 0x08001ce4   Section        0  button.o(i.key_down_down_callback)
    i.key_down_read_level                    0x08001cf0   Section        0  button.o(i.key_down_read_level)
    i.key_manual_down_callback               0x08001d00   Section        0  button.o(i.key_manual_down_callback)
    i.key_manual_read_level                  0x08001d0c   Section        0  button.o(i.key_manual_read_level)
    i.key_ok_down_callback                   0x08001d20   Section        0  button.o(i.key_ok_down_callback)
    i.key_ok_read_level                      0x08001d58   Section        0  button.o(i.key_ok_read_level)
    i.key_up_down_callback                   0x08001d68   Section        0  button.o(i.key_up_down_callback)
    i.key_up_read_level                      0x08001d74   Section        0  button.o(i.key_up_read_level)
    i.main                                   0x08001d84   Section        0  main.o(i.main)
    i.main_thread_entry                      0x08001dac   Section        0  components.o(i.main_thread_entry)
    i.print_number                           0x08001dbc   Section        0  kservice.o(i.print_number)
    print_number                             0x08001dbd   Thumb Code   400  kservice.o(i.print_number)
    i.rt_application_init                    0x08001f54   Section        0  components.o(i.rt_application_init)
    i.rt_components_board_init               0x08001f94   Section        0  components.o(i.rt_components_board_init)
    i.rt_components_init                     0x08001fb0   Section        0  components.o(i.rt_components_init)
    i.rt_defunct_execute                     0x08001fcc   Section        0  idle.o(i.rt_defunct_execute)
    rt_defunct_execute                       0x08001fcd   Thumb Code    48  idle.o(i.rt_defunct_execute)
    i.rt_enter_critical                      0x08001ffc   Section        0  scheduler.o(i.rt_enter_critical)
    i.rt_exit_critical                       0x0800201c   Section        0  scheduler.o(i.rt_exit_critical)
    i.rt_hw_board_init                       0x08002060   Section        0  board.o(i.rt_hw_board_init)
    i.rt_hw_hard_fault_exception             0x08002088   Section        0  cpuport.o(i.rt_hw_hard_fault_exception)
    i.rt_hw_stack_init                       0x080020ac   Section        0  cpuport.o(i.rt_hw_stack_init)
    i.rt_hw_us_delay                         0x080020f8   Section        0  screen.o(i.rt_hw_us_delay)
    i.rt_interrupt_enter                     0x080020fc   Section        0  irq.o(i.rt_interrupt_enter)
    i.rt_interrupt_leave                     0x0800211c   Section        0  irq.o(i.rt_interrupt_leave)
    i.rt_list_init                           0x0800213c   Section        0  ipc.o(i.rt_list_init)
    rt_list_init                             0x0800213d   Thumb Code     6  ipc.o(i.rt_list_init)
    i.rt_list_init                           0x08002142   Section        0  timer.o(i.rt_list_init)
    rt_list_init                             0x08002143   Thumb Code     6  timer.o(i.rt_list_init)
    i.rt_list_insert_after                   0x08002148   Section        0  timer.o(i.rt_list_insert_after)
    rt_list_insert_after                     0x08002149   Thumb Code    14  timer.o(i.rt_list_insert_after)
    i.rt_list_insert_before                  0x08002156   Section        0  ipc.o(i.rt_list_insert_before)
    rt_list_insert_before                    0x08002157   Thumb Code    14  ipc.o(i.rt_list_insert_before)
    i.rt_list_isempty                        0x08002164   Section        0  ipc.o(i.rt_list_isempty)
    rt_list_isempty                          0x08002165   Thumb Code    16  ipc.o(i.rt_list_isempty)
    i.rt_list_isempty                        0x08002174   Section        0  timer.o(i.rt_list_isempty)
    rt_list_isempty                          0x08002175   Thumb Code    16  timer.o(i.rt_list_isempty)
    i.rt_list_remove                         0x08002184   Section        0  thread.o(i.rt_list_remove)
    rt_list_remove                           0x08002185   Thumb Code    18  thread.o(i.rt_list_remove)
    i.rt_list_remove                         0x08002196   Section        0  timer.o(i.rt_list_remove)
    rt_list_remove                           0x08002197   Thumb Code    18  timer.o(i.rt_list_remove)
    i.rt_memcpy                              0x080021a8   Section        0  kservice.o(i.rt_memcpy)
    i.rt_memset                              0x08002224   Section        0  kservice.o(i.rt_memset)
    i.rt_mq_init                             0x0800226c   Section        0  ipc.o(i.rt_mq_init)
    i.rt_mq_recv                             0x080022de   Section        0  ipc.o(i.rt_mq_recv)
    i.rt_mq_send                             0x08002400   Section        0  ipc.o(i.rt_mq_send)
    i.rt_mq_send_wait                        0x08002416   Section        0  ipc.o(i.rt_mq_send_wait)
    i.rt_object_detach                       0x08002542   Section        0  object.o(i.rt_object_detach)
    i.rt_object_get_information              0x08002570   Section        0  object.o(i.rt_object_get_information)
    i.rt_object_init                         0x08002598   Section        0  object.o(i.rt_object_init)
    i.rt_object_is_systemobject              0x080025f8   Section        0  object.o(i.rt_object_is_systemobject)
    i.rt_schedule                            0x0800260c   Section        0  scheduler.o(i.rt_schedule)
    i.rt_schedule_insert_thread              0x08002728   Section        0  scheduler.o(i.rt_schedule_insert_thread)
    i.rt_schedule_remove_thread              0x080027c4   Section        0  scheduler.o(i.rt_schedule_remove_thread)
    i.rt_show_version                        0x08002818   Section        0  kservice.o(i.rt_show_version)
    i.rt_soft_timer_check                    0x0800281c   Section        0  timer.o(i.rt_soft_timer_check)
    i.rt_sprintf                             0x080028d8   Section        0  kservice.o(i.rt_sprintf)
    i.rt_strncpy                             0x080028fa   Section        0  kservice.o(i.rt_strncpy)
    i.rt_system_scheduler_init               0x08002930   Section        0  scheduler.o(i.rt_system_scheduler_init)
    i.rt_system_scheduler_start              0x08002964   Section        0  scheduler.o(i.rt_system_scheduler_start)
    i.rt_system_timer_init                   0x0800298c   Section        0  timer.o(i.rt_system_timer_init)
    i.rt_system_timer_thread_init            0x080029a8   Section        0  timer.o(i.rt_system_timer_thread_init)
    i.rt_thread_defunct_dequeue              0x080029fc   Section        0  idle.o(i.rt_thread_defunct_dequeue)
    i.rt_thread_defunct_enqueue              0x08002a38   Section        0  idle.o(i.rt_thread_defunct_enqueue)
    i.rt_thread_delay                        0x08002a54   Section        0  thread.o(i.rt_thread_delay)
    i.rt_thread_idle_entry                   0x08002a60   Section        0  idle.o(i.rt_thread_idle_entry)
    rt_thread_idle_entry                     0x08002a61   Thumb Code    30  idle.o(i.rt_thread_idle_entry)
    i.rt_thread_idle_init                    0x08002a84   Section        0  idle.o(i.rt_thread_idle_init)
    i.rt_thread_init                         0x08002aec   Section        0  thread.o(i.rt_thread_init)
    i.rt_thread_mdelay                       0x08002b20   Section        0  thread.o(i.rt_thread_mdelay)
    i.rt_thread_resume                       0x08002b34   Section        0  thread.o(i.rt_thread_resume)
    i.rt_thread_self                         0x08002b70   Section        0  thread.o(i.rt_thread_self)
    i.rt_thread_sleep                        0x08002b7c   Section        0  thread.o(i.rt_thread_sleep)
    i.rt_thread_startup                      0x08002bc0   Section        0  thread.o(i.rt_thread_startup)
    i.rt_thread_suspend                      0x08002be8   Section        0  thread.o(i.rt_thread_suspend)
    i.rt_tick_from_millisecond               0x08002c30   Section        0  clock.o(i.rt_tick_from_millisecond)
    i.rt_tick_get                            0x08002c68   Section        0  clock.o(i.rt_tick_get)
    i.rt_tick_increase                       0x08002c74   Section        0  clock.o(i.rt_tick_increase)
    i.rt_timer_check                         0x08002cc4   Section        0  timer.o(i.rt_timer_check)
    i.rt_timer_control                       0x08002d68   Section        0  timer.o(i.rt_timer_control)
    i.rt_timer_detach                        0x08002dd0   Section        0  timer.o(i.rt_timer_detach)
    i.rt_timer_init                          0x08002df8   Section        0  timer.o(i.rt_timer_init)
    i.rt_timer_start                         0x08002e28   Section        0  timer.o(i.rt_timer_start)
    i.rt_timer_stop                          0x08002f60   Section        0  timer.o(i.rt_timer_stop)
    i.rt_vsnprintf                           0x08002f90   Section        0  kservice.o(i.rt_vsnprintf)
    i.rt_vsprintf                            0x080032d0   Section        0  kservice.o(i.rt_vsprintf)
    i.rti_board_end                          0x080032e6   Section        0  components.o(i.rti_board_end)
    rti_board_end                            0x080032e7   Thumb Code     4  components.o(i.rti_board_end)
    i.rti_board_start                        0x080032ea   Section        0  components.o(i.rti_board_start)
    rti_board_start                          0x080032eb   Thumb Code     4  components.o(i.rti_board_start)
    i.rti_end                                0x080032ee   Section        0  components.o(i.rti_end)
    rti_end                                  0x080032ef   Thumb Code     4  components.o(i.rti_end)
    i.rti_start                              0x080032f2   Section        0  components.o(i.rti_start)
    rti_start                                0x080032f3   Thumb Code     4  components.o(i.rti_start)
    i.rtthread_startup                       0x080032f6   Section        0  components.o(i.rtthread_startup)
    i.screen_display_real_bardiff_num        0x08003320   Section        0  screen.o(i.screen_display_real_bardiff_num)
    screen_display_real_bardiff_num          0x08003321   Thumb Code    48  screen.o(i.screen_display_real_bardiff_num)
    i.screen_display_realtime                0x08003350   Section        0  screen.o(i.screen_display_realtime)
    screen_display_realtime                  0x08003351   Thumb Code     8  screen.o(i.screen_display_realtime)
    i.screen_display_reverse_num             0x08003358   Section        0  screen.o(i.screen_display_reverse_num)
    screen_display_reverse_num               0x08003359   Thumb Code    48  screen.o(i.screen_display_reverse_num)
    i.screen_display_setviewer               0x08003388   Section        0  screen.o(i.screen_display_setviewer)
    screen_display_setviewer                 0x08003389   Thumb Code    52  screen.o(i.screen_display_setviewer)
    i.screen_display_state_real_bar_diff     0x080033c0   Section        0  screen.o(i.screen_display_state_real_bar_diff)
    screen_display_state_real_bar_diff       0x080033c1   Thumb Code    64  screen.o(i.screen_display_state_real_bar_diff)
    i.screen_entry                           0x08003400   Section        0  screen.o(i.screen_entry)
    i.screen_init                            0x08003444   Section        0  screen.o(i.screen_init)
    i.screen_main_page_switch                0x08003484   Section        0  screen.o(i.screen_main_page_switch)
    i.screen_page_none                       0x08003498   Section        0  screen.o(i.screen_page_none)
    i.screen_power_ctrl                      0x080034a0   Section        0  pwr.o(i.screen_power_ctrl)
    i.screen_setviewer_know                  0x080034c8   Section        0  screen.o(i.screen_setviewer_know)
    screen_setviewer_know                    0x080034c9   Thumb Code    16  screen.o(i.screen_setviewer_know)
    i.screen_setviewer_page_switch           0x080034d8   Section        0  screen.o(i.screen_setviewer_page_switch)
    i.screen_setviewer_real_bar_diff         0x080034fc   Section        0  screen.o(i.screen_setviewer_real_bar_diff)
    screen_setviewer_real_bar_diff           0x080034fd   Thumb Code    34  screen.o(i.screen_setviewer_real_bar_diff)
    i.screen_setviewer_rever_time_bar_diff   0x0800351e   Section        0  screen.o(i.screen_setviewer_rever_time_bar_diff)
    screen_setviewer_rever_time_bar_diff     0x0800351f   Thumb Code    32  screen.o(i.screen_setviewer_rever_time_bar_diff)
    i.screen_setviewer_rever_time_period     0x0800353e   Section        0  screen.o(i.screen_setviewer_rever_time_period)
    screen_setviewer_rever_time_period       0x0800353f   Thumb Code    32  screen.o(i.screen_setviewer_rever_time_period)
    i.skip_atoi                              0x0800355e   Section        0  kservice.o(i.skip_atoi)
    skip_atoi                                0x0800355f   Thumb Code    38  kservice.o(i.skip_atoi)
    .constdata                               0x08003584   Section       11  screen.o(.constdata)
    .constdata                               0x0800358f   Section       18  stm32f1xx_hal_rcc.o(.constdata)
    aPLLMULFactorTable                       0x0800358f   Data          16  stm32f1xx_hal_rcc.o(.constdata)
    aPredivFactorTable                       0x0800359f   Data           2  stm32f1xx_hal_rcc.o(.constdata)
    .constdata                               0x080035a1   Section       24  system_stm32f1xx.o(.constdata)
    .constdata                               0x080035b9   Section      290  kservice.o(.constdata)
    small_digits                             0x080036b9   Data          17  kservice.o(.constdata)
    large_digits                             0x080036ca   Data          17  kservice.o(.constdata)
    .rti_fn.0                                0x080036dc   Section        4  components.o(.rti_fn.0)
    __tagsym$$used                           0x080036dc   Number         0  components.o(.rti_fn.0)
    .rti_fn.0.end                            0x080036e0   Section        4  components.o(.rti_fn.0.end)
    __tagsym$$used                           0x080036e0   Number         0  components.o(.rti_fn.0.end)
    .rti_fn.1.end                            0x080036e4   Section        4  components.o(.rti_fn.1.end)
    __tagsym$$used                           0x080036e4   Number         0  components.o(.rti_fn.1.end)
    .rti_fn.6                                0x080036e8   Section        4  button.o(.rti_fn.6)
    __tagsym$$used                           0x080036e8   Number         0  button.o(.rti_fn.6)
    .rti_fn.6                                0x080036ec   Section        4  screen.o(.rti_fn.6)
    __tagsym$$used                           0x080036ec   Number         0  screen.o(.rti_fn.6)
    .rti_fn.6                                0x080036f0   Section        4  beep.o(.rti_fn.6)
    __tagsym$$used                           0x080036f0   Number         0  beep.o(.rti_fn.6)
    .rti_fn.6.end                            0x080036f4   Section        4  components.o(.rti_fn.6.end)
    __tagsym$$used                           0x080036f4   Number         0  components.o(.rti_fn.6.end)
    .data                                    0x20000000   Section        8  button.o(.data)
    Head_Button                              0x20000000   Data           4  button.o(.data)
    .data                                    0x20000008   Section       82  screen.o(.data)
    screen_symobol_list                      0x2000000b   Data          20  screen.o(.data)
    seg_area                                 0x2000001f   Data          42  screen.o(.data)
    s                                        0x20000058   Data           1  screen.o(.data)
    c                                        0x20000059   Data           1  screen.o(.data)
    .data                                    0x2000005c   Section        9  stm32f1xx_hal.o(.data)
    .data                                    0x20000068   Section        4  system_stm32f1xx.o(.data)
    .data                                    0x2000006c   Section       16  cpuport.o(.data)
    rt_exception_hook                        0x20000078   Data           4  cpuport.o(.data)
    .data                                    0x2000007c   Section        4  clock.o(.data)
    rt_tick                                  0x2000007c   Data           4  clock.o(.data)
    .data                                    0x20000080   Section        8  idle.o(.data)
    _rt_thread_defunct                       0x20000080   Data           8  idle.o(.data)
    .data                                    0x20000088   Section        1  irq.o(.data)
    .data                                    0x2000008c   Section       64  object.o(.data)
    _object_container                        0x2000008c   Data          64  object.o(.data)
    .data                                    0x200000cc   Section       13  scheduler.o(.data)
    rt_scheduler_lock_nest                   0x200000d0   Data           2  scheduler.o(.data)
    .data                                    0x200000dc   Section       24  timer.o(.data)
    _timer_list                              0x200000dc   Data           8  timer.o(.data)
    _soft_timer_status                       0x200000e4   Data           1  timer.o(.data)
    _soft_timer_list                         0x200000e8   Data           8  timer.o(.data)
    random_nr                                0x200000f0   Data           4  timer.o(.data)
    .bss                                     0x200000f4   Section      972  button.o(.bss)
    button_tid                               0x200000f4   Data         120  button.o(.bss)
    button_stack                             0x2000016c   Data         512  button.o(.bss)
    .bss                                     0x200004c0   Section     1220  screen.o(.bss)
    screen_tid                               0x200004c0   Data         120  screen.o(.bss)
    screen_stack                             0x20000564   Data        1024  screen.o(.bss)
    .bss                                     0x20000984   Section      368  beep.o(.bss)
    beep_tid                                 0x20000984   Data         120  beep.o(.bss)
    beep_stack                               0x200009fc   Data         128  beep.o(.bss)
    beep_mq                                  0x20000a7c   Data          60  beep.o(.bss)
    beep_msg_pool                            0x20000ab8   Data          16  beep.o(.bss)
    .bss                                     0x20000af8   Section     1144  components.o(.bss)
    main_stack                               0x20000af8   Data        1024  components.o(.bss)
    .bss                                     0x20000f70   Section      392  idle.o(.bss)
    idle                                     0x20000f70   Data         120  idle.o(.bss)
    rt_thread_stack                          0x20000fe8   Data         256  idle.o(.bss)
    idle_hook_list                           0x200010e8   Data          16  idle.o(.bss)
    .bss                                     0x200010f8   Section      256  scheduler.o(.bss)
    .bss                                     0x200011f8   Section      632  timer.o(.bss)
    _timer_thread                            0x200011f8   Data         120  timer.o(.bss)
    _timer_thread_stack                      0x20001270   Data         512  timer.o(.bss)
    .bss                                     0x20001470   Section       96  libspace.o(.bss)
    HEAP                                     0x200014d0   Section      512  startup_stm32f103xe.o(HEAP)
    Heap_Mem                                 0x200014d0   Data         512  startup_stm32f103xe.o(HEAP)
    STACK                                    0x200016d0   Section     1024  startup_stm32f103xe.o(STACK)
    Stack_Mem                                0x200016d0   Data        1024  startup_stm32f103xe.o(STACK)
    __initial_sp                             0x20001ad0   Data           0  startup_stm32f103xe.o(STACK)

    Global Symbols

    Symbol Name                              Value     Ov Type        Size  Object(Section)

    BuildAttributes$$THM_ISAv4$P$D$K$B$S$PE$A:L22UL41UL21$X:L11$S22US41US21$IEEE1$IW$USESV6$~STKCKD$USESV7$~SHL$OSPACE$ROPI$EBA8$UX$STANDARDLIB$REQ8$PRES8$EABIv2 0x00000000   Number         0  anon$$obj.o ABSOLUTE
    __ARM_use_no_argv                        0x00000000   Number         0  main.o ABSOLUTE
    __ARM_exceptions_init                     - Undefined Weak Reference
    __alloca_initialize                       - Undefined Weak Reference
    __arm_preinit_                            - Undefined Weak Reference
    __cpp_initialize__aeabi_                  - Undefined Weak Reference
    __cxa_finalize                            - Undefined Weak Reference
    __sigvec_lookup                           - Undefined Weak Reference
    _atexit_init                              - Undefined Weak Reference
    _call_atexit_fns                          - Undefined Weak Reference
    _clock_init                               - Undefined Weak Reference
    _fp_trap_init                             - Undefined Weak Reference
    _fp_trap_shutdown                         - Undefined Weak Reference
    _get_lc_collate                           - Undefined Weak Reference
    _get_lc_monetary                          - Undefined Weak Reference
    _get_lc_numeric                           - Undefined Weak Reference
    _get_lc_time                              - Undefined Weak Reference
    _getenv_init                              - Undefined Weak Reference
    _handle_redirection                       - Undefined Weak Reference
    _init_alloc                               - Undefined Weak Reference
    _init_user_alloc                          - Undefined Weak Reference
    _initio                                   - Undefined Weak Reference
    _rand_init                                - Undefined Weak Reference
    _signal_finish                            - Undefined Weak Reference
    _signal_init                              - Undefined Weak Reference
    _terminate_alloc                          - Undefined Weak Reference
    _terminate_user_alloc                     - Undefined Weak Reference
    _terminateio                              - Undefined Weak Reference
    __Vectors_Size                           0x00000130   Number         0  startup_stm32f103xe.o ABSOLUTE
    __Vectors                                0x08000000   Data           4  startup_stm32f103xe.o(RESET)
    __Vectors_End                            0x08000130   Data           0  startup_stm32f103xe.o(RESET)
    __main                                   0x08000131   Thumb Code     8  __main.o(!!!main)
    __scatterload                            0x08000139   Thumb Code     0  __scatter.o(!!!scatter)
    __scatterload_rt2                        0x08000139   Thumb Code    44  __scatter.o(!!!scatter)
    __scatterload_rt2_thumb_only             0x08000139   Thumb Code     0  __scatter.o(!!!scatter)
    __scatterload_null                       0x08000147   Thumb Code     0  __scatter.o(!!!scatter)
    __scatterload_copy                       0x0800016d   Thumb Code    26  __scatter_copy.o(!!handler_copy)
    __scatterload_zeroinit                   0x08000189   Thumb Code    28  __scatter_zi.o(!!handler_zi)
    __rt_lib_init                            0x080001a5   Thumb Code     0  libinit.o(.ARM.Collect$$libinit$$00000000)
    __rt_lib_init_alloca_1                   0x080001a7   Thumb Code     0  libinit2.o(.ARM.Collect$$libinit$$0000002E)
    __rt_lib_init_argv_1                     0x080001a7   Thumb Code     0  libinit2.o(.ARM.Collect$$libinit$$0000002C)
    __rt_lib_init_atexit_1                   0x080001a7   Thumb Code     0  libinit2.o(.ARM.Collect$$libinit$$0000001B)
    __rt_lib_init_clock_1                    0x080001a7   Thumb Code     0  libinit2.o(.ARM.Collect$$libinit$$00000021)
    __rt_lib_init_cpp_1                      0x080001a7   Thumb Code     0  libinit2.o(.ARM.Collect$$libinit$$00000032)
    __rt_lib_init_exceptions_1               0x080001a7   Thumb Code     0  libinit2.o(.ARM.Collect$$libinit$$00000030)
    __rt_lib_init_fp_1                       0x080001a7   Thumb Code     0  libinit2.o(.ARM.Collect$$libinit$$00000002)
    __rt_lib_init_fp_trap_1                  0x080001a7   Thumb Code     0  libinit2.o(.ARM.Collect$$libinit$$0000001F)
    __rt_lib_init_getenv_1                   0x080001a7   Thumb Code     0  libinit2.o(.ARM.Collect$$libinit$$00000023)
    __rt_lib_init_heap_1                     0x080001a7   Thumb Code     0  libinit2.o(.ARM.Collect$$libinit$$0000000A)
    __rt_lib_init_lc_collate_1               0x080001a7   Thumb Code     0  libinit2.o(.ARM.Collect$$libinit$$00000011)
    __rt_lib_init_lc_ctype_1                 0x080001a7   Thumb Code     0  libinit2.o(.ARM.Collect$$libinit$$00000013)
    __rt_lib_init_lc_monetary_1              0x080001a7   Thumb Code     0  libinit2.o(.ARM.Collect$$libinit$$00000015)
    __rt_lib_init_lc_numeric_1               0x080001a7   Thumb Code     0  libinit2.o(.ARM.Collect$$libinit$$00000017)
    __rt_lib_init_lc_time_1                  0x080001a7   Thumb Code     0  libinit2.o(.ARM.Collect$$libinit$$00000019)
    __rt_lib_init_preinit_1                  0x080001a7   Thumb Code     0  libinit2.o(.ARM.Collect$$libinit$$00000004)
    __rt_lib_init_rand_1                     0x080001a7   Thumb Code     0  libinit2.o(.ARM.Collect$$libinit$$0000000E)
    __rt_lib_init_return                     0x080001a7   Thumb Code     0  libinit2.o(.ARM.Collect$$libinit$$00000033)
    __rt_lib_init_signal_1                   0x080001a7   Thumb Code     0  libinit2.o(.ARM.Collect$$libinit$$0000001D)
    __rt_lib_init_stdio_1                    0x080001a7   Thumb Code     0  libinit2.o(.ARM.Collect$$libinit$$00000025)
    __rt_lib_init_user_alloc_1               0x080001a7   Thumb Code     0  libinit2.o(.ARM.Collect$$libinit$$0000000C)
    __rt_lib_shutdown                        0x080001a9   Thumb Code     0  libshutdown.o(.ARM.Collect$$libshutdown$$00000000)
    __rt_lib_shutdown_cpp_1                  0x080001ab   Thumb Code     0  libshutdown2.o(.ARM.Collect$$libshutdown$$00000002)
    __rt_lib_shutdown_fp_trap_1              0x080001ab   Thumb Code     0  libshutdown2.o(.ARM.Collect$$libshutdown$$00000007)
    __rt_lib_shutdown_heap_1                 0x080001ab   Thumb Code     0  libshutdown2.o(.ARM.Collect$$libshutdown$$0000000F)
    __rt_lib_shutdown_return                 0x080001ab   Thumb Code     0  libshutdown2.o(.ARM.Collect$$libshutdown$$00000010)
    __rt_lib_shutdown_signal_1               0x080001ab   Thumb Code     0  libshutdown2.o(.ARM.Collect$$libshutdown$$0000000A)
    __rt_lib_shutdown_stdio_1                0x080001ab   Thumb Code     0  libshutdown2.o(.ARM.Collect$$libshutdown$$00000004)
    __rt_lib_shutdown_user_alloc_1           0x080001ab   Thumb Code     0  libshutdown2.o(.ARM.Collect$$libshutdown$$0000000C)
    __rt_entry                               0x080001ad   Thumb Code     0  __rtentry.o(.ARM.Collect$$rtentry$$00000000)
    __rt_entry_presh_1                       0x080001ad   Thumb Code     0  __rtentry2.o(.ARM.Collect$$rtentry$$00000002)
    __rt_entry_sh                            0x080001ad   Thumb Code     0  __rtentry4.o(.ARM.Collect$$rtentry$$00000004)
    __rt_entry_li                            0x080001b3   Thumb Code     0  __rtentry2.o(.ARM.Collect$$rtentry$$0000000A)
    __rt_entry_postsh_1                      0x080001b3   Thumb Code     0  __rtentry2.o(.ARM.Collect$$rtentry$$00000009)
    __rt_entry_main                          0x080001b7   Thumb Code     0  __rtentry2.o(.ARM.Collect$$rtentry$$0000000D)
    __rt_entry_postli_1                      0x080001b7   Thumb Code     0  __rtentry2.o(.ARM.Collect$$rtentry$$0000000C)
    __rt_exit                                0x080001bf   Thumb Code     0  rtexit.o(.ARM.Collect$$rtexit$$00000000)
    __rt_exit_ls                             0x080001c1   Thumb Code     0  rtexit2.o(.ARM.Collect$$rtexit$$00000003)
    __rt_exit_prels_1                        0x080001c1   Thumb Code     0  rtexit2.o(.ARM.Collect$$rtexit$$00000002)
    __rt_exit_exit                           0x080001c5   Thumb Code     0  rtexit2.o(.ARM.Collect$$rtexit$$00000004)
    Reset_Handler                            0x080001cd   Thumb Code     8  startup_stm32f103xe.o(.text)
    SVC_Handler                              0x080001df   Thumb Code     2  startup_stm32f103xe.o(.text)
    ADC1_2_IRQHandler                        0x080001e7   Thumb Code     0  startup_stm32f103xe.o(.text)
    ADC3_IRQHandler                          0x080001e7   Thumb Code     0  startup_stm32f103xe.o(.text)
    CAN1_RX1_IRQHandler                      0x080001e7   Thumb Code     0  startup_stm32f103xe.o(.text)
    CAN1_SCE_IRQHandler                      0x080001e7   Thumb Code     0  startup_stm32f103xe.o(.text)
    DMA1_Channel1_IRQHandler                 0x080001e7   Thumb Code     0  startup_stm32f103xe.o(.text)
    DMA1_Channel2_IRQHandler                 0x080001e7   Thumb Code     0  startup_stm32f103xe.o(.text)
    DMA1_Channel3_IRQHandler                 0x080001e7   Thumb Code     0  startup_stm32f103xe.o(.text)
    DMA1_Channel4_IRQHandler                 0x080001e7   Thumb Code     0  startup_stm32f103xe.o(.text)
    DMA1_Channel5_IRQHandler                 0x080001e7   Thumb Code     0  startup_stm32f103xe.o(.text)
    DMA1_Channel6_IRQHandler                 0x080001e7   Thumb Code     0  startup_stm32f103xe.o(.text)
    DMA1_Channel7_IRQHandler                 0x080001e7   Thumb Code     0  startup_stm32f103xe.o(.text)
    DMA2_Channel1_IRQHandler                 0x080001e7   Thumb Code     0  startup_stm32f103xe.o(.text)
    DMA2_Channel2_IRQHandler                 0x080001e7   Thumb Code     0  startup_stm32f103xe.o(.text)
    DMA2_Channel3_IRQHandler                 0x080001e7   Thumb Code     0  startup_stm32f103xe.o(.text)
    DMA2_Channel4_5_IRQHandler               0x080001e7   Thumb Code     0  startup_stm32f103xe.o(.text)
    EXTI0_IRQHandler                         0x080001e7   Thumb Code     0  startup_stm32f103xe.o(.text)
    EXTI15_10_IRQHandler                     0x080001e7   Thumb Code     0  startup_stm32f103xe.o(.text)
    EXTI1_IRQHandler                         0x080001e7   Thumb Code     0  startup_stm32f103xe.o(.text)
    EXTI2_IRQHandler                         0x080001e7   Thumb Code     0  startup_stm32f103xe.o(.text)
    EXTI3_IRQHandler                         0x080001e7   Thumb Code     0  startup_stm32f103xe.o(.text)
    EXTI4_IRQHandler                         0x080001e7   Thumb Code     0  startup_stm32f103xe.o(.text)
    EXTI9_5_IRQHandler                       0x080001e7   Thumb Code     0  startup_stm32f103xe.o(.text)
    FLASH_IRQHandler                         0x080001e7   Thumb Code     0  startup_stm32f103xe.o(.text)
    FSMC_IRQHandler                          0x080001e7   Thumb Code     0  startup_stm32f103xe.o(.text)
    I2C1_ER_IRQHandler                       0x080001e7   Thumb Code     0  startup_stm32f103xe.o(.text)
    I2C1_EV_IRQHandler                       0x080001e7   Thumb Code     0  startup_stm32f103xe.o(.text)
    I2C2_ER_IRQHandler                       0x080001e7   Thumb Code     0  startup_stm32f103xe.o(.text)
    I2C2_EV_IRQHandler                       0x080001e7   Thumb Code     0  startup_stm32f103xe.o(.text)
    PVD_IRQHandler                           0x080001e7   Thumb Code     0  startup_stm32f103xe.o(.text)
    RCC_IRQHandler                           0x080001e7   Thumb Code     0  startup_stm32f103xe.o(.text)
    RTC_Alarm_IRQHandler                     0x080001e7   Thumb Code     0  startup_stm32f103xe.o(.text)
    RTC_IRQHandler                           0x080001e7   Thumb Code     0  startup_stm32f103xe.o(.text)
    SDIO_IRQHandler                          0x080001e7   Thumb Code     0  startup_stm32f103xe.o(.text)
    SPI1_IRQHandler                          0x080001e7   Thumb Code     0  startup_stm32f103xe.o(.text)
    SPI2_IRQHandler                          0x080001e7   Thumb Code     0  startup_stm32f103xe.o(.text)
    SPI3_IRQHandler                          0x080001e7   Thumb Code     0  startup_stm32f103xe.o(.text)
    TAMPER_IRQHandler                        0x080001e7   Thumb Code     0  startup_stm32f103xe.o(.text)
    TIM1_BRK_IRQHandler                      0x080001e7   Thumb Code     0  startup_stm32f103xe.o(.text)
    TIM1_CC_IRQHandler                       0x080001e7   Thumb Code     0  startup_stm32f103xe.o(.text)
    TIM1_TRG_COM_IRQHandler                  0x080001e7   Thumb Code     0  startup_stm32f103xe.o(.text)
    TIM1_UP_IRQHandler                       0x080001e7   Thumb Code     0  startup_stm32f103xe.o(.text)
    TIM2_IRQHandler                          0x080001e7   Thumb Code     0  startup_stm32f103xe.o(.text)
    TIM3_IRQHandler                          0x080001e7   Thumb Code     0  startup_stm32f103xe.o(.text)
    TIM4_IRQHandler                          0x080001e7   Thumb Code     0  startup_stm32f103xe.o(.text)
    TIM5_IRQHandler                          0x080001e7   Thumb Code     0  startup_stm32f103xe.o(.text)
    TIM6_IRQHandler                          0x080001e7   Thumb Code     0  startup_stm32f103xe.o(.text)
    TIM7_IRQHandler                          0x080001e7   Thumb Code     0  startup_stm32f103xe.o(.text)
    TIM8_BRK_IRQHandler                      0x080001e7   Thumb Code     0  startup_stm32f103xe.o(.text)
    TIM8_CC_IRQHandler                       0x080001e7   Thumb Code     0  startup_stm32f103xe.o(.text)
    TIM8_TRG_COM_IRQHandler                  0x080001e7   Thumb Code     0  startup_stm32f103xe.o(.text)
    TIM8_UP_IRQHandler                       0x080001e7   Thumb Code     0  startup_stm32f103xe.o(.text)
    UART4_IRQHandler                         0x080001e7   Thumb Code     0  startup_stm32f103xe.o(.text)
    UART5_IRQHandler                         0x080001e7   Thumb Code     0  startup_stm32f103xe.o(.text)
    USART1_IRQHandler                        0x080001e7   Thumb Code     0  startup_stm32f103xe.o(.text)
    USART2_IRQHandler                        0x080001e7   Thumb Code     0  startup_stm32f103xe.o(.text)
    USART3_IRQHandler                        0x080001e7   Thumb Code     0  startup_stm32f103xe.o(.text)
    USBWakeUp_IRQHandler                     0x080001e7   Thumb Code     0  startup_stm32f103xe.o(.text)
    USB_HP_CAN1_TX_IRQHandler                0x080001e7   Thumb Code     0  startup_stm32f103xe.o(.text)
    USB_LP_CAN1_RX0_IRQHandler               0x080001e7   Thumb Code     0  startup_stm32f103xe.o(.text)
    WWDG_IRQHandler                          0x080001e7   Thumb Code     0  startup_stm32f103xe.o(.text)
    __user_initial_stackheap                 0x080001e9   Thumb Code     0  startup_stm32f103xe.o(.text)
    rt_hw_interrupt_disable                  0x0800020d   Thumb Code     8  context_rvds.o(.text)
    rt_hw_interrupt_enable                   0x08000215   Thumb Code     6  context_rvds.o(.text)
    rt_hw_context_switch                     0x0800021b   Thumb Code    32  context_rvds.o(.text)
    rt_hw_context_switch_interrupt           0x0800021b   Thumb Code     0  context_rvds.o(.text)
    PendSV_Handler                           0x0800023b   Thumb Code    60  context_rvds.o(.text)
    rt_hw_context_switch_to                  0x08000277   Thumb Code    64  context_rvds.o(.text)
    rt_hw_interrupt_thread_switch            0x080002b7   Thumb Code     2  context_rvds.o(.text)
    HardFault_Handler                        0x080002b9   Thumb Code    52  context_rvds.o(.text)
    __aeabi_memclr4                          0x08000309   Thumb Code     0  rt_memclr_w.o(.text)
    __aeabi_memclr8                          0x08000309   Thumb Code     0  rt_memclr_w.o(.text)
    __rt_memclr_w                            0x08000309   Thumb Code    78  rt_memclr_w.o(.text)
    _memset_w                                0x0800030d   Thumb Code     0  rt_memclr_w.o(.text)
    __use_two_region_memory                  0x08000357   Thumb Code     2  heapauxi.o(.text)
    __rt_heap_escrow$2region                 0x08000359   Thumb Code     2  heapauxi.o(.text)
    __rt_heap_expand$2region                 0x0800035b   Thumb Code     2  heapauxi.o(.text)
    __user_libspace                          0x0800035d   Thumb Code     8  libspace.o(.text)
    __user_perproc_libspace                  0x0800035d   Thumb Code     0  libspace.o(.text)
    __user_perthread_libspace                0x0800035d   Thumb Code     0  libspace.o(.text)
    __user_setup_stackheap                   0x08000365   Thumb Code    74  sys_stackheap_outer.o(.text)
    exit                                     0x080003af   Thumb Code    18  exit.o(.text)
    _sys_exit                                0x080003c1   Thumb Code     8  sys_exit.o(.text)
    __I$use$semihosting                      0x080003cd   Thumb Code     0  use_no_semi.o(.text)
    __use_no_semihosting_swi                 0x080003cd   Thumb Code     2  use_no_semi.o(.text)
    __semihosting_library_function           0x080003cf   Thumb Code     0  indicate_semi.o(.text)
    main                                     0x080003cf   Thumb Code    10  components.o(i.$Sub$$main)
    BusFault_Handler                         0x080003f5   Thumb Code     4  stm32f1xx_it.o(i.BusFault_Handler)
    Button_Attach                            0x080003f9   Thumb Code    38  button.o(i.Button_Attach)
    Button_Create                            0x0800041f   Thumb Code    92  button.o(i.Button_Create)
    Button_Cycle_Process                     0x0800047b   Thumb Code   382  button.o(i.Button_Cycle_Process)
    Button_Process                           0x080005f9   Thumb Code    22  button.o(i.Button_Process)
    Button_init                              0x08000615   Thumb Code    44  button.o(i.Button_init)
    DebugMon_Handler                         0x08000655   Thumb Code     2  stm32f1xx_it.o(i.DebugMon_Handler)
    Error_Handler                            0x08000657   Thumb Code     6  main.o(i.Error_Handler)
    HAL_GPIO_Init                            0x0800065d   Thumb Code   792  stm32f1xx_hal_gpio.o(i.HAL_GPIO_Init)
    HAL_GPIO_ReadPin                         0x0800099d   Thumb Code    16  stm32f1xx_hal_gpio.o(i.HAL_GPIO_ReadPin)
    HAL_GPIO_TogglePin                       0x080009ad   Thumb Code    20  stm32f1xx_hal_gpio.o(i.HAL_GPIO_TogglePin)
    HAL_GPIO_WritePin                        0x080009c1   Thumb Code    12  stm32f1xx_hal_gpio.o(i.HAL_GPIO_WritePin)
    HAL_GetTick                              0x080009cd   Thumb Code     6  stm32f1xx_hal.o(i.HAL_GetTick)
    HAL_Init                                 0x080009d9   Thumb Code    34  stm32f1xx_hal.o(i.HAL_Init)
    HAL_InitTick                             0x08000a01   Thumb Code    64  stm32f1xx_hal.o(i.HAL_InitTick)
    HAL_MspInit                              0x08000a4d   Thumb Code    76  stm32f1xx_hal_msp.o(i.HAL_MspInit)
    HAL_NVIC_SetPriority                     0x08000aa1   Thumb Code   124  stm32f1xx_hal_cortex.o(i.HAL_NVIC_SetPriority)
    HAL_NVIC_SetPriorityGrouping             0x08000b1d   Thumb Code    32  stm32f1xx_hal_cortex.o(i.HAL_NVIC_SetPriorityGrouping)
    HAL_RCC_ClockConfig                      0x08000b45   Thumb Code   376  stm32f1xx_hal_rcc.o(i.HAL_RCC_ClockConfig)
    HAL_RCC_GetHCLKFreq                      0x08000cd1   Thumb Code     6  stm32f1xx_hal_rcc.o(i.HAL_RCC_GetHCLKFreq)
    HAL_RCC_GetSysClockFreq                  0x08000cdd   Thumb Code    92  stm32f1xx_hal_rcc.o(i.HAL_RCC_GetSysClockFreq)
    HAL_RCC_OscConfig                        0x08000d4d   Thumb Code  1114  stm32f1xx_hal_rcc.o(i.HAL_RCC_OscConfig)
    HAL_SYSTICK_Config                       0x080011b1   Thumb Code    52  stm32f1xx_hal_cortex.o(i.HAL_SYSTICK_Config)
    MemManage_Handler                        0x080012c1   Thumb Code     4  stm32f1xx_it.o(i.MemManage_Handler)
    NMI_Handler                              0x080012c5   Thumb Code     4  stm32f1xx_it.o(i.NMI_Handler)
    SysTick_Handler                          0x08001325   Thumb Code    16  board.o(i.SysTick_Handler)
    SystemClock_Config                       0x08001335   Thumb Code    86  main.o(i.SystemClock_Config)
    SystemCoreClockUpdate                    0x0800138d   Thumb Code   142  system_stm32f1xx.o(i.SystemCoreClockUpdate)
    SystemInit                               0x08001431   Thumb Code     2  system_stm32f1xx.o(i.SystemInit)
    UsageFault_Handler                       0x08001433   Thumb Code     4  stm32f1xx_it.o(i.UsageFault_Handler)
    __rt_ffs                                 0x08001471   Thumb Code    70  kservice.o(i.__rt_ffs)
    beep_ctrl                                0x08001739   Thumb Code    30  beep.o(i.beep_ctrl)
    beep_entry                               0x0800175d   Thumb Code    30  beep.o(i.beep_entry)
    beep_init                                0x08001781   Thumb Code    80  beep.o(i.beep_init)
    beep_msg_handler                         0x08001809   Thumb Code    22  beep.o(i.beep_msg_handler)
    beep_send                                0x08001825   Thumb Code    14  beep.o(i.beep_send)
    beep_timer_callback                      0x08001839   Thumb Code    12  beep.o(i.beep_timer_callback)
    button_entry                             0x08001845   Thumb Code   124  button.o(i.button_entry)
    ht1621_clear                             0x0800192d   Thumb Code    14  screen.o(i.ht1621_clear)
    ht1621_display_number                    0x08001941   Thumb Code   118  screen.o(i.ht1621_display_number)
    ht1621_display_p                         0x080019c1   Thumb Code    54  screen.o(i.ht1621_display_p)
    ht1621_display_symbol                    0x080019f9   Thumb Code    70  screen.o(i.ht1621_display_symbol)
    ht1621_set_pixel                         0x08001a4d   Thumb Code    42  screen.o(i.ht1621_set_pixel)
    ht1621_updata                            0x08001a7d   Thumb Code    24  screen.o(i.ht1621_updata)
    ht1621_write_bit_h                       0x08001add   Thumb Code    88  screen.o(i.ht1621_write_bit_h)
    ht1621_write_bit_l                       0x08001b39   Thumb Code    86  screen.o(i.ht1621_write_bit_l)
    ht1621_write_cmd                         0x08001b95   Thumb Code    92  screen.o(i.ht1621_write_cmd)
    ht1621b_init                             0x08001bf5   Thumb Code    70  screen.o(i.ht1621b_init)
    ht1621b_write_data                       0x08001c41   Thumb Code   100  screen.o(i.ht1621b_write_data)
    key_back_down_callback                   0x08001ca9   Thumb Code    40  button.o(i.key_back_down_callback)
    key_back_level                           0x08001cd5   Thumb Code    12  button.o(i.key_back_level)
    key_down_down_callback                   0x08001ce5   Thumb Code    12  button.o(i.key_down_down_callback)
    key_down_read_level                      0x08001cf1   Thumb Code    12  button.o(i.key_down_read_level)
    key_manual_down_callback                 0x08001d01   Thumb Code    12  button.o(i.key_manual_down_callback)
    key_manual_read_level                    0x08001d0d   Thumb Code    14  button.o(i.key_manual_read_level)
    key_ok_down_callback                     0x08001d21   Thumb Code    50  button.o(i.key_ok_down_callback)
    key_ok_read_level                        0x08001d59   Thumb Code    12  button.o(i.key_ok_read_level)
    key_up_down_callback                     0x08001d69   Thumb Code    12  button.o(i.key_up_down_callback)
    key_up_read_level                        0x08001d75   Thumb Code    12  button.o(i.key_up_read_level)
    $Super$$main                             0x08001d85   Thumb Code    34  main.o(i.main)
    main_thread_entry                        0x08001dad   Thumb Code    14  components.o(i.main_thread_entry)
    rt_application_init                      0x08001f55   Thumb Code    44  components.o(i.rt_application_init)
    rt_components_board_init                 0x08001f95   Thumb Code    20  components.o(i.rt_components_board_init)
    rt_components_init                       0x08001fb1   Thumb Code    20  components.o(i.rt_components_init)
    rt_enter_critical                        0x08001ffd   Thumb Code    28  scheduler.o(i.rt_enter_critical)
    rt_exit_critical                         0x0800201d   Thumb Code    60  scheduler.o(i.rt_exit_critical)
    rt_hw_board_init                         0x08002061   Thumb Code    38  board.o(i.rt_hw_board_init)
    rt_hw_hard_fault_exception               0x08002089   Thumb Code    32  cpuport.o(i.rt_hw_hard_fault_exception)
    rt_hw_stack_init                         0x080020ad   Thumb Code    70  cpuport.o(i.rt_hw_stack_init)
    rt_hw_us_delay                           0x080020f9   Thumb Code     2  screen.o(i.rt_hw_us_delay)
    rt_interrupt_enter                       0x080020fd   Thumb Code    26  irq.o(i.rt_interrupt_enter)
    rt_interrupt_leave                       0x0800211d   Thumb Code    26  irq.o(i.rt_interrupt_leave)
    rt_memcpy                                0x080021a9   Thumb Code   124  kservice.o(i.rt_memcpy)
    rt_memset                                0x08002225   Thumb Code    72  kservice.o(i.rt_memset)
    rt_mq_init                               0x0800226d   Thumb Code   114  ipc.o(i.rt_mq_init)
    rt_mq_recv                               0x080022df   Thumb Code   290  ipc.o(i.rt_mq_recv)
    rt_mq_send                               0x08002401   Thumb Code    22  ipc.o(i.rt_mq_send)
    rt_mq_send_wait                          0x08002417   Thumb Code   300  ipc.o(i.rt_mq_send_wait)
    rt_object_detach                         0x08002543   Thumb Code    44  object.o(i.rt_object_detach)
    rt_object_get_information                0x08002571   Thumb Code    36  object.o(i.rt_object_get_information)
    rt_object_init                           0x08002599   Thumb Code    96  object.o(i.rt_object_init)
    rt_object_is_systemobject                0x080025f9   Thumb Code    18  object.o(i.rt_object_is_systemobject)
    rt_schedule                              0x0800260d   Thumb Code   262  scheduler.o(i.rt_schedule)
    rt_schedule_insert_thread                0x08002729   Thumb Code   142  scheduler.o(i.rt_schedule_insert_thread)
    rt_schedule_remove_thread                0x080027c5   Thumb Code    76  scheduler.o(i.rt_schedule_remove_thread)
    rt_show_version                          0x08002819   Thumb Code     2  kservice.o(i.rt_show_version)
    rt_soft_timer_check                      0x0800281d   Thumb Code   178  timer.o(i.rt_soft_timer_check)
    rt_sprintf                               0x080028d9   Thumb Code    34  kservice.o(i.rt_sprintf)
    rt_strncpy                               0x080028fb   Thumb Code    52  kservice.o(i.rt_strncpy)
    rt_system_scheduler_init                 0x08002931   Thumb Code    38  scheduler.o(i.rt_system_scheduler_init)
    rt_system_scheduler_start                0x08002965   Thumb Code    36  scheduler.o(i.rt_system_scheduler_start)
    rt_system_timer_init                     0x0800298d   Thumb Code    24  timer.o(i.rt_system_timer_init)
    rt_system_timer_thread_init              0x080029a9   Thumb Code    58  timer.o(i.rt_system_timer_thread_init)
    rt_thread_defunct_dequeue                0x080029fd   Thumb Code    56  idle.o(i.rt_thread_defunct_dequeue)
    rt_thread_defunct_enqueue                0x08002a39   Thumb Code    24  idle.o(i.rt_thread_defunct_enqueue)
    rt_thread_delay                          0x08002a55   Thumb Code    12  thread.o(i.rt_thread_delay)
    rt_thread_idle_init                      0x08002a85   Thumb Code    82  idle.o(i.rt_thread_idle_init)
    rt_thread_init                           0x08002aed   Thumb Code    52  thread.o(i.rt_thread_init)
    rt_thread_mdelay                         0x08002b21   Thumb Code    20  thread.o(i.rt_thread_mdelay)
    rt_thread_resume                         0x08002b35   Thumb Code    60  thread.o(i.rt_thread_resume)
    rt_thread_self                           0x08002b71   Thumb Code     6  thread.o(i.rt_thread_self)
    rt_thread_sleep                          0x08002b7d   Thumb Code    68  thread.o(i.rt_thread_sleep)
    rt_thread_startup                        0x08002bc1   Thumb Code    40  thread.o(i.rt_thread_startup)
    rt_thread_suspend                        0x08002be9   Thumb Code    72  thread.o(i.rt_thread_suspend)
    rt_tick_from_millisecond                 0x08002c31   Thumb Code    56  clock.o(i.rt_tick_from_millisecond)
    rt_tick_get                              0x08002c69   Thumb Code     6  clock.o(i.rt_tick_get)
    rt_tick_increase                         0x08002c75   Thumb Code    74  clock.o(i.rt_tick_increase)
    rt_timer_check                           0x08002cc5   Thumb Code   160  timer.o(i.rt_timer_check)
    rt_timer_control                         0x08002d69   Thumb Code   104  timer.o(i.rt_timer_control)
    rt_timer_detach                          0x08002dd1   Thumb Code    40  timer.o(i.rt_timer_detach)
    rt_timer_init                            0x08002df9   Thumb Code    46  timer.o(i.rt_timer_init)
    rt_timer_start                           0x08002e29   Thumb Code   292  timer.o(i.rt_timer_start)
    rt_timer_stop                            0x08002f61   Thumb Code    48  timer.o(i.rt_timer_stop)
    rt_vsnprintf                             0x08002f91   Thumb Code   824  kservice.o(i.rt_vsnprintf)
    rt_vsprintf                              0x080032d1   Thumb Code    22  kservice.o(i.rt_vsprintf)
    rtthread_startup                         0x080032f7   Thumb Code    42  components.o(i.rtthread_startup)
    screen_entry                             0x08003401   Thumb Code    60  screen.o(i.screen_entry)
    screen_init                              0x08003445   Thumb Code    42  screen.o(i.screen_init)
    screen_main_page_switch                  0x08003485   Thumb Code    14  screen.o(i.screen_main_page_switch)
    screen_page_none                         0x08003499   Thumb Code     8  screen.o(i.screen_page_none)
    screen_power_ctrl                        0x080034a1   Thumb Code    34  pwr.o(i.screen_power_ctrl)
    screen_setviewer_page_switch             0x080034d9   Thumb Code    30  screen.o(i.screen_setviewer_page_switch)
    number_table                             0x08003584   Data          11  screen.o(.constdata)
    AHBPrescTable                            0x080035a1   Data          16  system_stm32f1xx.o(.constdata)
    APBPrescTable                            0x080035b1   Data           8  system_stm32f1xx.o(.constdata)
    __lowest_bit_bitmap                      0x080035b9   Data         256  kservice.o(.constdata)
    __rt_init_rti_start                      0x080036dc   Data           4  components.o(.rti_fn.0)
    __rt_init_rti_board_start                0x080036e0   Data           4  components.o(.rti_fn.0.end)
    __rt_init_rti_board_end                  0x080036e4   Data           4  components.o(.rti_fn.1.end)
    __rt_init_Button_init                    0x080036e8   Data           4  button.o(.rti_fn.6)
    __rt_init_screen_init                    0x080036ec   Data           4  screen.o(.rti_fn.6)
    __rt_init_beep_init                      0x080036f0   Data           4  beep.o(.rti_fn.6)
    __rt_init_rti_end                        0x080036f4   Data           4  components.o(.rti_fn.6.end)
    Region$$Table$$Base                      0x080036f8   Number         0  anon$$obj.o(Region$$Table)
    Region$$Table$$Limit                     0x08003718   Number         0  anon$$obj.o(Region$$Table)
    is_long_Trigger                          0x20000004   Data           4  button.o(.data)
    screen_data                              0x20000008   Data           3  screen.o(.data)
    screen_main_pages                        0x2000004c   Data          12  screen.o(.data)
    uwTick                                   0x2000005c   Data           4  stm32f1xx_hal.o(.data)
    uwTickPrio                               0x20000060   Data           4  stm32f1xx_hal.o(.data)
    uwTickFreq                               0x20000064   Data           1  stm32f1xx_hal.o(.data)
    SystemCoreClock                          0x20000068   Data           4  system_stm32f1xx.o(.data)
    rt_interrupt_from_thread                 0x2000006c   Data           4  cpuport.o(.data)
    rt_interrupt_to_thread                   0x20000070   Data           4  cpuport.o(.data)
    rt_thread_switch_interrupt_flag          0x20000074   Data           4  cpuport.o(.data)
    rt_interrupt_nest                        0x20000088   Data           1  irq.o(.data)
    rt_thread_ready_priority_group           0x200000cc   Data           4  scheduler.o(.data)
    rt_current_thread                        0x200000d4   Data           4  scheduler.o(.data)
    rt_current_priority                      0x200000d8   Data           1  scheduler.o(.data)
    key_up                                   0x2000036c   Data          68  button.o(.bss)
    key_down                                 0x200003b0   Data          68  button.o(.bss)
    key_ok                                   0x200003f4   Data          68  button.o(.bss)
    key_back                                 0x20000438   Data          68  button.o(.bss)
    manual                                   0x2000047c   Data          68  button.o(.bss)
    screen_work_timer                        0x20000538   Data          44  screen.o(.bss)
    screen_display_ram                       0x20000964   Data          32  screen.o(.bss)
    beep_timer                               0x20000ac8   Data          44  beep.o(.bss)
    main_thread                              0x20000ef8   Data         120  components.o(.bss)
    rt_thread_priority_table                 0x200010f8   Data         256  scheduler.o(.bss)
    __libspace_start                         0x20001470   Data          96  libspace.o(.bss)
    __temporary_stack_top$libspace           0x200014d0   Data           0  libspace.o(.bss)



==============================================================================

Memory Map of the image

  Image Entry point : 0x08000131

  Load Region LR_IROM1 (Base: 0x08000000, Size: 0x0000380c, Max: 0x00040000, ABSOLUTE)

    Execution Region ER_IROM1 (Exec base: 0x08000000, Load base: 0x08000000, Size: 0x00003718, Max: 0x00040000, ABSOLUTE)

    Exec Addr    Load Addr    Size         Type   Attr      Idx    E Section Name        Object

    0x08000000   0x08000000   0x00000130   Data   RO            3    RESET               startup_stm32f103xe.o
    0x08000130   0x08000130   0x00000008   Code   RO         2754  * !!!main             c_w.l(__main.o)
    0x08000138   0x08000138   0x00000034   Code   RO         2921    !!!scatter          c_w.l(__scatter.o)
    0x0800016c   0x0800016c   0x0000001a   Code   RO         2923    !!handler_copy      c_w.l(__scatter_copy.o)
    0x08000186   0x08000186   0x00000002   PAD
    0x08000188   0x08000188   0x0000001c   Code   RO         2925    !!handler_zi        c_w.l(__scatter_zi.o)
    0x080001a4   0x080001a4   0x00000002   Code   RO         2841    .ARM.Collect$$libinit$$00000000  c_w.l(libinit.o)
    0x080001a6   0x080001a6   0x00000000   Code   RO         2786    .ARM.Collect$$libinit$$00000002  c_w.l(libinit2.o)
    0x080001a6   0x080001a6   0x00000000   Code   RO         2788    .ARM.Collect$$libinit$$00000004  c_w.l(libinit2.o)
    0x080001a6   0x080001a6   0x00000000   Code   RO         2791    .ARM.Collect$$libinit$$0000000A  c_w.l(libinit2.o)
    0x080001a6   0x080001a6   0x00000000   Code   RO         2793    .ARM.Collect$$libinit$$0000000C  c_w.l(libinit2.o)
    0x080001a6   0x080001a6   0x00000000   Code   RO         2795    .ARM.Collect$$libinit$$0000000E  c_w.l(libinit2.o)
    0x080001a6   0x080001a6   0x00000000   Code   RO         2798    .ARM.Collect$$libinit$$00000011  c_w.l(libinit2.o)
    0x080001a6   0x080001a6   0x00000000   Code   RO         2800    .ARM.Collect$$libinit$$00000013  c_w.l(libinit2.o)
    0x080001a6   0x080001a6   0x00000000   Code   RO         2802    .ARM.Collect$$libinit$$00000015  c_w.l(libinit2.o)
    0x080001a6   0x080001a6   0x00000000   Code   RO         2804    .ARM.Collect$$libinit$$00000017  c_w.l(libinit2.o)
    0x080001a6   0x080001a6   0x00000000   Code   RO         2806    .ARM.Collect$$libinit$$00000019  c_w.l(libinit2.o)
    0x080001a6   0x080001a6   0x00000000   Code   RO         2808    .ARM.Collect$$libinit$$0000001B  c_w.l(libinit2.o)
    0x080001a6   0x080001a6   0x00000000   Code   RO         2810    .ARM.Collect$$libinit$$0000001D  c_w.l(libinit2.o)
    0x080001a6   0x080001a6   0x00000000   Code   RO         2812    .ARM.Collect$$libinit$$0000001F  c_w.l(libinit2.o)
    0x080001a6   0x080001a6   0x00000000   Code   RO         2814    .ARM.Collect$$libinit$$00000021  c_w.l(libinit2.o)
    0x080001a6   0x080001a6   0x00000000   Code   RO         2816    .ARM.Collect$$libinit$$00000023  c_w.l(libinit2.o)
    0x080001a6   0x080001a6   0x00000000   Code   RO         2818    .ARM.Collect$$libinit$$00000025  c_w.l(libinit2.o)
    0x080001a6   0x080001a6   0x00000000   Code   RO         2822    .ARM.Collect$$libinit$$0000002C  c_w.l(libinit2.o)
    0x080001a6   0x080001a6   0x00000000   Code   RO         2824    .ARM.Collect$$libinit$$0000002E  c_w.l(libinit2.o)
    0x080001a6   0x080001a6   0x00000000   Code   RO         2826    .ARM.Collect$$libinit$$00000030  c_w.l(libinit2.o)
    0x080001a6   0x080001a6   0x00000000   Code   RO         2828    .ARM.Collect$$libinit$$00000032  c_w.l(libinit2.o)
    0x080001a6   0x080001a6   0x00000002   Code   RO         2829    .ARM.Collect$$libinit$$00000033  c_w.l(libinit2.o)
    0x080001a8   0x080001a8   0x00000002   Code   RO         2878    .ARM.Collect$$libshutdown$$00000000  c_w.l(libshutdown.o)
    0x080001aa   0x080001aa   0x00000000   Code   RO         2884    .ARM.Collect$$libshutdown$$00000002  c_w.l(libshutdown2.o)
    0x080001aa   0x080001aa   0x00000000   Code   RO         2886    .ARM.Collect$$libshutdown$$00000004  c_w.l(libshutdown2.o)
    0x080001aa   0x080001aa   0x00000000   Code   RO         2889    .ARM.Collect$$libshutdown$$00000007  c_w.l(libshutdown2.o)
    0x080001aa   0x080001aa   0x00000000   Code   RO         2892    .ARM.Collect$$libshutdown$$0000000A  c_w.l(libshutdown2.o)
    0x080001aa   0x080001aa   0x00000000   Code   RO         2894    .ARM.Collect$$libshutdown$$0000000C  c_w.l(libshutdown2.o)
    0x080001aa   0x080001aa   0x00000000   Code   RO         2897    .ARM.Collect$$libshutdown$$0000000F  c_w.l(libshutdown2.o)
    0x080001aa   0x080001aa   0x00000002   Code   RO         2898    .ARM.Collect$$libshutdown$$00000010  c_w.l(libshutdown2.o)
    0x080001ac   0x080001ac   0x00000000   Code   RO         2756    .ARM.Collect$$rtentry$$00000000  c_w.l(__rtentry.o)
    0x080001ac   0x080001ac   0x00000000   Code   RO         2769    .ARM.Collect$$rtentry$$00000002  c_w.l(__rtentry2.o)
    0x080001ac   0x080001ac   0x00000006   Code   RO         2781    .ARM.Collect$$rtentry$$00000004  c_w.l(__rtentry4.o)
    0x080001b2   0x080001b2   0x00000000   Code   RO         2771    .ARM.Collect$$rtentry$$00000009  c_w.l(__rtentry2.o)
    0x080001b2   0x080001b2   0x00000004   Code   RO         2772    .ARM.Collect$$rtentry$$0000000A  c_w.l(__rtentry2.o)
    0x080001b6   0x080001b6   0x00000000   Code   RO         2774    .ARM.Collect$$rtentry$$0000000C  c_w.l(__rtentry2.o)
    0x080001b6   0x080001b6   0x00000008   Code   RO         2775    .ARM.Collect$$rtentry$$0000000D  c_w.l(__rtentry2.o)
    0x080001be   0x080001be   0x00000002   Code   RO         2844    .ARM.Collect$$rtexit$$00000000  c_w.l(rtexit.o)
    0x080001c0   0x080001c0   0x00000000   Code   RO         2853    .ARM.Collect$$rtexit$$00000002  c_w.l(rtexit2.o)
    0x080001c0   0x080001c0   0x00000004   Code   RO         2854    .ARM.Collect$$rtexit$$00000003  c_w.l(rtexit2.o)
    0x080001c4   0x080001c4   0x00000006   Code   RO         2855    .ARM.Collect$$rtexit$$00000004  c_w.l(rtexit2.o)
    0x080001ca   0x080001ca   0x00000002   PAD
    0x080001cc   0x080001cc   0x00000040   Code   RO            4    .text               startup_stm32f103xe.o
    0x0800020c   0x0800020c   0x000000fc   Code   RO         1817    .text               context_rvds.o
    0x08000308   0x08000308   0x0000004e   Code   RO         2750    .text               c_w.l(rt_memclr_w.o)
    0x08000356   0x08000356   0x00000006   Code   RO         2752    .text               c_w.l(heapauxi.o)
    0x0800035c   0x0800035c   0x00000008   Code   RO         2765    .text               c_w.l(libspace.o)
    0x08000364   0x08000364   0x0000004a   Code   RO         2830    .text               c_w.l(sys_stackheap_outer.o)
    0x080003ae   0x080003ae   0x00000012   Code   RO         2832    .text               c_w.l(exit.o)
    0x080003c0   0x080003c0   0x0000000c   Code   RO         2865    .text               c_w.l(sys_exit.o)
    0x080003cc   0x080003cc   0x00000002   Code   RO         2867    .text               c_w.l(use_no_semi.o)
    0x080003ce   0x080003ce   0x00000000   Code   RO         2869    .text               c_w.l(indicate_semi.o)
    0x080003ce   0x080003ce   0x0000000a   Code   RO         1928    i.$Sub$$main        components.o
    0x080003d8   0x080003d8   0x0000001c   Code   RO           13    i.Add_Button        button.o
    0x080003f4   0x080003f4   0x00000004   Code   RO          603    i.BusFault_Handler  stm32f1xx_it.o
    0x080003f8   0x080003f8   0x00000026   Code   RO           14    i.Button_Attach     button.o
    0x0800041e   0x0800041e   0x0000005c   Code   RO           15    i.Button_Create     button.o
    0x0800047a   0x0800047a   0x0000017e   Code   RO           16    i.Button_Cycle_Process  button.o
    0x080005f8   0x080005f8   0x0000001c   Code   RO           18    i.Button_Process    button.o
    0x08000614   0x08000614   0x00000040   Code   RO           19    i.Button_init       button.o
    0x08000654   0x08000654   0x00000002   Code   RO          604    i.DebugMon_Handler  stm32f1xx_it.o
    0x08000656   0x08000656   0x00000006   Code   RO          559    i.Error_Handler     main.o
    0x0800065c   0x0800065c   0x00000340   Code   RO         1036    i.HAL_GPIO_Init     stm32f1xx_hal_gpio.o
    0x0800099c   0x0800099c   0x00000010   Code   RO         1038    i.HAL_GPIO_ReadPin  stm32f1xx_hal_gpio.o
    0x080009ac   0x080009ac   0x00000014   Code   RO         1039    i.HAL_GPIO_TogglePin  stm32f1xx_hal_gpio.o
    0x080009c0   0x080009c0   0x0000000c   Code   RO         1040    i.HAL_GPIO_WritePin  stm32f1xx_hal_gpio.o
    0x080009cc   0x080009cc   0x0000000c   Code   RO          725    i.HAL_GetTick       stm32f1xx_hal.o
    0x080009d8   0x080009d8   0x00000028   Code   RO          732    i.HAL_Init          stm32f1xx_hal.o
    0x08000a00   0x08000a00   0x0000004c   Code   RO          733    i.HAL_InitTick      stm32f1xx_hal.o
    0x08000a4c   0x08000a4c   0x00000054   Code   RO          654    i.HAL_MspInit       stm32f1xx_hal_msp.o
    0x08000aa0   0x08000aa0   0x0000007c   Code   RO         1202    i.HAL_NVIC_SetPriority  stm32f1xx_hal_cortex.o
    0x08000b1c   0x08000b1c   0x00000028   Code   RO         1203    i.HAL_NVIC_SetPriorityGrouping  stm32f1xx_hal_cortex.o
    0x08000b44   0x08000b44   0x0000018c   Code   RO          889    i.HAL_RCC_ClockConfig  stm32f1xx_hal_rcc.o
    0x08000cd0   0x08000cd0   0x0000000c   Code   RO          894    i.HAL_RCC_GetHCLKFreq  stm32f1xx_hal_rcc.o
    0x08000cdc   0x08000cdc   0x00000070   Code   RO          898    i.HAL_RCC_GetSysClockFreq  stm32f1xx_hal_rcc.o
    0x08000d4c   0x08000d4c   0x00000464   Code   RO          901    i.HAL_RCC_OscConfig  stm32f1xx_hal_rcc.o
    0x080011b0   0x080011b0   0x00000034   Code   RO         1207    i.HAL_SYSTICK_Config  stm32f1xx_hal_cortex.o
    0x080011e4   0x080011e4   0x000000dc   Code   RO          560    i.MX_GPIO_Init      main.o
    0x080012c0   0x080012c0   0x00000004   Code   RO          605    i.MemManage_Handler  stm32f1xx_it.o
    0x080012c4   0x080012c4   0x00000004   Code   RO          606    i.NMI_Handler       stm32f1xx_it.o
    0x080012c8   0x080012c8   0x00000028   Code   RO          902    i.RCC_Delay         stm32f1xx_hal_rcc.o
    0x080012f0   0x080012f0   0x00000034   Code   RO           23    i.StrnCopy          button.o
    0x08001324   0x08001324   0x00000010   Code   RO         1863    i.SysTick_Handler   board.o
    0x08001334   0x08001334   0x00000056   Code   RO          561    i.SystemClock_Config  main.o
    0x0800138a   0x0800138a   0x00000002   PAD
    0x0800138c   0x0800138c   0x000000a4   Code   RO         1722    i.SystemCoreClockUpdate  system_stm32f1xx.o
    0x08001430   0x08001430   0x00000002   Code   RO         1723    i.SystemInit        system_stm32f1xx.o
    0x08001432   0x08001432   0x00000004   Code   RO          607    i.UsageFault_Handler  stm32f1xx_it.o
    0x08001436   0x08001436   0x00000002   PAD
    0x08001438   0x08001438   0x00000010   Code   RO         1209    i.__NVIC_GetPriorityGrouping  stm32f1xx_hal_cortex.o
    0x08001448   0x08001448   0x00000028   Code   RO         1210    i.__NVIC_SetPriority  stm32f1xx_hal_cortex.o
    0x08001470   0x08001470   0x0000004c   Code   RO         2210    i.__rt_ffs          kservice.o
    0x080014bc   0x080014bc   0x00000014   Code   RO         2061    i._ipc_list_resume  ipc.o
    0x080014d0   0x080014d0   0x0000006e   Code   RO         2063    i._ipc_list_suspend  ipc.o
    0x0800153e   0x0800153e   0x00000010   Code   RO         2064    i._ipc_object_init  ipc.o
    0x0800154e   0x0800154e   0x00000002   PAD
    0x08001550   0x08001550   0x00000028   Code   RO         2443    i._scheduler_get_highest_priority_thread  scheduler.o
    0x08001578   0x08001578   0x00000034   Code   RO         2522    i._thread_exit      thread.o
    0x080015ac   0x080015ac   0x00000080   Code   RO         2523    i._thread_init      thread.o
    0x0800162c   0x0800162c   0x0000002c   Code   RO         2524    i._thread_timeout   thread.o
    0x08001658   0x08001658   0x00000042   Code   RO         2630    i._timer_init       timer.o
    0x0800169a   0x0800169a   0x00000038   Code   RO         2631    i._timer_list_next_timeout  timer.o
    0x080016d2   0x080016d2   0x0000001c   Code   RO         2632    i._timer_remove     timer.o
    0x080016ee   0x080016ee   0x00000002   PAD
    0x080016f0   0x080016f0   0x00000048   Code   RO         2633    i._timer_thread_entry  timer.o
    0x08001738   0x08001738   0x00000024   Code   RO          501    i.beep_ctrl         beep.o
    0x0800175c   0x0800175c   0x00000024   Code   RO          502    i.beep_entry        beep.o
    0x08001780   0x08001780   0x00000088   Code   RO          503    i.beep_init         beep.o
    0x08001808   0x08001808   0x0000001c   Code   RO          504    i.beep_msg_handler  beep.o
    0x08001824   0x08001824   0x00000014   Code   RO          505    i.beep_send         beep.o
    0x08001838   0x08001838   0x0000000c   Code   RO          506    i.beep_timer_callback  beep.o
    0x08001844   0x08001844   0x000000e8   Code   RO           24    i.button_entry      button.o
    0x0800192c   0x0800192c   0x00000014   Code   RO          282    i.ht1621_clear      screen.o
    0x08001940   0x08001940   0x00000080   Code   RO          283    i.ht1621_display_number  screen.o
    0x080019c0   0x080019c0   0x00000036   Code   RO          284    i.ht1621_display_p  screen.o
    0x080019f6   0x080019f6   0x00000002   PAD
    0x080019f8   0x080019f8   0x00000054   Code   RO          285    i.ht1621_display_symbol  screen.o
    0x08001a4c   0x08001a4c   0x00000030   Code   RO          286    i.ht1621_set_pixel  screen.o
    0x08001a7c   0x08001a7c   0x0000001c   Code   RO          287    i.ht1621_updata     screen.o
    0x08001a98   0x08001a98   0x00000044   Code   RO          288    i.ht1621_write_bit  screen.o
    0x08001adc   0x08001adc   0x0000005c   Code   RO          289    i.ht1621_write_bit_h  screen.o
    0x08001b38   0x08001b38   0x0000005c   Code   RO          290    i.ht1621_write_bit_l  screen.o
    0x08001b94   0x08001b94   0x00000060   Code   RO          291    i.ht1621_write_cmd  screen.o
    0x08001bf4   0x08001bf4   0x0000004c   Code   RO          292    i.ht1621b_init      screen.o
    0x08001c40   0x08001c40   0x00000068   Code   RO          293    i.ht1621b_write_data  screen.o
    0x08001ca8   0x08001ca8   0x0000002c   Code   RO           25    i.key_back_down_callback  button.o
    0x08001cd4   0x08001cd4   0x00000010   Code   RO           26    i.key_back_level    button.o
    0x08001ce4   0x08001ce4   0x0000000c   Code   RO           27    i.key_down_down_callback  button.o
    0x08001cf0   0x08001cf0   0x00000010   Code   RO           28    i.key_down_read_level  button.o
    0x08001d00   0x08001d00   0x0000000c   Code   RO           29    i.key_manual_down_callback  button.o
    0x08001d0c   0x08001d0c   0x00000014   Code   RO           30    i.key_manual_read_level  button.o
    0x08001d20   0x08001d20   0x00000038   Code   RO           31    i.key_ok_down_callback  button.o
    0x08001d58   0x08001d58   0x00000010   Code   RO           32    i.key_ok_read_level  button.o
    0x08001d68   0x08001d68   0x0000000c   Code   RO           33    i.key_up_down_callback  button.o
    0x08001d74   0x08001d74   0x00000010   Code   RO           34    i.key_up_read_level  button.o
    0x08001d84   0x08001d84   0x00000028   Code   RO          562    i.main              main.o
    0x08001dac   0x08001dac   0x0000000e   Code   RO         1929    i.main_thread_entry  components.o
    0x08001dba   0x08001dba   0x00000002   PAD
    0x08001dbc   0x08001dbc   0x00000198   Code   RO         2212    i.print_number      kservice.o
    0x08001f54   0x08001f54   0x00000040   Code   RO         1930    i.rt_application_init  components.o
    0x08001f94   0x08001f94   0x0000001c   Code   RO         1931    i.rt_components_board_init  components.o
    0x08001fb0   0x08001fb0   0x0000001c   Code   RO         1932    i.rt_components_init  components.o
    0x08001fcc   0x08001fcc   0x00000030   Code   RO         2003    i.rt_defunct_execute  idle.o
    0x08001ffc   0x08001ffc   0x00000020   Code   RO         2445    i.rt_enter_critical  scheduler.o
    0x0800201c   0x0800201c   0x00000044   Code   RO         2446    i.rt_exit_critical  scheduler.o
    0x08002060   0x08002060   0x00000026   Code   RO         1864    i.rt_hw_board_init  board.o
    0x08002086   0x08002086   0x00000002   PAD
    0x08002088   0x08002088   0x00000024   Code   RO         1824    i.rt_hw_hard_fault_exception  cpuport.o
    0x080020ac   0x080020ac   0x0000004c   Code   RO         1825    i.rt_hw_stack_init  cpuport.o
    0x080020f8   0x080020f8   0x00000002   Code   RO          294    i.rt_hw_us_delay    screen.o
    0x080020fa   0x080020fa   0x00000002   PAD
    0x080020fc   0x080020fc   0x00000020   Code   RO         2183    i.rt_interrupt_enter  irq.o
    0x0800211c   0x0800211c   0x00000020   Code   RO         2185    i.rt_interrupt_leave  irq.o
    0x0800213c   0x0800213c   0x00000006   Code   RO         2065    i.rt_list_init      ipc.o
    0x08002142   0x08002142   0x00000006   Code   RO         2634    i.rt_list_init      timer.o
    0x08002148   0x08002148   0x0000000e   Code   RO         2635    i.rt_list_insert_after  timer.o
    0x08002156   0x08002156   0x0000000e   Code   RO         2066    i.rt_list_insert_before  ipc.o
    0x08002164   0x08002164   0x00000010   Code   RO         2067    i.rt_list_isempty   ipc.o
    0x08002174   0x08002174   0x00000010   Code   RO         2636    i.rt_list_isempty   timer.o
    0x08002184   0x08002184   0x00000012   Code   RO         2525    i.rt_list_remove    thread.o
    0x08002196   0x08002196   0x00000012   Code   RO         2637    i.rt_list_remove    timer.o
    0x080021a8   0x080021a8   0x0000007c   Code   RO         2216    i.rt_memcpy         kservice.o
    0x08002224   0x08002224   0x00000048   Code   RO         2218    i.rt_memset         kservice.o
    0x0800226c   0x0800226c   0x00000072   Code   RO         2070    i.rt_mq_init        ipc.o
    0x080022de   0x080022de   0x00000122   Code   RO         2071    i.rt_mq_recv        ipc.o
    0x08002400   0x08002400   0x00000016   Code   RO         2072    i.rt_mq_send        ipc.o
    0x08002416   0x08002416   0x0000012c   Code   RO         2073    i.rt_mq_send_wait   ipc.o
    0x08002542   0x08002542   0x0000002c   Code   RO         2387    i.rt_object_detach  object.o
    0x0800256e   0x0800256e   0x00000002   PAD
    0x08002570   0x08002570   0x00000028   Code   RO         2389    i.rt_object_get_information  object.o
    0x08002598   0x08002598   0x00000060   Code   RO         2393    i.rt_object_init    object.o
    0x080025f8   0x080025f8   0x00000012   Code   RO         2394    i.rt_object_is_systemobject  object.o
    0x0800260a   0x0800260a   0x00000002   PAD
    0x0800260c   0x0800260c   0x0000011c   Code   RO         2447    i.rt_schedule       scheduler.o
    0x08002728   0x08002728   0x0000009c   Code   RO         2448    i.rt_schedule_insert_thread  scheduler.o
    0x080027c4   0x080027c4   0x00000054   Code   RO         2449    i.rt_schedule_remove_thread  scheduler.o
    0x08002818   0x08002818   0x00000002   Code   RO         2220    i.rt_show_version   kservice.o
    0x0800281a   0x0800281a   0x00000002   PAD
    0x0800281c   0x0800281c   0x000000bc   Code   RO         2638    i.rt_soft_timer_check  timer.o
    0x080028d8   0x080028d8   0x00000022   Code   RO         2222    i.rt_sprintf        kservice.o
    0x080028fa   0x080028fa   0x00000034   Code   RO         2229    i.rt_strncpy        kservice.o
    0x0800292e   0x0800292e   0x00000002   PAD
    0x08002930   0x08002930   0x00000034   Code   RO         2450    i.rt_system_scheduler_init  scheduler.o
    0x08002964   0x08002964   0x00000028   Code   RO         2451    i.rt_system_scheduler_start  scheduler.o
    0x0800298c   0x0800298c   0x0000001c   Code   RO         2639    i.rt_system_timer_init  timer.o
    0x080029a8   0x080029a8   0x00000054   Code   RO         2640    i.rt_system_timer_thread_init  timer.o
    0x080029fc   0x080029fc   0x0000003c   Code   RO         2004    i.rt_thread_defunct_dequeue  idle.o
    0x08002a38   0x08002a38   0x0000001c   Code   RO         2005    i.rt_thread_defunct_enqueue  idle.o
    0x08002a54   0x08002a54   0x0000000c   Code   RO         2527    i.rt_thread_delay   thread.o
    0x08002a60   0x08002a60   0x00000024   Code   RO         2007    i.rt_thread_idle_entry  idle.o
    0x08002a84   0x08002a84   0x00000068   Code   RO         2009    i.rt_thread_idle_init  idle.o
    0x08002aec   0x08002aec   0x00000034   Code   RO         2531    i.rt_thread_init    thread.o
    0x08002b20   0x08002b20   0x00000014   Code   RO         2532    i.rt_thread_mdelay  thread.o
    0x08002b34   0x08002b34   0x0000003c   Code   RO         2533    i.rt_thread_resume  thread.o
    0x08002b70   0x08002b70   0x0000000c   Code   RO         2534    i.rt_thread_self    thread.o
    0x08002b7c   0x08002b7c   0x00000044   Code   RO         2535    i.rt_thread_sleep   thread.o
    0x08002bc0   0x08002bc0   0x00000028   Code   RO         2536    i.rt_thread_startup  thread.o
    0x08002be8   0x08002be8   0x00000048   Code   RO         2537    i.rt_thread_suspend  thread.o
    0x08002c30   0x08002c30   0x00000038   Code   RO         1890    i.rt_tick_from_millisecond  clock.o
    0x08002c68   0x08002c68   0x0000000c   Code   RO         1891    i.rt_tick_get       clock.o
    0x08002c74   0x08002c74   0x00000050   Code   RO         1893    i.rt_tick_increase  clock.o
    0x08002cc4   0x08002cc4   0x000000a4   Code   RO         2641    i.rt_timer_check    timer.o
    0x08002d68   0x08002d68   0x00000068   Code   RO         2642    i.rt_timer_control  timer.o
    0x08002dd0   0x08002dd0   0x00000028   Code   RO         2643    i.rt_timer_detach   timer.o
    0x08002df8   0x08002df8   0x0000002e   Code   RO         2644    i.rt_timer_init     timer.o
    0x08002e26   0x08002e26   0x00000002   PAD
    0x08002e28   0x08002e28   0x00000138   Code   RO         2646    i.rt_timer_start    timer.o
    0x08002f60   0x08002f60   0x00000030   Code   RO         2647    i.rt_timer_stop     timer.o
    0x08002f90   0x08002f90   0x00000340   Code   RO         2232    i.rt_vsnprintf      kservice.o
    0x080032d0   0x080032d0   0x00000016   Code   RO         2233    i.rt_vsprintf       kservice.o
    0x080032e6   0x080032e6   0x00000004   Code   RO         1933    i.rti_board_end     components.o
    0x080032ea   0x080032ea   0x00000004   Code   RO         1934    i.rti_board_start   components.o
    0x080032ee   0x080032ee   0x00000004   Code   RO         1935    i.rti_end           components.o
    0x080032f2   0x080032f2   0x00000004   Code   RO         1936    i.rti_start         components.o
    0x080032f6   0x080032f6   0x0000002a   Code   RO         1937    i.rtthread_startup  components.o
    0x08003320   0x08003320   0x00000030   Code   RO          295    i.screen_display_real_bardiff_num  screen.o
    0x08003350   0x08003350   0x00000008   Code   RO          296    i.screen_display_realtime  screen.o
    0x08003358   0x08003358   0x00000030   Code   RO          297    i.screen_display_reverse_num  screen.o
    0x08003388   0x08003388   0x00000038   Code   RO          298    i.screen_display_setviewer  screen.o
    0x080033c0   0x080033c0   0x00000040   Code   RO          299    i.screen_display_state_real_bar_diff  screen.o
    0x08003400   0x08003400   0x00000044   Code   RO          302    i.screen_entry      screen.o
    0x08003444   0x08003444   0x00000040   Code   RO          303    i.screen_init       screen.o
    0x08003484   0x08003484   0x00000014   Code   RO          304    i.screen_main_page_switch  screen.o
    0x08003498   0x08003498   0x00000008   Code   RO          305    i.screen_page_none  screen.o
    0x080034a0   0x080034a0   0x00000028   Code   RO          477    i.screen_power_ctrl  pwr.o
    0x080034c8   0x080034c8   0x00000010   Code   RO          306    i.screen_setviewer_know  screen.o
    0x080034d8   0x080034d8   0x00000024   Code   RO          307    i.screen_setviewer_page_switch  screen.o
    0x080034fc   0x080034fc   0x00000022   Code   RO          308    i.screen_setviewer_real_bar_diff  screen.o
    0x0800351e   0x0800351e   0x00000020   Code   RO          309    i.screen_setviewer_rever_time_bar_diff  screen.o
    0x0800353e   0x0800353e   0x00000020   Code   RO          310    i.screen_setviewer_rever_time_period  screen.o
    0x0800355e   0x0800355e   0x00000026   Code   RO         2234    i.skip_atoi         kservice.o
    0x08003584   0x08003584   0x0000000b   Data   RO          312    .constdata          screen.o
    0x0800358f   0x0800358f   0x00000012   Data   RO          903    .constdata          stm32f1xx_hal_rcc.o
    0x080035a1   0x080035a1   0x00000018   Data   RO         1724    .constdata          system_stm32f1xx.o
    0x080035b9   0x080035b9   0x00000122   Data   RO         2235    .constdata          kservice.o
    0x080036db   0x080036db   0x00000001   PAD
    0x080036dc   0x080036dc   0x00000004   Data   RO         1939    .rti_fn.0           components.o
    0x080036e0   0x080036e0   0x00000004   Data   RO         1940    .rti_fn.0.end       components.o
    0x080036e4   0x080036e4   0x00000004   Data   RO         1941    .rti_fn.1.end       components.o
    0x080036e8   0x080036e8   0x00000004   Data   RO           37    .rti_fn.6           button.o
    0x080036ec   0x080036ec   0x00000004   Data   RO          314    .rti_fn.6           screen.o
    0x080036f0   0x080036f0   0x00000004   Data   RO          508    .rti_fn.6           beep.o
    0x080036f4   0x080036f4   0x00000004   Data   RO         1942    .rti_fn.6.end       components.o
    0x080036f8   0x080036f8   0x00000020   Data   RO         2919    Region$$Table       anon$$obj.o


    Execution Region RW_IRAM1 (Exec base: 0x20000000, Load base: 0x08003718, Size: 0x00001ad0, Max: 0x0000c000, ABSOLUTE)

    Exec Addr    Load Addr    Size         Type   Attr      Idx    E Section Name        Object

    0x20000000   0x08003718   0x00000008   Data   RW           36    .data               button.o
    0x20000008   0x08003720   0x00000052   Data   RW          313    .data               screen.o
    0x2000005a   0x08003772   0x00000002   PAD
    0x2000005c   0x08003774   0x00000009   Data   RW          739    .data               stm32f1xx_hal.o
    0x20000065   0x0800377d   0x00000003   PAD
    0x20000068   0x08003780   0x00000004   Data   RW         1725    .data               system_stm32f1xx.o
    0x2000006c   0x08003784   0x00000010   Data   RW         1826    .data               cpuport.o
    0x2000007c   0x08003794   0x00000004   Data   RW         1895    .data               clock.o
    0x20000080   0x08003798   0x00000008   Data   RW         2012    .data               idle.o
    0x20000088   0x080037a0   0x00000001   Data   RW         2186    .data               irq.o
    0x20000089   0x080037a1   0x00000003   PAD
    0x2000008c   0x080037a4   0x00000040   Data   RW         2395    .data               object.o
    0x200000cc   0x080037e4   0x0000000d   Data   RW         2453    .data               scheduler.o
    0x200000d9   0x080037f1   0x00000003   PAD
    0x200000dc   0x080037f4   0x00000018   Data   RW         2649    .data               timer.o
    0x200000f4        -       0x000003cc   Zero   RW           35    .bss                button.o
    0x200004c0        -       0x000004c4   Zero   RW          311    .bss                screen.o
    0x20000984        -       0x00000170   Zero   RW          507    .bss                beep.o
    0x20000af4   0x0800380c   0x00000004   PAD
    0x20000af8        -       0x00000478   Zero   RW         1938    .bss                components.o
    0x20000f70        -       0x00000188   Zero   RW         2011    .bss                idle.o
    0x200010f8        -       0x00000100   Zero   RW         2452    .bss                scheduler.o
    0x200011f8        -       0x00000278   Zero   RW         2648    .bss                timer.o
    0x20001470        -       0x00000060   Zero   RW         2766    .bss                c_w.l(libspace.o)
    0x200014d0        -       0x00000200   Zero   RW            2    HEAP                startup_stm32f103xe.o
    0x200016d0        -       0x00000400   Zero   RW            1    STACK               startup_stm32f103xe.o


==============================================================================

Image component sizes


      Code (inc. data)   RO Data    RW Data    ZI Data      Debug   Object Name

       268         80          4          0        368       3643   beep.o
        54          0          0          0          0       1145   board.o
      1136        170          4          8        972     458354   button.o
       148         12          0          4          0       2384   clock.o
       202         36         16          0       1144       6384   components.o
       252         28          0          0          0        840   context_rvds.o
       112         10          0         16          0       3382   cpuport.o
       276         36          0          8        392       6930   idle.o
       908          0          0          0          0      10661   ipc.o
        64         12          0          1          0       1894   irq.o
      1660         22        290          0          0      10286   kservice.o
       352         18          0          0          0       2356   main.o
       198          4          0         64          0       4376   object.o
        40          6          0          0          0        508   pwr.o
       756         84          0         13        256       9620   scheduler.o
      1426        116         15         82       1220      16936   screen.o
        64         26        304          0       1536        788   startup_stm32f103xe.o
       128         24          0          9          0       5267   stm32f1xx_hal.o
       272         22          0          0          0      28606   stm32f1xx_hal_cortex.o
       880         40          0          0          0       3832   stm32f1xx_hal_gpio.o
        84          8          0          0          0        850   stm32f1xx_hal_msp.o
      1684         78         18          0          0       4730   stm32f1xx_hal_rcc.o
        18          0          0          0          0       2057   stm32f1xx_it.o
       166         22         24          4          0       1639   system_stm32f1xx.o
       578         14          0          0          0      10616   thread.o
      1290         74          0         24        632      14938   timer.o

    ----------------------------------------------------------------------
     13042        942        708        244       6524     613022   Object Totals
         0          0         32          0          0          0   (incl. Generated)
        26          0          1         11          4          0   (incl. Padding)

    ----------------------------------------------------------------------

      Code (inc. data)   RO Data    RW Data    ZI Data      Debug   Library Member Name

         8          0          0          0          0         68   __main.o
         0          0          0          0          0          0   __rtentry.o
        12          0          0          0          0          0   __rtentry2.o
         6          0          0          0          0          0   __rtentry4.o
        52          8          0          0          0          0   __scatter.o
        26          0          0          0          0          0   __scatter_copy.o
        28          0          0          0          0          0   __scatter_zi.o
        18          0          0          0          0         80   exit.o
         6          0          0          0          0        152   heapauxi.o
         0          0          0          0          0          0   indicate_semi.o
         2          0          0          0          0          0   libinit.o
         2          0          0          0          0          0   libinit2.o
         2          0          0          0          0          0   libshutdown.o
         2          0          0          0          0          0   libshutdown2.o
         8          4          0          0         96         68   libspace.o
        78          0          0          0          0         80   rt_memclr_w.o
         2          0          0          0          0          0   rtexit.o
        10          0          0          0          0          0   rtexit2.o
        12          4          0          0          0         68   sys_exit.o
        74          0          0          0          0         80   sys_stackheap_outer.o
         2          0          0          0          0         68   use_no_semi.o

    ----------------------------------------------------------------------
       354         16          0          0         96        664   Library Totals
         4          0          0          0          0          0   (incl. Padding)

    ----------------------------------------------------------------------

      Code (inc. data)   RO Data    RW Data    ZI Data      Debug   Library Name

       350         16          0          0         96        664   c_w.l

    ----------------------------------------------------------------------
       354         16          0          0         96        664   Library Totals

    ----------------------------------------------------------------------

==============================================================================


      Code (inc. data)   RO Data    RW Data    ZI Data      Debug   

     13396        958        708        244       6620     605102   Grand Totals
     13396        958        708        244       6620     605102   ELF Image Totals
     13396        958        708        244          0          0   ROM Totals

==============================================================================

    Total RO  Size (Code + RO Data)                14104 (  13.77kB)
    Total RW  Size (RW Data + ZI Data)              6864 (   6.70kB)
    Total ROM Size (Code + RO Data + RW Data)      14348 (  14.01kB)

==============================================================================

