Component: ARM Compiler 5.06 update 6 (build 750) Tool: armlink [4d35ed]

==============================================================================

Section Cross References

    startup_stm32f103xe.o(STACK) refers (Special) to heapauxi.o(.text) for __use_two_region_memory
    startup_stm32f103xe.o(HEAP) refers (Special) to heapauxi.o(.text) for __use_two_region_memory
    startup_stm32f103xe.o(RESET) refers (Special) to heapauxi.o(.text) for __use_two_region_memory
    startup_stm32f103xe.o(RESET) refers to startup_stm32f103xe.o(STACK) for __initial_sp
    startup_stm32f103xe.o(RESET) refers to startup_stm32f103xe.o(.text) for Reset_Handler
    startup_stm32f103xe.o(RESET) refers to stm32f1xx_it.o(i.NMI_Handler) for NMI_Handler
    startup_stm32f103xe.o(RESET) refers to context_rvds.o(.text) for HardFault_Handler
    startup_stm32f103xe.o(RESET) refers to stm32f1xx_it.o(i.MemManage_Handler) for MemManage_Handler
    startup_stm32f103xe.o(RESET) refers to stm32f1xx_it.o(i.BusFault_Handler) for BusFault_Handler
    startup_stm32f103xe.o(RESET) refers to stm32f1xx_it.o(i.UsageFault_Handler) for UsageFault_Handler
    startup_stm32f103xe.o(RESET) refers to stm32f1xx_it.o(i.DebugMon_Handler) for DebugMon_Handler
    startup_stm32f103xe.o(RESET) refers to board.o(i.SysTick_Handler) for SysTick_Handler
    startup_stm32f103xe.o(RESET) refers to stm32f1xx_it.o(i.RTC_IRQHandler) for RTC_IRQHandler
    startup_stm32f103xe.o(RESET) refers to stm32f1xx_it.o(i.EXTI0_IRQHandler) for EXTI0_IRQHandler
    startup_stm32f103xe.o(RESET) refers to stm32f1xx_it.o(i.EXTI1_IRQHandler) for EXTI1_IRQHandler
    startup_stm32f103xe.o(RESET) refers to stm32f1xx_it.o(i.EXTI2_IRQHandler) for EXTI2_IRQHandler
    startup_stm32f103xe.o(RESET) refers to stm32f1xx_it.o(i.EXTI3_IRQHandler) for EXTI3_IRQHandler
    startup_stm32f103xe.o(RESET) refers to stm32f1xx_it.o(i.DMA1_Channel1_IRQHandler) for DMA1_Channel1_IRQHandler
    startup_stm32f103xe.o(.text) refers (Special) to heapauxi.o(.text) for __use_two_region_memory
    startup_stm32f103xe.o(.text) refers to system_stm32f1xx.o(i.SystemInit) for SystemInit
    startup_stm32f103xe.o(.text) refers to __main.o(!!!main) for __main
    startup_stm32f103xe.o(.text) refers to startup_stm32f103xe.o(HEAP) for Heap_Mem
    startup_stm32f103xe.o(.text) refers to startup_stm32f103xe.o(STACK) for Stack_Mem
    button.o(i.Add_Button) refers to button.o(.data) for Head_Button
    button.o(i.Button_Create) refers to rt_memclr_w.o(.text) for __aeabi_memclr4
    button.o(i.Button_Create) refers to button.o(i.StrnCopy) for StrnCopy
    button.o(i.Button_Create) refers to button.o(i.Add_Button) for Add_Button
    button.o(i.Button_Cycle_Process) refers to button.o(.data) for Timer_Count2_en
    button.o(i.Button_Delete) refers to button.o(.data) for Head_Button
    button.o(i.Button_Process) refers to button.o(i.Button_Cycle_Process) for Button_Cycle_Process
    button.o(i.Button_Process) refers to button.o(.data) for Head_Button
    button.o(i.Button_init) refers to thread.o(i.rt_thread_init) for rt_thread_init
    button.o(i.Button_init) refers to thread.o(i.rt_thread_startup) for rt_thread_startup
    button.o(i.Button_init) refers to button.o(.bss) for button_stack
    button.o(i.Button_init) refers to button.o(i.button_entry) for button_entry
    button.o(i.HAL_GPIO_EXTI_Callback) refers to button.o(i.key_wake_up_handle) for key_wake_up_handle
    button.o(i.Search_Button) refers to button.o(.data) for Head_Button
    button.o(i.button_entry) refers to button.o(i.Button_Create) for Button_Create
    button.o(i.button_entry) refers to button.o(i.Button_Attach) for Button_Attach
    button.o(i.button_entry) refers to button.o(i.Button_SetTriggerTime) for Button_SetTriggerTime
    button.o(i.button_entry) refers to button.o(i.Button_Process) for Button_Process
    button.o(i.button_entry) refers to pwr.o(i.adc_value_handle) for adc_value_handle
    button.o(i.button_entry) refers to thread.o(i.rt_thread_mdelay) for rt_thread_mdelay
    button.o(i.button_entry) refers to button.o(i.key_up_read_level) for key_up_read_level
    button.o(i.button_entry) refers to button.o(.bss) for key_up
    button.o(i.button_entry) refers to button.o(i.key_up_down_callback) for key_up_down_callback
    button.o(i.button_entry) refers to button.o(i.key_up_down_contin_callback) for key_up_down_contin_callback
    button.o(i.button_entry) refers to button.o(i.key_down_read_level) for key_down_read_level
    button.o(i.button_entry) refers to button.o(i.key_down_down_callback) for key_down_down_callback
    button.o(i.button_entry) refers to button.o(i.key_down_contin_callback) for key_down_contin_callback
    button.o(i.button_entry) refers to button.o(i.key_entry_read_level) for key_entry_read_level
    button.o(i.button_entry) refers to button.o(i.key_ok_down_entry_callback) for key_ok_down_entry_callback
    button.o(i.button_entry) refers to button.o(i.key_ok_entry_long_callback) for key_ok_entry_long_callback
[...]
    DMA1_Channel6_IRQHandler                 0x080001e7   Thumb Code     0  startup_stm32f103xe.o(.text)
    DMA1_Channel7_IRQHandler                 0x080001e7   Thumb Code     0  startup_stm32f103xe.o(.text)
    DMA2_Channel1_IRQHandler                 0x080001e7   Thumb Code     0  startup_stm32f103xe.o(.text)
    DMA2_Channel2_IRQHandler                 0x080001e7   Thumb Code     0  startup_stm32f103xe.o(.text)
    DMA2_Channel3_IRQHandler                 0x080001e7   Thumb Code     0  startup_stm32f103xe.o(.text)
    DMA2_Channel4_5_IRQHandler               0x080001e7   Thumb Code     0  startup_stm32f103xe.o(.text)
    EXTI15_10_IRQHandler                     0x080001e7   Thumb Code     0  startup_stm32f103xe.o(.text)
    EXTI4_IRQHandler                         0x080001e7   Thumb Code     0  startup_stm32f103xe.o(.text)
    EXTI9_5_IRQHandler                       0x080001e7   Thumb Code     0  startup_stm32f103xe.o(.text)
    FLASH_IRQHandler                         0x080001e7   Thumb Code     0  startup_stm32f103xe.o(.text)
    FSMC_IRQHandler                          0x080001e7   Thumb Code     0  startup_stm32f103xe.o(.text)
    I2C1_ER_IRQHandler                       0x080001e7   Thumb Code     0  startup_stm32f103xe.o(.text)
    I2C1_EV_IRQHandler                       0x080001e7   Thumb Code     0  startup_stm32f103xe.o(.text)
    I2C2_ER_IRQHandler                       0x080001e7   Thumb Code     0  startup_stm32f103xe.o(.text)
    I2C2_EV_IRQHandler                       0x080001e7   Thumb Code     0  startup_stm32f103xe.o(.text)
    PVD_IRQHandler                           0x080001e7   Thumb Code     0  startup_stm32f103xe.o(.text)
    RCC_IRQHandler                           0x080001e7   Thumb Code     0  startup_stm32f103xe.o(.text)
    RTC_Alarm_IRQHandler                     0x080001e7   Thumb Code     0  startup_stm32f103xe.o(.text)
    SDIO_IRQHandler                          0x080001e7   Thumb Code     0  startup_stm32f103xe.o(.text)
    SPI1_IRQHandler                          0x080001e7   Thumb Code     0  startup_stm32f103xe.o(.text)
    SPI2_IRQHandler                          0x080001e7   Thumb Code     0  startup_stm32f103xe.o(.text)
    SPI3_IRQHandler                          0x080001e7   Thumb Code     0  startup_stm32f103xe.o(.text)
    TAMPER_IRQHandler                        0x080001e7   Thumb Code     0  startup_stm32f103xe.o(.text)
    TIM1_BRK_IRQHandler                      0x080001e7   Thumb Code     0  startup_stm32f103xe.o(.text)
    TIM1_CC_IRQHandler                       0x080001e7   Thumb Code     0  startup_stm32f103xe.o(.text)
    TIM1_TRG_COM_IRQHandler                  0x080001e7   Thumb Code     0  startup_stm32f103xe.o(.text)
    TIM1_UP_IRQHandler                       0x080001e7   Thumb Code     0  startup_stm32f103xe.o(.text)
    TIM2_IRQHandler                          0x080001e7   Thumb Code     0  startup_stm32f103xe.o(.text)
    TIM3_IRQHandler                          0x080001e7   Thumb Code     0  startup_stm32f103xe.o(.text)
    TIM4_IRQHandler                          0x080001e7   Thumb Code     0  startup_stm32f103xe.o(.text)
    TIM5_IRQHandler                          0x080001e7   Thumb Code     0  startup_stm32f103xe.o(.text)
    TIM6_IRQHandler                          0x080001e7   Thumb Code     0  startup_stm32f103xe.o(.text)
    TIM7_IRQHandler                          0x080001e7   Thumb Code     0  startup_stm32f103xe.o(.text)
    TIM8_BRK_IRQHandler                      0x080001e7   Thumb Code     0  startup_stm32f103xe.o(.text)
    TIM8_CC_IRQHandler                       0x080001e7   Thumb Code     0  startup_stm32f103xe.o(.text)
    TIM8_TRG_COM_IRQHandler                  0x080001e7   Thumb Code     0  startup_stm32f103xe.o(.text)
    TIM8_UP_IRQHandler                       0x080001e7   Thumb Code     0  startup_stm32f103xe.o(.text)
    UART4_IRQHandler                         0x080001e7   Thumb Code     0  startup_stm32f103xe.o(.text)
    UART5_IRQHandler                         0x080001e7   Thumb Code     0  startup_stm32f103xe.o(.text)
    USART1_IRQHandler                        0x080001e7   Thumb Code     0  startup_stm32f103xe.o(.text)
    USART2_IRQHandler                        0x080001e7   Thumb Code     0  startup_stm32f103xe.o(.text)
    USART3_IRQHandler                        0x080001e7   Thumb Code     0  startup_stm32f103xe.o(.text)
    USBWakeUp_IRQHandler                     0x080001e7   Thumb Code     0  startup_stm32f103xe.o(.text)
    USB_HP_CAN1_TX_IRQHandler                0x080001e7   Thumb Code     0  startup_stm32f103xe.o(.text)
    USB_LP_CAN1_RX0_IRQHandler               0x080001e7   Thumb Code     0  startup_stm32f103xe.o(.text)
    WWDG_IRQHandler                          0x080001e7   Thumb Code     0  startup_stm32f103xe.o(.text)
    __user_initial_stackheap                 0x080001e9   Thumb Code     0  startup_stm32f103xe.o(.text)
    rt_hw_interrupt_disable                  0x0800020d   Thumb Code     8  context_rvds.o(.text)
    rt_hw_interrupt_enable                   0x08000215   Thumb Code     6  context_rvds.o(.text)
    rt_hw_context_switch                     0x0800021b   Thumb Code    32  context_rvds.o(.text)
    rt_hw_context_switch_interrupt           0x0800021b   Thumb Code     0  context_rvds.o(.text)
    PendSV_Handler                           0x0800023b   Thumb Code    60  context_rvds.o(.text)
    rt_hw_context_switch_to                  0x08000277   Thumb Code    64  context_rvds.o(.text)
    rt_hw_interrupt_thread_switch            0x080002b7   Thumb Code     2  context_rvds.o(.text)
    HardFault_Handler                        0x080002b9   Thumb Code    52  context_rvds.o(.text)
    __aeabi_llsr                             0x08000309   Thumb Code     0  llushr.o(.text)
    _ll_ushift_r                             0x08000309   Thumb Code    38  llushr.o(.text)
    __aeabi_memclr4                          0x0800032f   Thumb Code     0  rt_memclr_w.o(.text)
    __aeabi_memclr8                          0x0800032f   Thumb Code     0  rt_memclr_w.o(.text)
    __rt_memclr_w                            0x0800032f   Thumb Code    78  rt_memclr_w.o(.text)
    _memset_w                                0x08000333   Thumb Code     0  rt_memclr_w.o(.text)
    __use_two_region_memory                  0x0800037d   Thumb Code     2  heapauxi.o(.text)
    __rt_heap_escrow$2region                 0x0800037f   Thumb Code     2  heapauxi.o(.text)
    __rt_heap_expand$2region                 0x08000381   Thumb Code     2  heapauxi.o(.text)
    __user_libspace                          0x08000385   Thumb Code     8  libspace.o(.text)
    __user_perproc_libspace                  0x08000385   Thumb Code     0  libspace.o(.text)
    __user_perthread_libspace                0x08000385   Thumb Code     0  libspace.o(.text)
    __user_setup_stackheap                   0x0800038d   Thumb Code    74  sys_stackheap_outer.o(.text)
    exit                                     0x080003d7   Thumb Code    18  exit.o(.text)
    _sys_exit                                0x080003e9   Thumb Code     8  sys_exit.o(.text)
    __I$use$semihosting                      0x080003f5   Thumb Code     0  use_no_semi.o(.text)
    __use_no_semihosting_swi                 0x080003f5   Thumb Code     2  use_no_semi.o(.text)
    __semihosting_library_function           0x080003f7   Thumb Code     0  indicate_semi.o(.text)
    main                                     0x080003f7   Thumb Code    10  components.o(i.$Sub$$main)
    ADC_ConversionStop_Disable               0x08000401   Thumb Code    92  stm32f1xx_hal_adc.o(i.ADC_ConversionStop_Disable)
    ADC_DMAConvCplt                          0x0800045d   Thumb Code    82  stm32f1xx_hal_adc.o(i.ADC_DMAConvCplt)
    ADC_DMAError                             0x080004af   Thumb Code    30  stm32f1xx_hal_adc.o(i.ADC_DMAError)
    ADC_DMAHalfConvCplt                      0x080004cd   Thumb Code    14  stm32f1xx_hal_adc.o(i.ADC_DMAHalfConvCplt)
    ADC_Enable                               0x080004dd   Thumb Code   134  stm32f1xx_hal_adc.o(i.ADC_Enable)
    BusFault_Handler                         0x08000589   Thumb Code     4  stm32f1xx_it.o(i.BusFault_Handler)
    Button_Attach                            0x0800058d   Thumb Code    56  button.o(i.Button_Attach)
    Button_Create                            0x080005c5   Thumb Code    92  button.o(i.Button_Create)
    Button_Cycle_Process                     0x08000621   Thumb Code   360  button.o(i.Button_Cycle_Process)
    Button_Process                           0x0800078d   Thumb Code    22  button.o(i.Button_Process)
    Button_SetTriggerTime                    0x080007a9   Thumb Code    10  button.o(i.Button_SetTriggerTime)
    Button_init                              0x080007b5   Thumb Code    44  button.o(i.Button_init)
    DMA1_Channel1_IRQHandler                 0x080007f5   Thumb Code    10  stm32f1xx_it.o(i.DMA1_Channel1_IRQHandler)
    DebugMon_Handler                         0x08000831   Thumb Code     2  stm32f1xx_it.o(i.DebugMon_Handler)
    EXTI0_IRQHandler                         0x08000833   Thumb Code    10  stm32f1xx_it.o(i.EXTI0_IRQHandler)
    EXTI1_IRQHandler                         0x0800083d   Thumb Code    10  stm32f1xx_it.o(i.EXTI1_IRQHandler)
    EXTI2_IRQHandler                         0x08000847   Thumb Code    10  stm32f1xx_it.o(i.EXTI2_IRQHandler)
    EXTI3_IRQHandler                         0x08000851   Thumb Code    10  stm32f1xx_it.o(i.EXTI3_IRQHandler)
    Error_Handler                            0x0800085b   Thumb Code     6  main.o(i.Error_Handler)
    FLASH_PageErase                          0x08000889   Thumb Code    32  stm32f1xx_hal_flash_ex.o(i.FLASH_PageErase)
    FLASH_WaitForLastOperation               0x08000955   Thumb Code   106  stm32f1xx_hal_flash.o(i.FLASH_WaitForLastOperation)
    HAL_ADCEx_Calibration_Start              0x080009c5   Thumb Code   278  stm32f1xx_hal_adc_ex.o(i.HAL_ADCEx_Calibration_Start)
    HAL_ADC_ConfigChannel                    0x08000ae1   Thumb Code   338  stm32f1xx_hal_adc.o(i.HAL_ADC_ConfigChannel)
    HAL_ADC_ConvCpltCallback                 0x08000c41   Thumb Code     2  pwr.o(i.HAL_ADC_ConvCpltCallback)
    HAL_ADC_ConvHalfCpltCallback             0x08000c43   Thumb Code     2  stm32f1xx_hal_adc.o(i.HAL_ADC_ConvHalfCpltCallback)
    HAL_ADC_ErrorCallback                    0x08000c45   Thumb Code     2  stm32f1xx_hal_adc.o(i.HAL_ADC_ErrorCallback)
    HAL_ADC_Init                             0x08000c49   Thumb Code   340  stm32f1xx_hal_adc.o(i.HAL_ADC_Init)
    HAL_ADC_MspInit                          0x08000da9   Thumb Code   196  stm32f1xx_hal_msp.o(i.HAL_ADC_MspInit)
    HAL_ADC_Start_DMA                        0x08000e85   Thumb Code   362  stm32f1xx_hal_adc.o(i.HAL_ADC_Start_DMA)
    HAL_DMA_IRQHandler                       0x08001005   Thumb Code   910  stm32f1xx_hal_dma.o(i.HAL_DMA_IRQHandler)
    HAL_DMA_Init                             0x0800139d   Thumb Code   132  stm32f1xx_hal_dma.o(i.HAL_DMA_Init)
    HAL_DMA_Start_IT                         0x08001429   Thumb Code   156  stm32f1xx_hal_dma.o(i.HAL_DMA_Start_IT)
    HAL_FLASHEx_Erase                        0x080014c5   Thumb Code   168  stm32f1xx_hal_flash_ex.o(i.HAL_FLASHEx_Erase)
    HAL_FLASH_Lock                           0x08001575   Thumb Code    16  stm32f1xx_hal_flash.o(i.HAL_FLASH_Lock)
    HAL_FLASH_Program                        0x08001589   Thumb Code   168  stm32f1xx_hal_flash.o(i.HAL_FLASH_Program)
    HAL_FLASH_Unlock                         0x08001639   Thumb Code    36  stm32f1xx_hal_flash.o(i.HAL_FLASH_Unlock)
    HAL_GPIO_EXTI_Callback                   0x08001669   Thumb Code    10  button.o(i.HAL_GPIO_EXTI_Callback)
    HAL_GPIO_EXTI_IRQHandler                 0x08001675   Thumb Code    24  stm32f1xx_hal_gpio.o(i.HAL_GPIO_EXTI_IRQHandler)
    HAL_GPIO_Init                            0x08001691   Thumb Code   792  stm32f1xx_hal_gpio.o(i.HAL_GPIO_Init)
    HAL_GPIO_ReadPin                         0x080019d1   Thumb Code    16  stm32f1xx_hal_gpio.o(i.HAL_GPIO_ReadPin)
    HAL_GPIO_WritePin                        0x080019e1   Thumb Code    12  stm32f1xx_hal_gpio.o(i.HAL_GPIO_WritePin)
    HAL_GetTick                              0x080019ed   Thumb Code     6  stm32f1xx_hal.o(i.HAL_GetTick)
    HAL_Init                                 0x080019f9   Thumb Code    34  stm32f1xx_hal.o(i.HAL_Init)
    HAL_InitTick                             0x08001a21   Thumb Code    64  stm32f1xx_hal.o(i.HAL_InitTick)
    HAL_MspInit                              0x08001a6d   Thumb Code    76  stm32f1xx_hal_msp.o(i.HAL_MspInit)
    HAL_NVIC_EnableIRQ                       0x08001ac1   Thumb Code    32  stm32f1xx_hal_cortex.o(i.HAL_NVIC_EnableIRQ)
    HAL_NVIC_SetPriority                     0x08001ae1   Thumb Code   124  stm32f1xx_hal_cortex.o(i.HAL_NVIC_SetPriority)
    HAL_NVIC_SetPriorityGrouping             0x08001b5d   Thumb Code    32  stm32f1xx_hal_cortex.o(i.HAL_NVIC_SetPriorityGrouping)
    HAL_PWR_EnableBkUpAccess                 0x08001b85   Thumb Code     8  stm32f1xx_hal_pwr.o(i.HAL_PWR_EnableBkUpAccess)
    HAL_PWR_EnterSLEEPMode                   0x08001b91   Thumb Code    28  stm32f1xx_hal_pwr.o(i.HAL_PWR_EnterSLEEPMode)
    HAL_RCCEx_GetPeriphCLKFreq               0x08001bb1   Thumb Code   260  stm32f1xx_hal_rcc_ex.o(i.HAL_RCCEx_GetPeriphCLKFreq)
    HAL_RCCEx_PeriphCLKConfig                0x08001cc9   Thumb Code   290  stm32f1xx_hal_rcc_ex.o(i.HAL_RCCEx_PeriphCLKConfig)
    HAL_RCC_ClockConfig                      0x08001df9   Thumb Code   376  stm32f1xx_hal_rcc.o(i.HAL_RCC_ClockConfig)
    HAL_RCC_GetHCLKFreq                      0x08001f85   Thumb Code     6  stm32f1xx_hal_rcc.o(i.HAL_RCC_GetHCLKFreq)
    HAL_RCC_GetPCLK2Freq                     0x08001f91   Thumb Code    22  stm32f1xx_hal_rcc.o(i.HAL_RCC_GetPCLK2Freq)
    HAL_RCC_GetSysClockFreq                  0x08001fb1   Thumb Code    92  stm32f1xx_hal_rcc.o(i.HAL_RCC_GetSysClockFreq)
    HAL_RCC_OscConfig                        0x08002021   Thumb Code  1114  stm32f1xx_hal_rcc.o(i.HAL_RCC_OscConfig)
    HAL_RTCEx_RTCEventCallback               0x08002485   Thumb Code    18  stm32f1xx_it.o(i.HAL_RTCEx_RTCEventCallback)
    HAL_RTCEx_RTCEventErrorCallback          0x0800249d   Thumb Code     2  stm32f1xx_hal_rtc_ex.o(i.HAL_RTCEx_RTCEventErrorCallback)
    HAL_RTCEx_RTCIRQHandler                  0x0800249f   Thumb Code    78  stm32f1xx_hal_rtc_ex.o(i.HAL_RTCEx_RTCIRQHandler)
    HAL_RTCEx_SetSecond_IT                   0x080024ed   Thumb Code    58  stm32f1xx_hal_rtc_ex.o(i.HAL_RTCEx_SetSecond_IT)
    HAL_RTC_Init                             0x08002529   Thumb Code   188  stm32f1xx_hal_rtc.o(i.HAL_RTC_Init)
    HAL_RTC_MspInit                          0x080025e9   Thumb Code    68  stm32f1xx_hal_msp.o(i.HAL_RTC_MspInit)
    HAL_RTC_WaitForSynchro                   0x08002639   Thumb Code    64  stm32f1xx_hal_rtc.o(i.HAL_RTC_WaitForSynchro)
    HAL_SYSTICK_Config                       0x08002679   Thumb Code    52  stm32f1xx_hal_cortex.o(i.HAL_SYSTICK_Config)
    MemManage_Handler                        0x080028e9   Thumb Code     4  stm32f1xx_it.o(i.MemManage_Handler)
    NMI_Handler                              0x080028ed   Thumb Code     4  stm32f1xx_it.o(i.NMI_Handler)
    RTC_IRQHandler                           0x0800298d   Thumb Code    10  stm32f1xx_it.o(i.RTC_IRQHandler)
    SysTick_Handler                          0x080029d1   Thumb Code    16  board.o(i.SysTick_Handler)
    SystemClock_Config                       0x080029e1   Thumb Code   122  main.o(i.SystemClock_Config)
    SystemCoreClockUpdate                    0x08002a5d   Thumb Code   142  system_stm32f1xx.o(i.SystemCoreClockUpdate)
    SystemInit                               0x08002b01   Thumb Code     2  system_stm32f1xx.o(i.SystemInit)
    UsageFault_Handler                       0x08002b03   Thumb Code     4  stm32f1xx_it.o(i.UsageFault_Handler)
    __rt_ffs                                 0x08002b41   Thumb Code    70  kservice.o(i.__rt_ffs)
    adc_average_voltage_get                  0x08002e09   Thumb Code   134  pwr.o(i.adc_average_voltage_get)
    adc_value_handle                         0x08002ea1   Thumb Code    24  pwr.o(i.adc_value_handle)
    adc_voltage_filter                       0x08002ec1   Thumb Code   198  pwr.o(i.adc_voltage_filter)
    battery_percent_get                      0x08002f91   Thumb Code    82  pwr.o(i.battery_percent_get)
    beep_ctrl                                0x08002fed   Thumb Code    30  beep.o(i.beep_ctrl)
    beep_entry                               0x08003011   Thumb Code    30  beep.o(i.beep_entry)
    beep_init                                0x08003035   Thumb Code   102  beep.o(i.beep_init)
    beep_msg_handler                         0x080030e1   Thumb Code    52  beep.o(i.beep_msg_handler)
    beep_send                                0x0800311d   Thumb Code    14  beep.o(i.beep_send)
    beep_timer_callback                      0x08003131   Thumb Code    30  beep.o(i.beep_timer_callback)
    beep_wait_timer_callback                 0x08003159   Thumb Code    12  beep.o(i.beep_wait_timer_callback)
    button_entry                             0x08003165   Thumb Code   198  button.o(i.button_entry)
    ht1621_clear                             0x080032a9   Thumb Code    14  screen.o(i.ht1621_clear)
    ht1621_display_number                    0x080032bd   Thumb Code   118  screen.o(i.ht1621_display_number)
    ht1621_display_p                         0x0800333d   Thumb Code    54  screen.o(i.ht1621_display_p)
    ht1621_display_symbol                    0x08003375   Thumb Code    70  screen.o(i.ht1621_display_symbol)
    ht1621_set_pixel                         0x080033c9   Thumb Code    42  screen.o(i.ht1621_set_pixel)
    ht1621_updata                            0x080033f9   Thumb Code    24  screen.o(i.ht1621_updata)
    ht1621_write_bit_h                       0x08003459   Thumb Code    88  screen.o(i.ht1621_write_bit_h)
    ht1621_write_bit_l                       0x080034b5   Thumb Code    86  screen.o(i.ht1621_write_bit_l)
    ht1621_write_cmd                         0x08003511   Thumb Code    92  screen.o(i.ht1621_write_cmd)
    ht1621b_close                            0x08003571   Thumb Code    70  screen.o(i.ht1621b_close)
    ht1621b_init                             0x080035bd   Thumb Code    82  screen.o(i.ht1621b_init)
    ht1621b_write_data                       0x08003615   Thumb Code   100  screen.o(i.ht1621b_write_data)
    key_back_down_callback                   0x0800367d   Thumb Code    62  button.o(i.key_back_down_callback)
    key_back_level                           0x080036c1   Thumb Code    12  button.o(i.key_back_level)
    key_ctrl_data                            0x080036d1   Thumb Code    86  button.o(i.key_ctrl_data)
    key_down_contin_callback                 0x0800372d   Thumb Code    12  button.o(i.key_down_contin_callback)
    key_down_down_callback                   0x08003739   Thumb Code    12  button.o(i.key_down_down_callback)
    key_down_read_level                      0x08003745   Thumb Code    12  button.o(i.key_down_read_level)
    key_entry_read_level                     0x08003755   Thumb Code    12  button.o(i.key_entry_read_level)
    key_manual_down_callback                 0x08003765   Thumb Code    44  button.o(i.key_manual_down_callback)
    key_manual_read_level                    0x08003795   Thumb Code    14  button.o(i.key_manual_read_level)
    key_ok_down_entry_callback               0x080037a9   Thumb Code    64  button.o(i.key_ok_down_entry_callback)
    key_ok_entry_long_callback               0x080037ed   Thumb Code    42  button.o(i.key_ok_entry_long_callback)
    key_setting_page_main_valve_handle       0x0800381d   Thumb Code    54  button.o(i.key_setting_page_main_valve_handle)
    key_setting_page_rever_bar_diff_handle   0x08003859   Thumb Code    54  button.o(i.key_setting_page_rever_bar_diff_handle)
    key_setting_page_rever_period_handle     0x08003895   Thumb Code   166  button.o(i.key_setting_page_rever_period_handle)
    key_setting_page_rever_time_handle       0x08003945   Thumb Code   156  button.o(i.key_setting_page_rever_time_handle)
    key_setting_page_station_interval_handle 0x080039e9   Thumb Code    54  button.o(i.key_setting_page_station_interval_handle)
    key_setting_page_station_num_handle      0x08003a25   Thumb Code    54  button.o(i.key_setting_page_station_num_handle)
    key_up_down_callback                     0x08003a61   Thumb Code    12  button.o(i.key_up_down_callback)
    key_up_down_contin_callback              0x08003a6d   Thumb Code    12  button.o(i.key_up_down_contin_callback)
    key_up_read_level                        0x08003a79   Thumb Code    12  button.o(i.key_up_read_level)
    key_wake_up_handle                       0x08003a89   Thumb Code    10  button.o(i.key_wake_up_handle)
    $Super$$main                             0x08003a93   Thumb Code    30  main.o(i.main)
    main_thread_entry                        0x08003ab1   Thumb Code    14  components.o(i.main_thread_entry)
    motor1_timer_callback                    0x08003abf   Thumb Code    14  motor.o(i.motor1_timer_callback)
    motor2_timer_callback                    0x08003acd   Thumb Code    14  motor.o(i.motor2_timer_callback)
    motor3_timer_callback                    0x08003adb   Thumb Code    14  motor.o(i.motor3_timer_callback)
    motor4_timer_callback                    0x08003ae9   Thumb Code    14  motor.o(i.motor4_timer_callback)
    motor5_timer_callback                    0x08003af7   Thumb Code    14  motor.o(i.motor5_timer_callback)
    motor6_timer_callback                    0x08003b05   Thumb Code    14  motor.o(i.motor6_timer_callback)
    motor_ctrl                               0x08003b15   Thumb Code    96  motor.o(i.motor_ctrl)
    motor_entry                              0x08003b8d   Thumb Code   254  motor.o(i.motor_entry)
    motor_hard_ctrl                          0x08003cb5   Thumb Code   170  motor.o(i.motor_hard_ctrl)
    motor_hard_info_back_register            0x08003d5f   Thumb Code    20  motor.o(i.motor_hard_info_back_register)
    motor_hard_info_forward_register         0x08003d73   Thumb Code    20  motor.o(i.motor_hard_info_forward_register)
    motor_init                               0x08003d89   Thumb Code   184  motor.o(i.motor_init)
    motor_power_ctrl                         0x08003ef9   Thumb Code    34  pwr.o(i.motor_power_ctrl)
    motor_send_msg                           0x08003f21   Thumb Code    34  motor.o(i.motor_send_msg)
    motor_timer_start                        0x08003f4d   Thumb Code    78  motor.o(i.motor_timer_start)
    power_intit                              0x08003fb5   Thumb Code    92  pwr.o(i.power_intit)
    pressure_get                             0x08004045   Thumb Code   126  pwr.o(i.pressure_get)
    process_handle                           0x08004275   Thumb Code    54  work.o(i.process_handle)
    process_init                             0x080042b1   Thumb Code    24  work.o(i.process_init)
    process_revering                         0x080042d1   Thumb Code   120  work.o(i.process_revering)
    process_stadying                         0x08004351   Thumb Code    52  work.o(i.process_stadying)
    process_station_interval                 0x08004391   Thumb Code    34  work.o(i.process_station_interval)
    process_stop                             0x080043b9   Thumb Code    26  work.o(i.process_stop)
    process_switch                           0x080043dd   Thumb Code    62  work.o(i.process_switch)
    pwr_entry                                0x08004421   Thumb Code    72  pwr.o(i.pwr_entry)
    pwr_msg_send                             0x0800446d   Thumb Code    14  pwr.o(i.pwr_msg_send)
    pwr_sleep                                0x08004481   Thumb Code    26  pwr.o(i.pwr_sleep)
    pwr_timer_callback                       0x0800451d   Thumb Code    12  pwr.o(i.pwr_timer_callback)
    pwr_wake_up                              0x08004529   Thumb Code    38  pwr.o(i.pwr_wake_up)
    rt_application_init                      0x080045d5   Thumb Code    44  components.o(i.rt_application_init)
    rt_components_board_init                 0x08004615   Thumb Code    20  components.o(i.rt_components_board_init)
    rt_components_init                       0x08004631   Thumb Code    20  components.o(i.rt_components_init)
    rt_enter_critical                        0x0800467d   Thumb Code    28  scheduler.o(i.rt_enter_critical)
    rt_exit_critical                         0x0800469d   Thumb Code    60  scheduler.o(i.rt_exit_critical)
    rt_hw_board_init                         0x080046e1   Thumb Code    38  board.o(i.rt_hw_board_init)
    rt_hw_hard_fault_exception               0x08004709   Thumb Code    32  cpuport.o(i.rt_hw_hard_fault_exception)
    rt_hw_stack_init                         0x0800472d   Thumb Code    70  cpuport.o(i.rt_hw_stack_init)
    rt_hw_us_delay                           0x08004779   Thumb Code     2  screen.o(i.rt_hw_us_delay)
    rt_interrupt_enter                       0x0800477d   Thumb Code    26  irq.o(i.rt_interrupt_enter)
    rt_interrupt_leave                       0x0800479d   Thumb Code    26  irq.o(i.rt_interrupt_leave)
    rt_memcpy                                0x08004829   Thumb Code   124  kservice.o(i.rt_memcpy)
    rt_memset                                0x080048a5   Thumb Code    72  kservice.o(i.rt_memset)
    rt_mq_init                               0x080048ed   Thumb Code   114  ipc.o(i.rt_mq_init)
    rt_mq_recv                               0x0800495f   Thumb Code   290  ipc.o(i.rt_mq_recv)
    rt_mq_send                               0x08004a81   Thumb Code    22  ipc.o(i.rt_mq_send)
    rt_mq_send_wait                          0x08004a97   Thumb Code   300  ipc.o(i.rt_mq_send_wait)
    rt_object_detach                         0x08004bc3   Thumb Code    44  object.o(i.rt_object_detach)
    rt_object_get_information                0x08004bf1   Thumb Code    36  object.o(i.rt_object_get_information)
    rt_object_init                           0x08004c19   Thumb Code    96  object.o(i.rt_object_init)
    rt_object_is_systemobject                0x08004c79   Thumb Code    18  object.o(i.rt_object_is_systemobject)
    rt_schedule                              0x08004c8d   Thumb Code   262  scheduler.o(i.rt_schedule)
    rt_schedule_insert_thread                0x08004da9   Thumb Code   142  scheduler.o(i.rt_schedule_insert_thread)
    rt_schedule_remove_thread                0x08004e45   Thumb Code    76  scheduler.o(i.rt_schedule_remove_thread)
    rt_show_version                          0x08004e99   Thumb Code     2  kservice.o(i.rt_show_version)
    rt_soft_timer_check                      0x08004e9d   Thumb Code   178  timer.o(i.rt_soft_timer_check)
    rt_sprintf                               0x08004f59   Thumb Code    34  kservice.o(i.rt_sprintf)
    rt_strncpy                               0x08004f7b   Thumb Code    52  kservice.o(i.rt_strncpy)
    rt_system_scheduler_init                 0x08004fb1   Thumb Code    38  scheduler.o(i.rt_system_scheduler_init)
    rt_system_scheduler_start                0x08004fe5   Thumb Code    36  scheduler.o(i.rt_system_scheduler_start)
    rt_system_timer_init                     0x0800500d   Thumb Code    24  timer.o(i.rt_system_timer_init)
    rt_system_timer_thread_init              0x08005029   Thumb Code    58  timer.o(i.rt_system_timer_thread_init)
    rt_thread_defunct_dequeue                0x0800507d   Thumb Code    56  idle.o(i.rt_thread_defunct_dequeue)
    rt_thread_defunct_enqueue                0x080050b9   Thumb Code    24  idle.o(i.rt_thread_defunct_enqueue)
    rt_thread_delay                          0x080050d5   Thumb Code    12  thread.o(i.rt_thread_delay)
    rt_thread_idle_init                      0x08005105   Thumb Code    82  idle.o(i.rt_thread_idle_init)
    rt_thread_init                           0x0800516d   Thumb Code    52  thread.o(i.rt_thread_init)
    rt_thread_mdelay                         0x080051a1   Thumb Code    20  thread.o(i.rt_thread_mdelay)
    rt_thread_resume                         0x080051b5   Thumb Code    60  thread.o(i.rt_thread_resume)
    rt_thread_self                           0x080051f1   Thumb Code     6  thread.o(i.rt_thread_self)
    rt_thread_sleep                          0x080051fd   Thumb Code    68  thread.o(i.rt_thread_sleep)
    rt_thread_startup                        0x08005241   Thumb Code    40  thread.o(i.rt_thread_startup)
    rt_thread_suspend                        0x08005269   Thumb Code    72  thread.o(i.rt_thread_suspend)
    rt_tick_from_millisecond                 0x080052b1   Thumb Code    56  clock.o(i.rt_tick_from_millisecond)
    rt_tick_get                              0x080052e9   Thumb Code     6  clock.o(i.rt_tick_get)
    rt_tick_increase                         0x080052f5   Thumb Code    74  clock.o(i.rt_tick_increase)
    rt_timer_check                           0x08005345   Thumb Code   160  timer.o(i.rt_timer_check)
    rt_timer_control                         0x080053e9   Thumb Code   104  timer.o(i.rt_timer_control)
    rt_timer_detach                          0x08005451   Thumb Code    40  timer.o(i.rt_timer_detach)
    rt_timer_init                            0x08005479   Thumb Code    46  timer.o(i.rt_timer_init)
    rt_timer_start                           0x080054a9   Thumb Code   292  timer.o(i.rt_timer_start)
    rt_timer_stop                            0x080055e1   Thumb Code    48  timer.o(i.rt_timer_stop)
    rt_vsnprintf                             0x08005611   Thumb Code   824  kservice.o(i.rt_vsnprintf)
    rt_vsprintf                              0x08005951   Thumb Code    22  kservice.o(i.rt_vsprintf)
    rtthread_startup                         0x08005977   Thumb Code    42  components.o(i.rtthread_startup)
    save_entry                               0x080059a1   Thumb Code    58  save.o(i.save_entry)
    save_init                                0x080059e5   Thumb Code    64  save.o(i.save_init)
    save_read_all_data_from_flash            0x08005a4d   Thumb Code   216  save.o(i.save_read_all_data_from_flash)
    save_send_msg                            0x08005b2d   Thumb Code    28  save.o(i.save_send_msg)
    save_write_data_to_flash                 0x08005b4d   Thumb Code   426  save.o(i.save_write_data_to_flash)
    screen_display_main_page_station_interval 0x08005d69   Thumb Code    62  screen.o(i.screen_display_main_page_station_interval)
    screen_display_main_reversing            0x08005dad   Thumb Code   200  screen.o(i.screen_display_main_reversing)
    screen_entry                             0x080062c1   Thumb Code    52  screen.o(i.screen_entry)
    screen_init                              0x080062fd   Thumb Code    42  screen.o(i.screen_init)
    screen_main_page_switch                  0x0800633d   Thumb Code    14  screen.o(i.screen_main_page_switch)
    screen_power_ctrl                        0x08006351   Thumb Code    34  pwr.o(i.screen_power_ctrl)
    screen_seting_page_switch                0x08006379   Thumb Code    30  screen.o(i.screen_seting_page_switch)
    screen_setviewer_page_switch             0x080063ad   Thumb Code    30  screen.o(i.screen_setviewer_page_switch)
    write_all_default_data_to_flash          0x0800646d   Thumb Code    58  save.o(i.write_all_default_data_to_flash)
    __aeabi_d2f                              0x080064ad   Thumb Code     0  d2f.o(x$fpl$d2f)
    _d2f                                     0x080064ad   Thumb Code    98  d2f.o(x$fpl$d2f)
    __aeabi_dadd                             0x08006511   Thumb Code     0  daddsub_clz.o(x$fpl$dadd)
    _dadd                                    0x08006511   Thumb Code   332  daddsub_clz.o(x$fpl$dadd)
    __fpl_dcmp_Inf                           0x08006661   Thumb Code    24  dcmpi.o(x$fpl$dcmpinf)
    __aeabi_ddiv                             0x08006679   Thumb Code     0  ddiv.o(x$fpl$ddiv)
    _ddiv                                    0x08006679   Thumb Code   552  ddiv.o(x$fpl$ddiv)
    __aeabi_d2uiz                            0x08006929   Thumb Code     0  dfixu.o(x$fpl$dfixu)
    _dfixu                                   0x08006929   Thumb Code    90  dfixu.o(x$fpl$dfixu)
    __aeabi_ui2d                             0x08006983   Thumb Code     0  dflt_clz.o(x$fpl$dfltu)
    _dfltu                                   0x08006983   Thumb Code    38  dflt_clz.o(x$fpl$dfltu)
    __aeabi_cdcmple                          0x080069a9   Thumb Code     0  dleqf.o(x$fpl$dleqf)
    _dcmple                                  0x080069a9   Thumb Code   120  dleqf.o(x$fpl$dleqf)
    __fpl_dcmple_InfNaN                      0x08006a0b   Thumb Code     0  dleqf.o(x$fpl$dleqf)
    __aeabi_dmul                             0x08006a21   Thumb Code     0  dmul.o(x$fpl$dmul)
    _dmul                                    0x08006a21   Thumb Code   332  dmul.o(x$fpl$dmul)
    __fpl_dnaninf                            0x08006b75   Thumb Code   156  dnaninf.o(x$fpl$dnaninf)
    __fpl_dretinf                            0x08006c11   Thumb Code    12  dretinf.o(x$fpl$dretinf)
    __aeabi_dsub                             0x08006c1d   Thumb Code     0  daddsub_clz.o(x$fpl$dsub)
    _dsub                                    0x08006c1d   Thumb Code   464  daddsub_clz.o(x$fpl$dsub)
    __aeabi_f2d                              0x08006df1   Thumb Code     0  f2d.o(x$fpl$f2d)
    _f2d                                     0x08006df1   Thumb Code    86  f2d.o(x$fpl$f2d)
    __aeabi_fdiv                             0x08006e49   Thumb Code     0  fdiv.o(x$fpl$fdiv)
    _fdiv                                    0x08006e49   Thumb Code   384  fdiv.o(x$fpl$fdiv)
    __aeabi_f2uiz                            0x08006fcd   Thumb Code     0  ffixu.o(x$fpl$ffixu)
    _ffixu                                   0x08006fcd   Thumb Code    62  ffixu.o(x$fpl$ffixu)
    __aeabi_ui2f                             0x0800700d   Thumb Code     0  fflt_clz.o(x$fpl$ffltu)
    _ffltu                                   0x0800700d   Thumb Code    38  fflt_clz.o(x$fpl$ffltu)
    __aeabi_fmul                             0x08007035   Thumb Code     0  fmul.o(x$fpl$fmul)
    _fmul                                    0x08007035   Thumb Code   258  fmul.o(x$fpl$fmul)
    __fpl_fnaninf                            0x08007137   Thumb Code   140  fnaninf.o(x$fpl$fnaninf)
    __fpl_fretinf                            0x080071c3   Thumb Code    10  fretinf.o(x$fpl$fretinf)
    __I$use$fp                               0x080071cc   Number         0  usenofp.o(x$fpl$usenofp)
    number_table                             0x080071cc   Data          11  screen.o(.constdata)
    AHBPrescTable                            0x080071fb   Data          16  system_stm32f1xx.o(.constdata)
    APBPrescTable                            0x0800720b   Data           8  system_stm32f1xx.o(.constdata)
    __lowest_bit_bitmap                      0x08007213   Data         256  kservice.o(.constdata)
    __rt_init_rti_start                      0x08007338   Data           4  components.o(.rti_fn.0)
    __rt_init_rti_board_start                0x0800733c   Data           4  components.o(.rti_fn.0.end)
    __rt_init_rti_board_end                  0x08007340   Data           4  components.o(.rti_fn.1.end)
    __rt_init_Button_init                    0x08007344   Data           4  button.o(.rti_fn.6)
    __rt_init_screen_init                    0x08007348   Data           4  screen.o(.rti_fn.6)
    __rt_init_power_intit                    0x0800734c   Data           4  pwr.o(.rti_fn.6)
    __rt_init_beep_init                      0x08007350   Data           4  beep.o(.rti_fn.6)
    __rt_init_save_init                      0x08007354   Data           4  save.o(.rti_fn.6)
    __rt_init_motor_init                     0x08007358   Data           4  motor.o(.rti_fn.6)
    __rt_init_rti_end                        0x0800735c   Data           4  components.o(.rti_fn.6.end)
    Region$$Table$$Base                      0x08007360   Number         0  anon$$obj.o(Region$$Table)
    Region$$Table$$Limit                     0x08007380   Number         0  anon$$obj.o(Region$$Table)
    is_long_Trigger                          0x20000008   Data           4  button.o(.data)
    screen_realtime_page_switch_cnt          0x2000000c   Data           4  screen.o(.data)
    screen_data                              0x20000010   Data           4  screen.o(.data)
    screen_main_pages                        0x20000058   Data          20  screen.o(.data)
    pwr_data                                 0x2000006e   Data           1  pwr.o(.data)
    beep_two_flag                            0x2000006f   Data           1  beep.o(.data)
    uwTick                                   0x20000074   Data           4  stm32f1xx_hal.o(.data)
    uwTickPrio                               0x20000078   Data           4  stm32f1xx_hal.o(.data)
    uwTickFreq                               0x2000007c   Data           1  stm32f1xx_hal.o(.data)
    SystemCoreClock                          0x20000080   Data           4  system_stm32f1xx.o(.data)
    rt_interrupt_from_thread                 0x20000084   Data           4  cpuport.o(.data)
    rt_interrupt_to_thread                   0x20000088   Data           4  cpuport.o(.data)
    rt_thread_switch_interrupt_flag          0x2000008c   Data           4  cpuport.o(.data)
    rt_interrupt_nest                        0x200000a0   Data           1  irq.o(.data)
    rt_thread_ready_priority_group           0x200000e4   Data           4  scheduler.o(.data)
    rt_current_thread                        0x200000ec   Data           4  scheduler.o(.data)
    rt_current_priority                      0x200000f0   Data           1  scheduler.o(.data)
    key_up                                   0x20000384   Data          64  button.o(.bss)
    key_down                                 0x200003c4   Data          64  button.o(.bss)
    key_entry                                0x20000404   Data          64  button.o(.bss)
    key_back                                 0x20000444   Data          64  button.o(.bss)
    manual                                   0x20000484   Data          64  button.o(.bss)
    screen_work_timer                        0x2000053c   Data          44  screen.o(.bss)
    screen_display_ram                       0x20000968   Data          32  screen.o(.bss)
    adc_value                                0x20000988   Data         128  pwr.o(.bss)
    battery_data                             0x20000a08   Data         144  pwr.o(.bss)
    pressure_data                            0x20000a98   Data         144  pwr.o(.bss)
    pwr_timer                                0x20000cec   Data          44  pwr.o(.bss)
    beep_timer                               0x20000e5c   Data          44  beep.o(.bss)
    beep_wait_timer                          0x20000e88   Data          44  beep.o(.bss)
    save_set_data                            0x20000ec4   Data          44  save.o(.bss)
    motor1                                   0x200010b4   Data          20  motor.o(.bss)
    motor2                                   0x200010c8   Data          20  motor.o(.bss)
    motor3                                   0x200010dc   Data          20  motor.o(.bss)
    motor4                                   0x200010f0   Data          20  motor.o(.bss)
    motor5                                   0x20001104   Data          20  motor.o(.bss)
    motor6                                   0x20001118   Data          20  motor.o(.bss)
    motor_timer1                             0x2000112c   Data          44  motor.o(.bss)
    motor_timer2                             0x20001158   Data          44  motor.o(.bss)
    motor_timer3                             0x20001184   Data          44  motor.o(.bss)
    motor_timer4                             0x200011b0   Data          44  motor.o(.bss)
    motor_timer5                             0x200011dc   Data          44  motor.o(.bss)
    motor_timer6                             0x20001208   Data          44  motor.o(.bss)
    process_data                             0x200016f4   Data          32  work.o(.bss)
    hadc1                                    0x20001714   Data          48  main.o(.bss)
    hdma_adc1                                0x20001744   Data          68  main.o(.bss)
    hrtc                                     0x20001788   Data          20  main.o(.bss)
    pFlash                                   0x200017a0   Data          32  stm32f1xx_hal_flash.o(.bss)
    main_thread                              0x20001bc0   Data         120  components.o(.bss)
    rt_thread_priority_table                 0x20001dc0   Data         256  scheduler.o(.bss)
    __libspace_start                         0x20002138   Data          96  libspace.o(.bss)
    __temporary_stack_top$libspace           0x20002198   Data           0  libspace.o(.bss)



==============================================================================

Memory Map of the image

  Image Entry point : 0x08000131

  Load Region LR_IROM1 (Base: 0x08000000, Size: 0x0000748c, Max: 0x00040000, ABSOLUTE)

    Execution Region ER_IROM1 (Exec base: 0x08000000, Load base: 0x08000000, Size: 0x00007380, Max: 0x00040000, ABSOLUTE)

    Exec Addr    Load Addr    Size         Type   Attr      Idx    E Section Name        Object

    0x08000000   0x08000000   0x00000130   Data   RO            3    RESET               startup_stm32f103xe.o
    0x08000130   0x08000130   0x00000008   Code   RO         3907  * !!!main             c_w.l(__main.o)
    0x08000138   0x08000138   0x00000034   Code   RO         4129    !!!scatter          c_w.l(__scatter.o)
    0x0800016c   0x0800016c   0x0000001a   Code   RO         4131    !!handler_copy      c_w.l(__scatter_copy.o)
    0x08000186   0x08000186   0x00000002   PAD
    0x08000188   0x08000188   0x0000001c   Code   RO         4133    !!handler_zi        c_w.l(__scatter_zi.o)
    0x080001a4   0x080001a4   0x00000002   Code   RO         4049    .ARM.Collect$$libinit$$00000000  c_w.l(libinit.o)
    0x080001a6   0x080001a6   0x00000000   Code   RO         3994    .ARM.Collect$$libinit$$00000002  c_w.l(libinit2.o)
    0x080001a6   0x080001a6   0x00000000   Code   RO         3996    .ARM.Collect$$libinit$$00000004  c_w.l(libinit2.o)
    0x080001a6   0x080001a6   0x00000000   Code   RO         3999    .ARM.Collect$$libinit$$0000000A  c_w.l(libinit2.o)
    0x080001a6   0x080001a6   0x00000000   Code   RO         4001    .ARM.Collect$$libinit$$0000000C  c_w.l(libinit2.o)
    0x080001a6   0x080001a6   0x00000000   Code   RO         4003    .ARM.Collect$$libinit$$0000000E  c_w.l(libinit2.o)
    0x080001a6   0x080001a6   0x00000000   Code   RO         4006    .ARM.Collect$$libinit$$00000011  c_w.l(libinit2.o)
    0x080001a6   0x080001a6   0x00000000   Code   RO         4008    .ARM.Collect$$libinit$$00000013  c_w.l(libinit2.o)
    0x080001a6   0x080001a6   0x00000000   Code   RO         4010    .ARM.Collect$$libinit$$00000015  c_w.l(libinit2.o)
    0x080001a6   0x080001a6   0x00000000   Code   RO         4012    .ARM.Collect$$libinit$$00000017  c_w.l(libinit2.o)
    0x080001a6   0x080001a6   0x00000000   Code   RO         4014    .ARM.Collect$$libinit$$00000019  c_w.l(libinit2.o)
    0x080001a6   0x080001a6   0x00000000   Code   RO         4016    .ARM.Collect$$libinit$$0000001B  c_w.l(libinit2.o)
    0x080001a6   0x080001a6   0x00000000   Code   RO         4018    .ARM.Collect$$libinit$$0000001D  c_w.l(libinit2.o)
    0x080001a6   0x080001a6   0x00000000   Code   RO         4020    .ARM.Collect$$libinit$$0000001F  c_w.l(libinit2.o)
    0x080001a6   0x080001a6   0x00000000   Code   RO         4022    .ARM.Collect$$libinit$$00000021  c_w.l(libinit2.o)
    0x080001a6   0x080001a6   0x00000000   Code   RO         4024    .ARM.Collect$$libinit$$00000023  c_w.l(libinit2.o)
    0x080001a6   0x080001a6   0x00000000   Code   RO         4026    .ARM.Collect$$libinit$$00000025  c_w.l(libinit2.o)
    0x080001a6   0x080001a6   0x00000000   Code   RO         4030    .ARM.Collect$$libinit$$0000002C  c_w.l(libinit2.o)
    0x080001a6   0x080001a6   0x00000000   Code   RO         4032    .ARM.Collect$$libinit$$0000002E  c_w.l(libinit2.o)
    0x080001a6   0x080001a6   0x00000000   Code   RO         4034    .ARM.Collect$$libinit$$00000030  c_w.l(libinit2.o)
    0x080001a6   0x080001a6   0x00000000   Code   RO         4036    .ARM.Collect$$libinit$$00000032  c_w.l(libinit2.o)
    0x080001a6   0x080001a6   0x00000002   Code   RO         4037    .ARM.Collect$$libinit$$00000033  c_w.l(libinit2.o)
    0x080001a8   0x080001a8   0x00000002   Code   RO         4086    .ARM.Collect$$libshutdown$$00000000  c_w.l(libshutdown.o)
    0x080001aa   0x080001aa   0x00000000   Code   RO         4092    .ARM.Collect$$libshutdown$$00000002  c_w.l(libshutdown2.o)
    0x080001aa   0x080001aa   0x00000000   Code   RO         4094    .ARM.Collect$$libshutdown$$00000004  c_w.l(libshutdown2.o)
    0x080001aa   0x080001aa   0x00000000   Code   RO         4097    .ARM.Collect$$libshutdown$$00000007  c_w.l(libshutdown2.o)
    0x080001aa   0x080001aa   0x00000000   Code   RO         4100    .ARM.Collect$$libshutdown$$0000000A  c_w.l(libshutdown2.o)
    0x080001aa   0x080001aa   0x00000000   Code   RO         4102    .ARM.Collect$$libshutdown$$0000000C  c_w.l(libshutdown2.o)
    0x080001aa   0x080001aa   0x00000000   Code   RO         4105    .ARM.Collect$$libshutdown$$0000000F  c_w.l(libshutdown2.o)
    0x080001aa   0x080001aa   0x00000002   Code   RO         4106    .ARM.Collect$$libshutdown$$00000010  c_w.l(libshutdown2.o)
    0x080001ac   0x080001ac   0x00000000   Code   RO         3953    .ARM.Collect$$rtentry$$00000000  c_w.l(__rtentry.o)
    0x080001ac   0x080001ac   0x00000000   Code   RO         3977    .ARM.Collect$$rtentry$$00000002  c_w.l(__rtentry2.o)
    0x080001ac   0x080001ac   0x00000006   Code   RO         3989    .ARM.Collect$$rtentry$$00000004  c_w.l(__rtentry4.o)
    0x080001b2   0x080001b2   0x00000000   Code   RO         3979    .ARM.Collect$$rtentry$$00000009  c_w.l(__rtentry2.o)
    0x080001b2   0x080001b2   0x00000004   Code   RO         3980    .ARM.Collect$$rtentry$$0000000A  c_w.l(__rtentry2.o)
    0x080001b6   0x080001b6   0x00000000   Code   RO         3982    .ARM.Collect$$rtentry$$0000000C  c_w.l(__rtentry2.o)
    0x080001b6   0x080001b6   0x00000008   Code   RO         3983    .ARM.Collect$$rtentry$$0000000D  c_w.l(__rtentry2.o)
    0x080001be   0x080001be   0x00000002   Code   RO         4052    .ARM.Collect$$rtexit$$00000000  c_w.l(rtexit.o)
    0x080001c0   0x080001c0   0x00000000   Code   RO         4061    .ARM.Collect$$rtexit$$00000002  c_w.l(rtexit2.o)
    0x080001c0   0x080001c0   0x00000004   Code   RO         4062    .ARM.Collect$$rtexit$$00000003  c_w.l(rtexit2.o)
    0x080001c4   0x080001c4   0x00000006   Code   RO         4063    .ARM.Collect$$rtexit$$00000004  c_w.l(rtexit2.o)
    0x080001ca   0x080001ca   0x00000002   PAD
    0x080001cc   0x080001cc   0x00000040   Code   RO            4    .text               startup_stm32f103xe.o
    0x0800020c   0x0800020c   0x000000fc   Code   RO         2970    .text               context_rvds.o
    0x08000308   0x08000308   0x00000026   Code   RO         3899    .text               c_w.l(llushr.o)
    0x0800032e   0x0800032e   0x0000004e   Code   RO         3903    .text               c_w.l(rt_memclr_w.o)
    0x0800037c   0x0800037c   0x00000006   Code   RO         3905    .text               c_w.l(heapauxi.o)
    0x08000382   0x08000382   0x00000002   PAD
    0x08000384   0x08000384   0x00000008   Code   RO         3973    .text               c_w.l(libspace.o)
    0x0800038c   0x0800038c   0x0000004a   Code   RO         4038    .text               c_w.l(sys_stackheap_outer.o)
    0x080003d6   0x080003d6   0x00000012   Code   RO         4040    .text               c_w.l(exit.o)
    0x080003e8   0x080003e8   0x0000000c   Code   RO         4073    .text               c_w.l(sys_exit.o)
    0x080003f4   0x080003f4   0x00000002   Code   RO         4075    .text               c_w.l(use_no_semi.o)
    0x080003f6   0x080003f6   0x00000000   Code   RO         4077    .text               c_w.l(indicate_semi.o)
    0x080003f6   0x080003f6   0x0000000a   Code   RO         3081    i.$Sub$$main        components.o
    0x08000400   0x08000400   0x0000005c   Code   RO         1314    i.ADC_ConversionStop_Disable  stm32f1xx_hal_adc.o
    0x0800045c   0x0800045c   0x00000052   Code   RO         1315    i.ADC_DMAConvCplt   stm32f1xx_hal_adc.o
    0x080004ae   0x080004ae   0x0000001e   Code   RO         1316    i.ADC_DMAError      stm32f1xx_hal_adc.o
    0x080004cc   0x080004cc   0x0000000e   Code   RO         1317    i.ADC_DMAHalfConvCplt  stm32f1xx_hal_adc.o
    0x080004da   0x080004da   0x00000002   PAD
    0x080004dc   0x080004dc   0x00000090   Code   RO         1318    i.ADC_Enable        stm32f1xx_hal_adc.o
    0x0800056c   0x0800056c   0x0000001c   Code   RO           13    i.Add_Button        button.o
    0x08000588   0x08000588   0x00000004   Code   RO         1136    i.BusFault_Handler  stm32f1xx_it.o
    0x0800058c   0x0800058c   0x00000038   Code   RO           14    i.Button_Attach     button.o
    0x080005c4   0x080005c4   0x0000005c   Code   RO           15    i.Button_Create     button.o
    0x08000620   0x08000620   0x0000016c   Code   RO           16    i.Button_Cycle_Process  button.o
    0x0800078c   0x0800078c   0x0000001c   Code   RO           18    i.Button_Process    button.o
    0x080007a8   0x080007a8   0x0000000a   Code   RO           19    i.Button_SetTriggerTime  button.o
    0x080007b2   0x080007b2   0x00000002   PAD
    0x080007b4   0x080007b4   0x00000040   Code   RO           20    i.Button_init       button.o
    0x080007f4   0x080007f4   0x00000010   Code   RO         1137    i.DMA1_Channel1_IRQHandler  stm32f1xx_it.o
    0x08000804   0x08000804   0x0000002c   Code   RO         1975    i.DMA_SetConfig     stm32f1xx_hal_dma.o
    0x08000830   0x08000830   0x00000002   Code   RO         1138    i.DebugMon_Handler  stm32f1xx_it.o
    0x08000832   0x08000832   0x0000000a   Code   RO         1139    i.EXTI0_IRQHandler  stm32f1xx_it.o
    0x0800083c   0x0800083c   0x0000000a   Code   RO         1140    i.EXTI1_IRQHandler  stm32f1xx_it.o
    0x08000846   0x08000846   0x0000000a   Code   RO         1141    i.EXTI2_IRQHandler  stm32f1xx_it.o
    0x08000850   0x08000850   0x0000000a   Code   RO         1142    i.EXTI3_IRQHandler  stm32f1xx_it.o
    0x0800085a   0x0800085a   0x00000006   Code   RO         1073    i.Error_Handler     main.o
    0x08000860   0x08000860   0x00000028   Code   RO         2420    i.FLASH_MassErase   stm32f1xx_hal_flash_ex.o
    0x08000888   0x08000888   0x00000028   Code   RO         2429    i.FLASH_PageErase   stm32f1xx_hal_flash_ex.o
    0x080008b0   0x080008b0   0x00000020   Code   RO         2317    i.FLASH_Program_HalfWord  stm32f1xx_hal_flash.o
    0x080008d0   0x080008d0   0x00000084   Code   RO         2318    i.FLASH_SetErrorCode  stm32f1xx_hal_flash.o
    0x08000954   0x08000954   0x00000070   Code   RO         2319    i.FLASH_WaitForLastOperation  stm32f1xx_hal_flash.o
    0x080009c4   0x080009c4   0x0000011c   Code   RO         1494    i.HAL_ADCEx_Calibration_Start  stm32f1xx_hal_adc_ex.o
    0x08000ae0   0x08000ae0   0x00000160   Code   RO         1320    i.HAL_ADC_ConfigChannel  stm32f1xx_hal_adc.o
    0x08000c40   0x08000c40   0x00000002   Code   RO          644    i.HAL_ADC_ConvCpltCallback  pwr.o
    0x08000c42   0x08000c42   0x00000002   Code   RO         1322    i.HAL_ADC_ConvHalfCpltCallback  stm32f1xx_hal_adc.o
    0x08000c44   0x08000c44   0x00000002   Code   RO         1324    i.HAL_ADC_ErrorCallback  stm32f1xx_hal_adc.o
    0x08000c46   0x08000c46   0x00000002   PAD
    0x08000c48   0x08000c48   0x00000160   Code   RO         1329    i.HAL_ADC_Init      stm32f1xx_hal_adc.o
    0x08000da8   0x08000da8   0x000000dc   Code   RO         1231    i.HAL_ADC_MspInit   stm32f1xx_hal_msp.o
    0x08000e84   0x08000e84   0x00000180   Code   RO         1336    i.HAL_ADC_Start_DMA  stm32f1xx_hal_adc.o
    0x08001004   0x08001004   0x00000398   Code   RO         1981    i.HAL_DMA_IRQHandler  stm32f1xx_hal_dma.o
    0x0800139c   0x0800139c   0x0000008c   Code   RO         1982    i.HAL_DMA_Init      stm32f1xx_hal_dma.o
    0x08001428   0x08001428   0x0000009c   Code   RO         1986    i.HAL_DMA_Start_IT  stm32f1xx_hal_dma.o
    0x080014c4   0x080014c4   0x000000b0   Code   RO         2430    i.HAL_FLASHEx_Erase  stm32f1xx_hal_flash_ex.o
    0x08001574   0x08001574   0x00000014   Code   RO         2323    i.HAL_FLASH_Lock    stm32f1xx_hal_flash.o
    0x08001588   0x08001588   0x000000b0   Code   RO         2328    i.HAL_FLASH_Program  stm32f1xx_hal_flash.o
    0x08001638   0x08001638   0x00000030   Code   RO         2330    i.HAL_FLASH_Unlock  stm32f1xx_hal_flash.o
    0x08001668   0x08001668   0x0000000a   Code   RO           23    i.HAL_GPIO_EXTI_Callback  button.o
    0x08001672   0x08001672   0x00000002   PAD
    0x08001674   0x08001674   0x0000001c   Code   RO         1911    i.HAL_GPIO_EXTI_IRQHandler  stm32f1xx_hal_gpio.o
    0x08001690   0x08001690   0x00000340   Code   RO         1912    i.HAL_GPIO_Init     stm32f1xx_hal_gpio.o
    0x080019d0   0x080019d0   0x00000010   Code   RO         1914    i.HAL_GPIO_ReadPin  stm32f1xx_hal_gpio.o
    0x080019e0   0x080019e0   0x0000000c   Code   RO         1916    i.HAL_GPIO_WritePin  stm32f1xx_hal_gpio.o
    0x080019ec   0x080019ec   0x0000000c   Code   RO         1601    i.HAL_GetTick       stm32f1xx_hal.o
    0x080019f8   0x080019f8   0x00000028   Code   RO         1608    i.HAL_Init          stm32f1xx_hal.o
    0x08001a20   0x08001a20   0x0000004c   Code   RO         1609    i.HAL_InitTick      stm32f1xx_hal.o
    0x08001a6c   0x08001a6c   0x00000054   Code   RO         1232    i.HAL_MspInit       stm32f1xx_hal_msp.o
    0x08001ac0   0x08001ac0   0x00000020   Code   RO         2072    i.HAL_NVIC_EnableIRQ  stm32f1xx_hal_cortex.o
    0x08001ae0   0x08001ae0   0x0000007c   Code   RO         2078    i.HAL_NVIC_SetPriority  stm32f1xx_hal_cortex.o
    0x08001b5c   0x08001b5c   0x00000028   Code   RO         2079    i.HAL_NVIC_SetPriorityGrouping  stm32f1xx_hal_cortex.o
    0x08001b84   0x08001b84   0x0000000c   Code   RO         2199    i.HAL_PWR_EnableBkUpAccess  stm32f1xx_hal_pwr.o
    0x08001b90   0x08001b90   0x00000020   Code   RO         2204    i.HAL_PWR_EnterSLEEPMode  stm32f1xx_hal_pwr.o
    0x08001bb0   0x08001bb0   0x00000118   Code   RO         1873    i.HAL_RCCEx_GetPeriphCLKFreq  stm32f1xx_hal_rcc_ex.o
    0x08001cc8   0x08001cc8   0x00000130   Code   RO         1874    i.HAL_RCCEx_PeriphCLKConfig  stm32f1xx_hal_rcc_ex.o
    0x08001df8   0x08001df8   0x0000018c   Code   RO         1765    i.HAL_RCC_ClockConfig  stm32f1xx_hal_rcc.o
    0x08001f84   0x08001f84   0x0000000c   Code   RO         1770    i.HAL_RCC_GetHCLKFreq  stm32f1xx_hal_rcc.o
    0x08001f90   0x08001f90   0x00000020   Code   RO         1773    i.HAL_RCC_GetPCLK2Freq  stm32f1xx_hal_rcc.o
    0x08001fb0   0x08001fb0   0x00000070   Code   RO         1774    i.HAL_RCC_GetSysClockFreq  stm32f1xx_hal_rcc.o
    0x08002020   0x08002020   0x00000464   Code   RO         1777    i.HAL_RCC_OscConfig  stm32f1xx_hal_rcc.o
    0x08002484   0x08002484   0x00000018   Code   RO         1143    i.HAL_RTCEx_RTCEventCallback  stm32f1xx_it.o
    0x0800249c   0x0800249c   0x00000002   Code   RO         2779    i.HAL_RTCEx_RTCEventErrorCallback  stm32f1xx_hal_rtc_ex.o
    0x0800249e   0x0800249e   0x0000004e   Code   RO         2780    i.HAL_RTCEx_RTCIRQHandler  stm32f1xx_hal_rtc_ex.o
    0x080024ec   0x080024ec   0x0000003a   Code   RO         2781    i.HAL_RTCEx_SetSecond_IT  stm32f1xx_hal_rtc_ex.o
    0x08002526   0x08002526   0x00000002   PAD
    0x08002528   0x08002528   0x000000c0   Code   RO         2606    i.HAL_RTC_Init      stm32f1xx_hal_rtc.o
    0x080025e8   0x080025e8   0x00000050   Code   RO         1234    i.HAL_RTC_MspInit   stm32f1xx_hal_msp.o
    0x08002638   0x08002638   0x00000040   Code   RO         2614    i.HAL_RTC_WaitForSynchro  stm32f1xx_hal_rtc.o
    0x08002678   0x08002678   0x00000034   Code   RO         2083    i.HAL_SYSTICK_Config  stm32f1xx_hal_cortex.o
    0x080026ac   0x080026ac   0x00000088   Code   RO         1074    i.MX_ADC1_Init      main.o
    0x08002734   0x08002734   0x00000034   Code   RO         1075    i.MX_DMA_Init       main.o
    0x08002768   0x08002768   0x00000150   Code   RO         1076    i.MX_GPIO_Init      main.o
    0x080028b8   0x080028b8   0x00000030   Code   RO         1077    i.MX_RTC_Init       main.o
    0x080028e8   0x080028e8   0x00000004   Code   RO         1144    i.MemManage_Handler  stm32f1xx_it.o
    0x080028ec   0x080028ec   0x00000004   Code   RO         1145    i.NMI_Handler       stm32f1xx_it.o
    0x080028f0   0x080028f0   0x00000028   Code   RO         1778    i.RCC_Delay         stm32f1xx_hal_rcc.o
    0x08002918   0x08002918   0x0000003a   Code   RO         2618    i.RTC_EnterInitMode  stm32f1xx_hal_rtc.o
    0x08002952   0x08002952   0x0000003a   Code   RO         2619    i.RTC_ExitInitMode  stm32f1xx_hal_rtc.o
    0x0800298c   0x0800298c   0x00000010   Code   RO         1146    i.RTC_IRQHandler    stm32f1xx_it.o
    0x0800299c   0x0800299c   0x00000034   Code   RO           25    i.StrnCopy          button.o
    0x080029d0   0x080029d0   0x00000010   Code   RO         3016    i.SysTick_Handler   board.o
    0x080029e0   0x080029e0   0x0000007a   Code   RO         1078    i.SystemClock_Config  main.o
    0x08002a5a   0x08002a5a   0x00000002   PAD
    0x08002a5c   0x08002a5c   0x000000a4   Code   RO         2875    i.SystemCoreClockUpdate  system_stm32f1xx.o
    0x08002b00   0x08002b00   0x00000002   Code   RO         2876    i.SystemInit        system_stm32f1xx.o
    0x08002b02   0x08002b02   0x00000004   Code   RO         1147    i.UsageFault_Handler  stm32f1xx_it.o
    0x08002b06   0x08002b06   0x00000002   PAD
    0x08002b08   0x08002b08   0x00000010   Code   RO         2085    i.__NVIC_GetPriorityGrouping  stm32f1xx_hal_cortex.o
    0x08002b18   0x08002b18   0x00000028   Code   RO         2086    i.__NVIC_SetPriority  stm32f1xx_hal_cortex.o
    0x08002b40   0x08002b40   0x0000004c   Code   RO         3363    i.__rt_ffs          kservice.o
    0x08002b8c   0x08002b8c   0x00000014   Code   RO         3214    i._ipc_list_resume  ipc.o
    0x08002ba0   0x08002ba0   0x0000006e   Code   RO         3216    i._ipc_list_suspend  ipc.o
    0x08002c0e   0x08002c0e   0x00000010   Code   RO         3217    i._ipc_object_init  ipc.o
    0x08002c1e   0x08002c1e   0x00000002   PAD
    0x08002c20   0x08002c20   0x00000028   Code   RO         3596    i._scheduler_get_highest_priority_thread  scheduler.o
    0x08002c48   0x08002c48   0x00000034   Code   RO         3675    i._thread_exit      thread.o
    0x08002c7c   0x08002c7c   0x00000080   Code   RO         3676    i._thread_init      thread.o
    0x08002cfc   0x08002cfc   0x0000002c   Code   RO         3677    i._thread_timeout   thread.o
    0x08002d28   0x08002d28   0x00000042   Code   RO         3783    i._timer_init       timer.o
    0x08002d6a   0x08002d6a   0x00000038   Code   RO         3784    i._timer_list_next_timeout  timer.o
    0x08002da2   0x08002da2   0x0000001c   Code   RO         3785    i._timer_remove     timer.o
    0x08002dbe   0x08002dbe   0x00000002   PAD
    0x08002dc0   0x08002dc0   0x00000048   Code   RO         3786    i._timer_thread_entry  timer.o
    0x08002e08   0x08002e08   0x00000098   Code   RO          645    i.adc_average_voltage_get  pwr.o
    0x08002ea0   0x08002ea0   0x00000020   Code   RO          646    i.adc_value_handle  pwr.o
    0x08002ec0   0x08002ec0   0x000000d0   Code   RO          647    i.adc_voltage_filter  pwr.o
    0x08002f90   0x08002f90   0x0000005c   Code   RO          648    i.battery_percent_get  pwr.o
    0x08002fec   0x08002fec   0x00000024   Code   RO          771    i.beep_ctrl         beep.o
    0x08003010   0x08003010   0x00000024   Code   RO          772    i.beep_entry        beep.o
    0x08003034   0x08003034   0x000000ac   Code   RO          773    i.beep_init         beep.o
    0x080030e0   0x080030e0   0x0000003c   Code   RO          774    i.beep_msg_handler  beep.o
    0x0800311c   0x0800311c   0x00000014   Code   RO          775    i.beep_send         beep.o
    0x08003130   0x08003130   0x00000028   Code   RO          776    i.beep_timer_callback  beep.o
    0x08003158   0x08003158   0x0000000c   Code   RO          777    i.beep_wait_timer_callback  beep.o
    0x08003164   0x08003164   0x00000144   Code   RO           26    i.button_entry      button.o
    0x080032a8   0x080032a8   0x00000014   Code   RO          388    i.ht1621_clear      screen.o
    0x080032bc   0x080032bc   0x00000080   Code   RO          389    i.ht1621_display_number  screen.o
    0x0800333c   0x0800333c   0x00000036   Code   RO          390    i.ht1621_display_p  screen.o
    0x08003372   0x08003372   0x00000002   PAD
    0x08003374   0x08003374   0x00000054   Code   RO          391    i.ht1621_display_symbol  screen.o
    0x080033c8   0x080033c8   0x00000030   Code   RO          392    i.ht1621_set_pixel  screen.o
    0x080033f8   0x080033f8   0x0000001c   Code   RO          393    i.ht1621_updata     screen.o
    0x08003414   0x08003414   0x00000044   Code   RO          394    i.ht1621_write_bit  screen.o
    0x08003458   0x08003458   0x0000005c   Code   RO          395    i.ht1621_write_bit_h  screen.o
    0x080034b4   0x080034b4   0x0000005c   Code   RO          396    i.ht1621_write_bit_l  screen.o
    0x08003510   0x08003510   0x00000060   Code   RO          397    i.ht1621_write_cmd  screen.o
    0x08003570   0x08003570   0x0000004c   Code   RO          398    i.ht1621b_close     screen.o
    0x080035bc   0x080035bc   0x00000058   Code   RO          399    i.ht1621b_init      screen.o
    0x08003614   0x08003614   0x00000068   Code   RO          400    i.ht1621b_write_data  screen.o
    0x0800367c   0x0800367c   0x00000044   Code   RO           27    i.key_back_down_callback  button.o
    0x080036c0   0x080036c0   0x00000010   Code   RO           28    i.key_back_level    button.o
    0x080036d0   0x080036d0   0x0000005c   Code   RO           29    i.key_ctrl_data     button.o
    0x0800372c   0x0800372c   0x0000000c   Code   RO           30    i.key_down_contin_callback  button.o
    0x08003738   0x08003738   0x0000000c   Code   RO           31    i.key_down_down_callback  button.o
    0x08003744   0x08003744   0x00000010   Code   RO           32    i.key_down_read_level  button.o
    0x08003754   0x08003754   0x00000010   Code   RO           33    i.key_entry_read_level  button.o
    0x08003764   0x08003764   0x00000030   Code   RO           34    i.key_manual_down_callback  button.o
    0x08003794   0x08003794   0x00000014   Code   RO           35    i.key_manual_read_level  button.o
    0x080037a8   0x080037a8   0x00000044   Code   RO           36    i.key_ok_down_entry_callback  button.o
    0x080037ec   0x080037ec   0x00000030   Code   RO           37    i.key_ok_entry_long_callback  button.o
    0x0800381c   0x0800381c   0x0000003c   Code   RO           38    i.key_setting_page_main_valve_handle  button.o
    0x08003858   0x08003858   0x0000003c   Code   RO           39    i.key_setting_page_rever_bar_diff_handle  button.o
    0x08003894   0x08003894   0x000000b0   Code   RO           40    i.key_setting_page_rever_period_handle  button.o
    0x08003944   0x08003944   0x000000a4   Code   RO           41    i.key_setting_page_rever_time_handle  button.o
    0x080039e8   0x080039e8   0x0000003c   Code   RO           42    i.key_setting_page_station_interval_handle  button.o
    0x08003a24   0x08003a24   0x0000003c   Code   RO           43    i.key_setting_page_station_num_handle  button.o
    0x08003a60   0x08003a60   0x0000000c   Code   RO           44    i.key_up_down_callback  button.o
    0x08003a6c   0x08003a6c   0x0000000c   Code   RO           45    i.key_up_down_contin_callback  button.o
    0x08003a78   0x08003a78   0x00000010   Code   RO           46    i.key_up_read_level  button.o
    0x08003a88   0x08003a88   0x0000000a   Code   RO           47    i.key_wake_up_handle  button.o
    0x08003a92   0x08003a92   0x0000001e   Code   RO         1079    i.main              main.o
    0x08003ab0   0x08003ab0   0x0000000e   Code   RO         3082    i.main_thread_entry  components.o
    0x08003abe   0x08003abe   0x0000000e   Code   RO          900    i.motor1_timer_callback  motor.o
    0x08003acc   0x08003acc   0x0000000e   Code   RO          901    i.motor2_timer_callback  motor.o
    0x08003ada   0x08003ada   0x0000000e   Code   RO          902    i.motor3_timer_callback  motor.o
    0x08003ae8   0x08003ae8   0x0000000e   Code   RO          903    i.motor4_timer_callback  motor.o
    0x08003af6   0x08003af6   0x0000000e   Code   RO          904    i.motor5_timer_callback  motor.o
    0x08003b04   0x08003b04   0x0000000e   Code   RO          905    i.motor6_timer_callback  motor.o
    0x08003b12   0x08003b12   0x00000002   PAD
    0x08003b14   0x08003b14   0x00000078   Code   RO          906    i.motor_ctrl        motor.o
    0x08003b8c   0x08003b8c   0x00000128   Code   RO          907    i.motor_entry       motor.o
    0x08003cb4   0x08003cb4   0x000000aa   Code   RO          908    i.motor_hard_ctrl   motor.o
    0x08003d5e   0x08003d5e   0x00000014   Code   RO          909    i.motor_hard_info_back_register  motor.o
    0x08003d72   0x08003d72   0x00000014   Code   RO          910    i.motor_hard_info_forward_register  motor.o
    0x08003d86   0x08003d86   0x00000002   PAD
    0x08003d88   0x08003d88   0x00000170   Code   RO          911    i.motor_init        motor.o
    0x08003ef8   0x08003ef8   0x00000028   Code   RO          649    i.motor_power_ctrl  pwr.o
    0x08003f20   0x08003f20   0x0000002c   Code   RO          912    i.motor_send_msg    motor.o
    0x08003f4c   0x08003f4c   0x00000068   Code   RO          913    i.motor_timer_start  motor.o
    0x08003fb4   0x08003fb4   0x00000090   Code   RO          651    i.power_intit       pwr.o
    0x08004044   0x08004044   0x00000098   Code   RO          652    i.pressure_get      pwr.o
    0x080040dc   0x080040dc   0x00000198   Code   RO         3365    i.print_number      kservice.o
    0x08004274   0x08004274   0x0000003c   Code   RO         1007    i.process_handle    work.o
    0x080042b0   0x080042b0   0x00000020   Code   RO         1008    i.process_init      work.o
    0x080042d0   0x080042d0   0x00000080   Code   RO         1009    i.process_revering  work.o
    0x08004350   0x08004350   0x00000040   Code   RO         1010    i.process_stadying  work.o
    0x08004390   0x08004390   0x00000028   Code   RO         1011    i.process_station_interval  work.o
    0x080043b8   0x080043b8   0x00000024   Code   RO         1012    i.process_stop      work.o
    0x080043dc   0x080043dc   0x00000044   Code   RO         1013    i.process_switch    work.o
    0x08004420   0x08004420   0x0000004c   Code   RO          653    i.pwr_entry         pwr.o
    0x0800446c   0x0800446c   0x00000014   Code   RO          654    i.pwr_msg_send      pwr.o
    0x08004480   0x08004480   0x00000020   Code   RO          655    i.pwr_sleep         pwr.o
    0x080044a0   0x080044a0   0x0000007c   Code   RO          656    i.pwr_sleep_SystemClock_Config  pwr.o
    0x0800451c   0x0800451c   0x0000000c   Code   RO          657    i.pwr_timer_callback  pwr.o
    0x08004528   0x08004528   0x00000030   Code   RO          658    i.pwr_wake_up       pwr.o
    0x08004558   0x08004558   0x0000007a   Code   RO          659    i.pwr_wake_up_SystemClock_Config  pwr.o
    0x080045d2   0x080045d2   0x00000002   PAD
    0x080045d4   0x080045d4   0x00000040   Code   RO         3083    i.rt_application_init  components.o
    0x08004614   0x08004614   0x0000001c   Code   RO         3084    i.rt_components_board_init  components.o
    0x08004630   0x08004630   0x0000001c   Code   RO         3085    i.rt_components_init  components.o
    0x0800464c   0x0800464c   0x00000030   Code   RO         3156    i.rt_defunct_execute  idle.o
    0x0800467c   0x0800467c   0x00000020   Code   RO         3598    i.rt_enter_critical  scheduler.o
    0x0800469c   0x0800469c   0x00000044   Code   RO         3599    i.rt_exit_critical  scheduler.o
    0x080046e0   0x080046e0   0x00000026   Code   RO         3017    i.rt_hw_board_init  board.o
    0x08004706   0x08004706   0x00000002   PAD
    0x08004708   0x08004708   0x00000024   Code   RO         2977    i.rt_hw_hard_fault_exception  cpuport.o
    0x0800472c   0x0800472c   0x0000004c   Code   RO         2978    i.rt_hw_stack_init  cpuport.o
    0x08004778   0x08004778   0x00000002   Code   RO          401    i.rt_hw_us_delay    screen.o
    0x0800477a   0x0800477a   0x00000002   PAD
    0x0800477c   0x0800477c   0x00000020   Code   RO         3336    i.rt_interrupt_enter  irq.o
    0x0800479c   0x0800479c   0x00000020   Code   RO         3338    i.rt_interrupt_leave  irq.o
    0x080047bc   0x080047bc   0x00000006   Code   RO         3218    i.rt_list_init      ipc.o
    0x080047c2   0x080047c2   0x00000006   Code   RO         3787    i.rt_list_init      timer.o
    0x080047c8   0x080047c8   0x0000000e   Code   RO         3788    i.rt_list_insert_after  timer.o
    0x080047d6   0x080047d6   0x0000000e   Code   RO         3219    i.rt_list_insert_before  ipc.o
    0x080047e4   0x080047e4   0x00000010   Code   RO         3220    i.rt_list_isempty   ipc.o
    0x080047f4   0x080047f4   0x00000010   Code   RO         3789    i.rt_list_isempty   timer.o
    0x08004804   0x08004804   0x00000012   Code   RO         3678    i.rt_list_remove    thread.o
    0x08004816   0x08004816   0x00000012   Code   RO         3790    i.rt_list_remove    timer.o
    0x08004828   0x08004828   0x0000007c   Code   RO         3369    i.rt_memcpy         kservice.o
    0x080048a4   0x080048a4   0x00000048   Code   RO         3371    i.rt_memset         kservice.o
    0x080048ec   0x080048ec   0x00000072   Code   RO         3223    i.rt_mq_init        ipc.o
    0x0800495e   0x0800495e   0x00000122   Code   RO         3224    i.rt_mq_recv        ipc.o
    0x08004a80   0x08004a80   0x00000016   Code   RO         3225    i.rt_mq_send        ipc.o
    0x08004a96   0x08004a96   0x0000012c   Code   RO         3226    i.rt_mq_send_wait   ipc.o
    0x08004bc2   0x08004bc2   0x0000002c   Code   RO         3540    i.rt_object_detach  object.o
    0x08004bee   0x08004bee   0x00000002   PAD
    0x08004bf0   0x08004bf0   0x00000028   Code   RO         3542    i.rt_object_get_information  object.o
    0x08004c18   0x08004c18   0x00000060   Code   RO         3546    i.rt_object_init    object.o
    0x08004c78   0x08004c78   0x00000012   Code   RO         3547    i.rt_object_is_systemobject  object.o
    0x08004c8a   0x08004c8a   0x00000002   PAD
    0x08004c8c   0x08004c8c   0x0000011c   Code   RO         3600    i.rt_schedule       scheduler.o
    0x08004da8   0x08004da8   0x0000009c   Code   RO         3601    i.rt_schedule_insert_thread  scheduler.o
    0x08004e44   0x08004e44   0x00000054   Code   RO         3602    i.rt_schedule_remove_thread  scheduler.o
    0x08004e98   0x08004e98   0x00000002   Code   RO         3373    i.rt_show_version   kservice.o
    0x08004e9a   0x08004e9a   0x00000002   PAD
    0x08004e9c   0x08004e9c   0x000000bc   Code   RO         3791    i.rt_soft_timer_check  timer.o
    0x08004f58   0x08004f58   0x00000022   Code   RO         3375    i.rt_sprintf        kservice.o
    0x08004f7a   0x08004f7a   0x00000034   Code   RO         3382    i.rt_strncpy        kservice.o
    0x08004fae   0x08004fae   0x00000002   PAD
    0x08004fb0   0x08004fb0   0x00000034   Code   RO         3603    i.rt_system_scheduler_init  scheduler.o
    0x08004fe4   0x08004fe4   0x00000028   Code   RO         3604    i.rt_system_scheduler_start  scheduler.o
    0x0800500c   0x0800500c   0x0000001c   Code   RO         3792    i.rt_system_timer_init  timer.o
    0x08005028   0x08005028   0x00000054   Code   RO         3793    i.rt_system_timer_thread_init  timer.o
    0x0800507c   0x0800507c   0x0000003c   Code   RO         3157    i.rt_thread_defunct_dequeue  idle.o
    0x080050b8   0x080050b8   0x0000001c   Code   RO         3158    i.rt_thread_defunct_enqueue  idle.o
    0x080050d4   0x080050d4   0x0000000c   Code   RO         3680    i.rt_thread_delay   thread.o
    0x080050e0   0x080050e0   0x00000024   Code   RO         3160    i.rt_thread_idle_entry  idle.o
    0x08005104   0x08005104   0x00000068   Code   RO         3162    i.rt_thread_idle_init  idle.o
    0x0800516c   0x0800516c   0x00000034   Code   RO         3684    i.rt_thread_init    thread.o
    0x080051a0   0x080051a0   0x00000014   Code   RO         3685    i.rt_thread_mdelay  thread.o
    0x080051b4   0x080051b4   0x0000003c   Code   RO         3686    i.rt_thread_resume  thread.o
    0x080051f0   0x080051f0   0x0000000c   Code   RO         3687    i.rt_thread_self    thread.o
    0x080051fc   0x080051fc   0x00000044   Code   RO         3688    i.rt_thread_sleep   thread.o
    0x08005240   0x08005240   0x00000028   Code   RO         3689    i.rt_thread_startup  thread.o
    0x08005268   0x08005268   0x00000048   Code   RO         3690    i.rt_thread_suspend  thread.o
    0x080052b0   0x080052b0   0x00000038   Code   RO         3043    i.rt_tick_from_millisecond  clock.o
    0x080052e8   0x080052e8   0x0000000c   Code   RO         3044    i.rt_tick_get       clock.o
    0x080052f4   0x080052f4   0x00000050   Code   RO         3046    i.rt_tick_increase  clock.o
    0x08005344   0x08005344   0x000000a4   Code   RO         3794    i.rt_timer_check    timer.o
    0x080053e8   0x080053e8   0x00000068   Code   RO         3795    i.rt_timer_control  timer.o
    0x08005450   0x08005450   0x00000028   Code   RO         3796    i.rt_timer_detach   timer.o
    0x08005478   0x08005478   0x0000002e   Code   RO         3797    i.rt_timer_init     timer.o
    0x080054a6   0x080054a6   0x00000002   PAD
    0x080054a8   0x080054a8   0x00000138   Code   RO         3799    i.rt_timer_start    timer.o
    0x080055e0   0x080055e0   0x00000030   Code   RO         3800    i.rt_timer_stop     timer.o
    0x08005610   0x08005610   0x00000340   Code   RO         3385    i.rt_vsnprintf      kservice.o
    0x08005950   0x08005950   0x00000016   Code   RO         3386    i.rt_vsprintf       kservice.o
    0x08005966   0x08005966   0x00000004   Code   RO         3086    i.rti_board_end     components.o
    0x0800596a   0x0800596a   0x00000004   Code   RO         3087    i.rti_board_start   components.o
    0x0800596e   0x0800596e   0x00000004   Code   RO         3088    i.rti_end           components.o
    0x08005972   0x08005972   0x00000004   Code   RO         3089    i.rti_start         components.o
    0x08005976   0x08005976   0x0000002a   Code   RO         3090    i.rtthread_startup  components.o
    0x080059a0   0x080059a0   0x00000044   Code   RO          839    i.save_entry        save.o
    0x080059e4   0x080059e4   0x00000068   Code   RO          840    i.save_init         save.o
    0x08005a4c   0x08005a4c   0x000000e0   Code   RO          841    i.save_read_all_data_from_flash  save.o
    0x08005b2c   0x08005b2c   0x00000020   Code   RO          842    i.save_send_msg     save.o
    0x08005b4c   0x08005b4c   0x000001b8   Code   RO          843    i.save_write_data_to_flash  save.o
    0x08005d04   0x08005d04   0x00000064   Code   RO          402    i.screen_display_battery  screen.o
    0x08005d68   0x08005d68   0x00000044   Code   RO          403    i.screen_display_main_page_station_interval  screen.o
    0x08005dac   0x08005dac   0x000000cc   Code   RO          404    i.screen_display_main_reversing  screen.o
    0x08005e78   0x08005e78   0x00000044   Code   RO          405    i.screen_display_main_setting  screen.o
    0x08005ebc   0x08005ebc   0x00000038   Code   RO          406    i.screen_display_main_setviewer  screen.o
    0x08005ef4   0x08005ef4   0x00000030   Code   RO          407    i.screen_display_real_bardiff_num  screen.o
    0x08005f24   0x08005f24   0x00000058   Code   RO          408    i.screen_display_realtime  screen.o
    0x08005f7c   0x08005f7c   0x00000064   Code   RO          409    i.screen_display_reverse_num  screen.o
    0x08005fe0   0x08005fe0   0x0000003c   Code   RO          410    i.screen_display_setting_main_valve  screen.o
    0x0800601c   0x0800601c   0x00000054   Code   RO          411    i.screen_display_setting_rever_bar_diff  screen.o
    0x08006070   0x08006070   0x0000007c   Code   RO          412    i.screen_display_setting_rever_period  screen.o
    0x080060ec   0x080060ec   0x00000074   Code   RO          413    i.screen_display_setting_rever_time  screen.o
    0x08006160   0x08006160   0x00000044   Code   RO          414    i.screen_display_setting_station_interval  screen.o
    0x080061a4   0x080061a4   0x0000003c   Code   RO          415    i.screen_display_setting_station_num  screen.o
    0x080061e0   0x080061e0   0x00000050   Code   RO          416    i.screen_display_state_real_bar_diff  screen.o
    0x08006230   0x08006230   0x0000007c   Code   RO          417    i.screen_display_state_reverse_Period  screen.o
    0x080062ac   0x080062ac   0x00000012   Code   RO          418    i.screen_display_time_symbol  screen.o
    0x080062be   0x080062be   0x00000002   PAD
    0x080062c0   0x080062c0   0x0000003c   Code   RO          419    i.screen_entry      screen.o
    0x080062fc   0x080062fc   0x00000040   Code   RO          420    i.screen_init       screen.o
    0x0800633c   0x0800633c   0x00000014   Code   RO          421    i.screen_main_page_switch  screen.o
    0x08006350   0x08006350   0x00000028   Code   RO          660    i.screen_power_ctrl  pwr.o
    0x08006378   0x08006378   0x00000024   Code   RO          423    i.screen_seting_page_switch  screen.o
    0x0800639c   0x0800639c   0x00000010   Code   RO          424    i.screen_setviewer_know  screen.o
    0x080063ac   0x080063ac   0x00000024   Code   RO          425    i.screen_setviewer_page_switch  screen.o
    0x080063d0   0x080063d0   0x0000002c   Code   RO          426    i.screen_setviewer_real_bar_diff  screen.o
    0x080063fc   0x080063fc   0x00000020   Code   RO          427    i.screen_setviewer_rever_time_bar_diff  screen.o
    0x0800641c   0x0800641c   0x00000028   Code   RO          428    i.screen_setviewer_rever_time_period  screen.o
    0x08006444   0x08006444   0x00000026   Code   RO         3387    i.skip_atoi         kservice.o
    0x0800646a   0x0800646a   0x00000002   PAD
    0x0800646c   0x0800646c   0x00000040   Code   RO          844    i.write_all_default_data_to_flash  save.o
    0x080064ac   0x080064ac   0x00000062   Code   RO         3909    x$fpl$d2f           fz_ws.l(d2f.o)
    0x0800650e   0x0800650e   0x00000002   PAD
    0x08006510   0x08006510   0x00000150   Code   RO         3911    x$fpl$dadd          fz_ws.l(daddsub_clz.o)
    0x08006660   0x08006660   0x00000018   Code   RO         3962    x$fpl$dcmpinf       fz_ws.l(dcmpi.o)
    0x08006678   0x08006678   0x000002b0   Code   RO         3918    x$fpl$ddiv          fz_ws.l(ddiv.o)
    0x08006928   0x08006928   0x0000005a   Code   RO         3921    x$fpl$dfixu         fz_ws.l(dfixu.o)
    0x08006982   0x08006982   0x00000026   Code   RO         3925    x$fpl$dfltu         fz_ws.l(dflt_clz.o)
    0x080069a8   0x080069a8   0x00000078   Code   RO         3931    x$fpl$dleqf         fz_ws.l(dleqf.o)
    0x08006a20   0x08006a20   0x00000154   Code   RO         3933    x$fpl$dmul          fz_ws.l(dmul.o)
    0x08006b74   0x08006b74   0x0000009c   Code   RO         3964    x$fpl$dnaninf       fz_ws.l(dnaninf.o)
    0x08006c10   0x08006c10   0x0000000c   Code   RO         3966    x$fpl$dretinf       fz_ws.l(dretinf.o)
    0x08006c1c   0x08006c1c   0x000001d4   Code   RO         3913    x$fpl$dsub          fz_ws.l(daddsub_clz.o)
    0x08006df0   0x08006df0   0x00000056   Code   RO         3935    x$fpl$f2d           fz_ws.l(f2d.o)
    0x08006e46   0x08006e46   0x00000002   PAD
    0x08006e48   0x08006e48   0x00000184   Code   RO         3938    x$fpl$fdiv          fz_ws.l(fdiv.o)
    0x08006fcc   0x08006fcc   0x0000003e   Code   RO         3941    x$fpl$ffixu         fz_ws.l(ffixu.o)
    0x0800700a   0x0800700a   0x00000002   PAD
    0x0800700c   0x0800700c   0x00000026   Code   RO         3945    x$fpl$ffltu         fz_ws.l(fflt_clz.o)
    0x08007032   0x08007032   0x00000002   PAD
    0x08007034   0x08007034   0x00000102   Code   RO         3951    x$fpl$fmul          fz_ws.l(fmul.o)
    0x08007136   0x08007136   0x0000008c   Code   RO         3968    x$fpl$fnaninf       fz_ws.l(fnaninf.o)
    0x080071c2   0x080071c2   0x0000000a   Code   RO         3970    x$fpl$fretinf       fz_ws.l(fretinf.o)
    0x080071cc   0x080071cc   0x00000000   Code   RO         3972    x$fpl$usenofp       fz_ws.l(usenofp.o)
    0x080071cc   0x080071cc   0x0000000b   Data   RO          430    .constdata          screen.o
    0x080071d7   0x080071d7   0x00000012   Data   RO         1779    .constdata          stm32f1xx_hal_rcc.o
    0x080071e9   0x080071e9   0x00000012   Data   RO         1875    .constdata          stm32f1xx_hal_rcc_ex.o
    0x080071fb   0x080071fb   0x00000018   Data   RO         2877    .constdata          system_stm32f1xx.o
    0x08007213   0x08007213   0x00000122   Data   RO         3388    .constdata          kservice.o
    0x08007335   0x08007335   0x00000003   PAD
    0x08007338   0x08007338   0x00000004   Data   RO         3092    .rti_fn.0           components.o
    0x0800733c   0x0800733c   0x00000004   Data   RO         3093    .rti_fn.0.end       components.o
    0x08007340   0x08007340   0x00000004   Data   RO         3094    .rti_fn.1.end       components.o
    0x08007344   0x08007344   0x00000004   Data   RO           50    .rti_fn.6           button.o
    0x08007348   0x08007348   0x00000004   Data   RO          432    .rti_fn.6           screen.o
    0x0800734c   0x0800734c   0x00000004   Data   RO          663    .rti_fn.6           pwr.o
    0x08007350   0x08007350   0x00000004   Data   RO          780    .rti_fn.6           beep.o
    0x08007354   0x08007354   0x00000004   Data   RO          846    .rti_fn.6           save.o
    0x08007358   0x08007358   0x00000004   Data   RO          916    .rti_fn.6           motor.o
    0x0800735c   0x0800735c   0x00000004   Data   RO         3095    .rti_fn.6.end       components.o
    0x08007360   0x08007360   0x00000020   Data   RO         4127    Region$$Table       anon$$obj.o


    Execution Region RW_IRAM1 (Exec base: 0x20000000, Load base: 0x08007380, Size: 0x00002798, Max: 0x0000c000, ABSOLUTE)

    Exec Addr    Load Addr    Size         Type   Attr      Idx    E Section Name        Object

    0x20000000   0x08007380   0x0000000c   Data   RW           49    .data               button.o
    0x2000000c   0x0800738c   0x00000062   Data   RW          431    .data               screen.o
    0x2000006e   0x080073ee   0x00000001   Data   RW          662    .data               pwr.o
    0x2000006f   0x080073ef   0x00000001   Data   RW          779    .data               beep.o
    0x20000070   0x080073f0   0x00000002   Data   RW          915    .data               motor.o
    0x20000072   0x080073f2   0x00000002   PAD
    0x20000074   0x080073f4   0x00000009   Data   RW         1615    .data               stm32f1xx_hal.o
    0x2000007d   0x080073fd   0x00000003   PAD
    0x20000080   0x08007400   0x00000004   Data   RW         2878    .data               system_stm32f1xx.o
    0x20000084   0x08007404   0x00000010   Data   RW         2979    .data               cpuport.o
    0x20000094   0x08007414   0x00000004   Data   RW         3048    .data               clock.o
    0x20000098   0x08007418   0x00000008   Data   RW         3165    .data               idle.o
    0x200000a0   0x08007420   0x00000001   Data   RW         3339    .data               irq.o
    0x200000a1   0x08007421   0x00000003   PAD
    0x200000a4   0x08007424   0x00000040   Data   RW         3548    .data               object.o
    0x200000e4   0x08007464   0x0000000d   Data   RW         3606    .data               scheduler.o
    0x200000f1   0x08007471   0x00000003   PAD
    0x200000f4   0x08007474   0x00000018   Data   RW         3802    .data               timer.o
    0x2000010c        -       0x000003b8   Zero   RW           48    .bss                button.o
    0x200004c4        -       0x000004c4   Zero   RW          429    .bss                screen.o
    0x20000988        -       0x00000390   Zero   RW          661    .bss                pwr.o
    0x20000d18        -       0x0000019c   Zero   RW          778    .bss                beep.o
    0x20000eb4        -       0x00000200   Zero   RW          845    .bss                save.o
    0x200010b4        -       0x00000640   Zero   RW          914    .bss                motor.o
    0x200016f4        -       0x00000020   Zero   RW         1014    .bss                work.o
    0x20001714        -       0x00000088   Zero   RW         1080    .bss                main.o
    0x2000179c   0x0800748c   0x00000004   PAD
    0x200017a0        -       0x00000020   Zero   RW         2331    .bss                stm32f1xx_hal_flash.o
    0x200017c0        -       0x00000478   Zero   RW         3091    .bss                components.o
    0x20001c38        -       0x00000188   Zero   RW         3164    .bss                idle.o
    0x20001dc0        -       0x00000100   Zero   RW         3605    .bss                scheduler.o
    0x20001ec0        -       0x00000278   Zero   RW         3801    .bss                timer.o
    0x20002138        -       0x00000060   Zero   RW         3974    .bss                c_w.l(libspace.o)
    0x20002198        -       0x00000200   Zero   RW            2    HEAP                startup_stm32f103xe.o
    0x20002398        -       0x00000400   Zero   RW            1    STACK               startup_stm32f103xe.o


==============================================================================

Image component sizes


      Code (inc. data)   RO Data    RW Data    ZI Data      Debug   Object Name

       376        106          4          1        412       4344   beep.o
        54          0          0          0          0       1145   board.o
      2074        258          4         12        952     510701   button.o
       148         12          0          4          0       2384   clock.o
       202         36         16          0       1144       6384   components.o
       252         28          0          0          0        840   context_rvds.o
       112         10          0         16          0       3382   cpuport.o
       276         36          0          8        392       6930   idle.o
       908          0          0          0          0      10661   ipc.o
        64         12          0          1          0       1894   irq.o
      1660         22        290          0          0      10286   kservice.o
       730         44          0          0        136       4117   main.o
      1226        302          4          2       1600       8977   motor.o
       198          4          0         64          0       4376   object.o
      1296        168          4          1        912      10487   pwr.o
       932         82          4          0        512       5286   save.o
       756         84          0         13        256       9620   scheduler.o
      2794        228         15         98       1220      23921   screen.o
        64         26        304          0       1536        788   startup_stm32f103xe.o
       128         24          0          9          0       5267   stm32f1xx_hal.o
      1454         58          0          0          0       7563   stm32f1xx_hal_adc.o
       284          6          0          0          0       1418   stm32f1xx_hal_adc_ex.o
       304         22          0          0          0      29247   stm32f1xx_hal_cortex.o
      1260         18          0          0          0       3659   stm32f1xx_hal_dma.o
       520         48          0          0         32       4002   stm32f1xx_hal_flash.o
       256         26          0          0          0       2459   stm32f1xx_hal_flash_ex.o
       888         44          0          0          0       3818   stm32f1xx_hal_gpio.o
       384         44          0          0          0       2162   stm32f1xx_hal_msp.o
        44          8          0          0          0       1072   stm32f1xx_hal_pwr.o
      1716         88         18          0          0       5257   stm32f1xx_hal_rcc.o
       584         34         18          0          0       2325   stm32f1xx_hal_rcc_ex.o
       372          4          0          0          0       3168   stm32f1xx_hal_rtc.o
       138          0          0          0          0       2137   stm32f1xx_hal_rtc_ex.o
       114         18          0          0          0       5557   stm32f1xx_it.o
       166         22         24          4          0       1639   system_stm32f1xx.o
       578         14          0          0          0      10616   thread.o
      1290         74          0         24        632      14938   timer.o
       428         68          0          0         32       4020   work.o

    ----------------------------------------------------------------------
     25074       2078        740        268       9772     736847   Object Totals
         0          0         32          0          0          0   (incl. Generated)
        44          0          3         11          4          0   (incl. Padding)

    ----------------------------------------------------------------------

      Code (inc. data)   RO Data    RW Data    ZI Data      Debug   Library Member Name

         8          0          0          0          0         68   __main.o
         0          0          0          0          0          0   __rtentry.o
        12          0          0          0          0          0   __rtentry2.o
         6          0          0          0          0          0   __rtentry4.o
        52          8          0          0          0          0   __scatter.o
        26          0          0          0          0          0   __scatter_copy.o
        28          0          0          0          0          0   __scatter_zi.o
        18          0          0          0          0         80   exit.o
         6          0          0          0          0        152   heapauxi.o
         0          0          0          0          0          0   indicate_semi.o
         2          0          0          0          0          0   libinit.o
         2          0          0          0          0          0   libinit2.o
         2          0          0          0          0          0   libshutdown.o
         2          0          0          0          0          0   libshutdown2.o
         8          4          0          0         96         68   libspace.o
        38          0          0          0          0         68   llushr.o
        78          0          0          0          0         80   rt_memclr_w.o
         2          0          0          0          0          0   rtexit.o
        10          0          0          0          0          0   rtexit2.o
        12          4          0          0          0         68   sys_exit.o
        74          0          0          0          0         80   sys_stackheap_outer.o
         2          0          0          0          0         68   use_no_semi.o
        98          4          0          0          0         92   d2f.o
       804         16          0          0          0        272   daddsub_clz.o
        24          0          0          0          0         68   dcmpi.o
       688        140          0          0          0        208   ddiv.o
        90          4          0          0          0         92   dfixu.o
        38          0          0          0          0         68   dflt_clz.o
       120          4          0          0          0         92   dleqf.o
       340         12          0          0          0        104   dmul.o
       156          4          0          0          0         92   dnaninf.o
        12          0          0          0          0         68   dretinf.o
        86          4          0          0          0         84   f2d.o
       388         76          0          0          0         96   fdiv.o
        62          4          0          0          0         84   ffixu.o
        38          0          0          0          0         68   fflt_clz.o
       258          4          0          0          0         84   fmul.o
       140          4          0          0          0         84   fnaninf.o
        10          0          0          0          0         68   fretinf.o
         0          0          0          0          0          0   usenofp.o

    ----------------------------------------------------------------------
      3754        292          0          0         96       2456   Library Totals
        14          0          0          0          0          0   (incl. Padding)

    ----------------------------------------------------------------------

      Code (inc. data)   RO Data    RW Data    ZI Data      Debug   Library Name

       388         16          0          0         96        732   c_w.l
      3352        276          0          0          0       1724   fz_ws.l

    ----------------------------------------------------------------------
      3754        292          0          0         96       2456   Library Totals

    ----------------------------------------------------------------------

==============================================================================


      Code (inc. data)   RO Data    RW Data    ZI Data      Debug   

     28828       2370        740        268       9868     723595   Grand Totals
     28828       2370        740        268       9868     723595   ELF Image Totals
     28828       2370        740        268          0          0   ROM Totals

==============================================================================

    Total RO  Size (Code + RO Data)                29568 (  28.88kB)
    Total RW  Size (RW Data + ZI Data)             10136 (   9.90kB)
    Total ROM Size (Code + RO Data + RW Data)      29836 (  29.14kB)

==============================================================================

